Archive member included to satisfy reference by file (symbol)

C:/ST/STM32CubeIDE_2.0.0/STM32CubeIDE/plugins/com.st.stm32cube.ide.mcu.externaltools.gnu-tools-for-stm32.13.3.rel1.win32_1.0.100.202509120712/tools/bin/../lib/gcc/arm-none-eabi/13.3.1/../../../../arm-none-eabi/lib/thumb/v7e-m+fp/hard\libstdc++_nano.a(del_ops.o)
                              ./Core/Src/Utils.o (operator delete(void*, unsigned int))
C:/ST/STM32CubeIDE_2.0.0/STM32CubeIDE/plugins/com.st.stm32cube.ide.mcu.externaltools.gnu-tools-for-stm32.13.3.rel1.win32_1.0.100.202509120712/tools/bin/../lib/gcc/arm-none-eabi/13.3.1/../../../../arm-none-eabi/lib/thumb/v7e-m+fp/hard\libstdc++_nano.a(new_handler.o)
                              ./Core/Src/Serial.o (std::nothrow)
C:/ST/STM32CubeIDE_2.0.0/STM32CubeIDE/plugins/com.st.stm32cube.ide.mcu.externaltools.gnu-tools-for-stm32.13.3.rel1.win32_1.0.100.202509120712/tools/bin/../lib/gcc/arm-none-eabi/13.3.1/../../../../arm-none-eabi/lib/thumb/v7e-m+fp/hard\libstdc++_nano.a(new_opvnt.o)
                              ./Core/Src/Serial.o (operator new[](unsigned int, std::nothrow_t const&))
C:/ST/STM32CubeIDE_2.0.0/STM32CubeIDE/plugins/com.st.stm32cube.ide.mcu.externaltools.gnu-tools-for-stm32.13.3.rel1.win32_1.0.100.202509120712/tools/bin/../lib/gcc/arm-none-eabi/13.3.1/../../../../arm-none-eabi/lib/thumb/v7e-m+fp/hard\libstdc++_nano.a(del_op.o)
                              C:/ST/STM32CubeIDE_2.0.0/STM32CubeIDE/plugins/com.st.stm32cube.ide.mcu.externaltools.gnu-tools-for-stm32.13.3.rel1.win32_1.0.100.202509120712/tools/bin/../lib/gcc/arm-none-eabi/13.3.1/../../../../arm-none-eabi/lib/thumb/v7e-m+fp/hard\libstdc++_nano.a(del_ops.o) (operator delete(void*))
C:/ST/STM32CubeIDE_2.0.0/STM32CubeIDE/plugins/com.st.stm32cube.ide.mcu.externaltools.gnu-tools-for-stm32.13.3.rel1.win32_1.0.100.202509120712/tools/bin/../lib/gcc/arm-none-eabi/13.3.1/../../../../arm-none-eabi/lib/thumb/v7e-m+fp/hard\libstdc++_nano.a(new_opv.o)
                              C:/ST/STM32CubeIDE_2.0.0/STM32CubeIDE/plugins/com.st.stm32cube.ide.mcu.externaltools.gnu-tools-for-stm32.13.3.rel1.win32_1.0.100.202509120712/tools/bin/../lib/gcc/arm-none-eabi/13.3.1/../../../../arm-none-eabi/lib/thumb/v7e-m+fp/hard\libstdc++_nano.a(new_opvnt.o) (operator new[](unsigned int))
C:/ST/STM32CubeIDE_2.0.0/STM32CubeIDE/plugins/com.st.stm32cube.ide.mcu.externaltools.gnu-tools-for-stm32.13.3.rel1.win32_1.0.100.202509120712/tools/bin/../lib/gcc/arm-none-eabi/13.3.1/../../../../arm-none-eabi/lib/thumb/v7e-m+fp/hard\libstdc++_nano.a(new_op.o)
                              C:/ST/STM32CubeIDE_2.0.0/STM32CubeIDE/plugins/com.st.stm32cube.ide.mcu.externaltools.gnu-tools-for-stm32.13.3.rel1.win32_1.0.100.202509120712/tools/bin/../lib/gcc/arm-none-eabi/13.3.1/../../../../arm-none-eabi/lib/thumb/v7e-m+fp/hard\libstdc++_nano.a(new_opv.o) (operator new(unsigned int))
C:/ST/STM32CubeIDE_2.0.0/STM32CubeIDE/plugins/com.st.stm32cube.ide.mcu.externaltools.gnu-tools-for-stm32.13.3.rel1.win32_1.0.100.202509120712/tools/bin/../lib/gcc/arm-none-eabi/13.3.1/../../../../arm-none-eabi/lib/thumb/v7e-m+fp/hard\libc_nano.a(libc_a-abort.o)
                              C:/ST/STM32CubeIDE_2.0.0/STM32CubeIDE/plugins/com.st.stm32cube.ide.mcu.externaltools.gnu-tools-for-stm32.13.3.rel1.win32_1.0.100.202509120712/tools/bin/../lib/gcc/arm-none-eabi/13.3.1/../../../../arm-none-eabi/lib/thumb/v7e-m+fp/hard\libstdc++_nano.a(new_op.o) (abort)
C:/ST/STM32CubeIDE_2.0.0/STM32CubeIDE/plugins/com.st.stm32cube.ide.mcu.externaltools.gnu-tools-for-stm32.13.3.rel1.win32_1.0.100.202509120712/tools/bin/../lib/gcc/arm-none-eabi/13.3.1/../../../../arm-none-eabi/lib/thumb/v7e-m+fp/hard\libc_nano.a(libc_a-exit.o)
                              C:/ST/STM32CubeIDE_2.0.0/STM32CubeIDE/plugins/com.st.stm32cube.ide.mcu.externaltools.gnu-tools-for-stm32.13.3.rel1.win32_1.0.100.202509120712/tools/bin/../lib/gcc/arm-none-eabi/13.3.1/../../../../arm-none-eabi/lib/thumb/v7e-m+fp/hard/crt0.o (exit)
C:/ST/STM32CubeIDE_2.0.0/STM32CubeIDE/plugins/com.st.stm32cube.ide.mcu.externaltools.gnu-tools-for-stm32.13.3.rel1.win32_1.0.100.202509120712/tools/bin/../lib/gcc/arm-none-eabi/13.3.1/../../../../arm-none-eabi/lib/thumb/v7e-m+fp/hard\libc_nano.a(libc_a-malloc.o)
                              C:/ST/STM32CubeIDE_2.0.0/STM32CubeIDE/plugins/com.st.stm32cube.ide.mcu.externaltools.gnu-tools-for-stm32.13.3.rel1.win32_1.0.100.202509120712/tools/bin/../lib/gcc/arm-none-eabi/13.3.1/../../../../arm-none-eabi/lib/thumb/v7e-m+fp/hard\libstdc++_nano.a(new_op.o) (malloc)
C:/ST/STM32CubeIDE_2.0.0/STM32CubeIDE/plugins/com.st.stm32cube.ide.mcu.externaltools.gnu-tools-for-stm32.13.3.rel1.win32_1.0.100.202509120712/tools/bin/../lib/gcc/arm-none-eabi/13.3.1/../../../../arm-none-eabi/lib/thumb/v7e-m+fp/hard\libc_nano.a(libc_a-mallocr.o)
[...]
Memory Configuration

Name             Origin             Length             Attributes
RAM              0x20000000         0x00010000         xrw
RAM2             0x10000000         0x00004000         xrw
FLASH            0x08000000         0x00040000         xr
*default*        0x00000000         0xffffffff

Linker script and memory map

LOAD C:/ST/STM32CubeIDE_2.0.0/STM32CubeIDE/plugins/com.st.stm32cube.ide.mcu.externaltools.gnu-tools-for-stm32.13.3.rel1.win32_1.0.100.202509120712/tools/bin/../lib/gcc/arm-none-eabi/13.3.1/thumb/v7e-m+fp/hard/crti.o
LOAD C:/ST/STM32CubeIDE_2.0.0/STM32CubeIDE/plugins/com.st.stm32cube.ide.mcu.externaltools.gnu-tools-for-stm32.13.3.rel1.win32_1.0.100.202509120712/tools/bin/../lib/gcc/arm-none-eabi/13.3.1/thumb/v7e-m+fp/hard/crtbegin.o
LOAD C:/ST/STM32CubeIDE_2.0.0/STM32CubeIDE/plugins/com.st.stm32cube.ide.mcu.externaltools.gnu-tools-for-stm32.13.3.rel1.win32_1.0.100.202509120712/tools/bin/../lib/gcc/arm-none-eabi/13.3.1/../../../../arm-none-eabi/lib/thumb/v7e-m+fp/hard/crt0.o
LOAD ./Core/Src/CAN_bus.o
LOAD ./Core/Src/CmdLine.o
LOAD ./Core/Src/ForeverLoop.o
LOAD ./Core/Src/LevelCrossing.o
LOAD ./Core/Src/LinesideSignal.o
LOAD ./Core/Src/MechaniclaLock.o
LOAD ./Core/Src/MovingGate.o
LOAD ./Core/Src/Project.o
LOAD ./Core/Src/PulseAlarm.o
LOAD ./Core/Src/PushButton.o
LOAD ./Core/Src/Serial.o
LOAD ./Core/Src/Shift_Reg_SPI.o
LOAD ./Core/Src/SignalsMain.o
LOAD ./Core/Src/SingleInput.o
LOAD ./Core/Src/SingleOutput.o
LOAD ./Core/Src/SystemSetup.o
LOAD ./Core/Src/TurnoutPoints.o
LOAD ./Core/Src/Utils.o
LOAD ./Core/Src/main.o
LOAD ./Core/Src/microsecs.o
LOAD ./Core/Src/rtc.o
LOAD ./Core/Src/settings.o
LOAD ./Core/Src/stm32l4xx_hal_msp.o
LOAD ./Core/Src/stm32l4xx_it.o
LOAD ./Core/Src/syscalls.o
LOAD ./Core/Src/sysmem.o
LOAD ./Core/Src/system_stm32l4xx.o
LOAD ./Core/Startup/startup_stm32l432kcux.o
LOAD ./Drivers/STM32L4xx_HAL_Driver/Src/stm32l4xx_hal.o
LOAD ./Drivers/STM32L4xx_HAL_Driver/Src/stm32l4xx_hal_can.o
LOAD ./Drivers/STM32L4xx_HAL_Driver/Src/stm32l4xx_hal_cortex.o
LOAD ./Drivers/STM32L4xx_HAL_Driver/Src/stm32l4xx_hal_dma.o
LOAD ./Drivers/STM32L4xx_HAL_Driver/Src/stm32l4xx_hal_dma_ex.o
LOAD ./Drivers/STM32L4xx_HAL_Driver/Src/stm32l4xx_hal_exti.o
LOAD ./Drivers/STM32L4xx_HAL_Driver/Src/stm32l4xx_hal_flash.o
LOAD ./Drivers/STM32L4xx_HAL_Driver/Src/stm32l4xx_hal_flash_ex.o
LOAD ./Drivers/STM32L4xx_HAL_Driver/Src/stm32l4xx_hal_flash_ramfunc.o
LOAD ./Drivers/STM32L4xx_HAL_Driver/Src/stm32l4xx_hal_gpio.o
LOAD ./Drivers/STM32L4xx_HAL_Driver/Src/stm32l4xx_hal_i2c.o
LOAD ./Drivers/STM32L4xx_HAL_Driver/Src/stm32l4xx_hal_i2c_ex.o
LOAD ./Drivers/STM32L4xx_HAL_Driver/Src/stm32l4xx_hal_pwr.o
LOAD ./Drivers/STM32L4xx_HAL_Driver/Src/stm32l4xx_hal_pwr_ex.o
LOAD ./Drivers/STM32L4xx_HAL_Driver/Src/stm32l4xx_hal_rcc.o
LOAD ./Drivers/STM32L4xx_HAL_Driver/Src/stm32l4xx_hal_rcc_ex.o
LOAD ./Drivers/STM32L4xx_HAL_Driver/Src/stm32l4xx_hal_rtc.o
LOAD ./Drivers/STM32L4xx_HAL_Driver/Src/stm32l4xx_hal_rtc_ex.o
LOAD ./Drivers/STM32L4xx_HAL_Driver/Src/stm32l4xx_hal_spi.o
LOAD ./Drivers/STM32L4xx_HAL_Driver/Src/stm32l4xx_hal_spi_ex.o
LOAD ./Drivers/STM32L4xx_HAL_Driver/Src/stm32l4xx_hal_uart.o
LOAD ./Drivers/STM32L4xx_HAL_Driver/Src/stm32l4xx_hal_uart_ex.o
START GROUP
LOAD C:/ST/STM32CubeIDE_2.0.0/STM32CubeIDE/plugins/com.st.stm32cube.ide.mcu.externaltools.gnu-tools-for-stm32.13.3.rel1.win32_1.0.100.202509120712/tools/bin/../lib/gcc/arm-none-eabi/13.3.1/../../../../arm-none-eabi/lib/thumb/v7e-m+fp/hard\libstdc++_nano.a
LOAD C:/ST/STM32CubeIDE_2.0.0/STM32CubeIDE/plugins/com.st.stm32cube.ide.mcu.externaltools.gnu-tools-for-stm32.13.3.rel1.win32_1.0.100.202509120712/tools/bin/../lib/gcc/arm-none-eabi/13.3.1/../../../../arm-none-eabi/lib/thumb/v7e-m+fp/hard\libsupc++_nano.a
END GROUP
LOAD C:/ST/STM32CubeIDE_2.0.0/STM32CubeIDE/plugins/com.st.stm32cube.ide.mcu.externaltools.gnu-tools-for-stm32.13.3.rel1.win32_1.0.100.202509120712/tools/bin/../lib/gcc/arm-none-eabi/13.3.1/../../../../arm-none-eabi/lib/thumb/v7e-m+fp/hard\libstdc++_nano.a
LOAD C:/ST/STM32CubeIDE_2.0.0/STM32CubeIDE/plugins/com.st.stm32cube.ide.mcu.externaltools.gnu-tools-for-stm32.13.3.rel1.win32_1.0.100.202509120712/tools/bin/../lib/gcc/arm-none-eabi/13.3.1/../../../../arm-none-eabi/lib/thumb/v7e-m+fp/hard\libm.a
LOAD C:/ST/STM32CubeIDE_2.0.0/STM32CubeIDE/plugins/com.st.stm32cube.ide.mcu.externaltools.gnu-tools-for-stm32.13.3.rel1.win32_1.0.100.202509120712/tools/bin/../lib/gcc/arm-none-eabi/13.3.1/../../../../arm-none-eabi/lib/thumb/v7e-m+fp/hard\libc_nano.a
START GROUP
LOAD C:/ST/STM32CubeIDE_2.0.0/STM32CubeIDE/plugins/com.st.stm32cube.ide.mcu.externaltools.gnu-tools-for-stm32.13.3.rel1.win32_1.0.100.202509120712/tools/bin/../lib/gcc/arm-none-eabi/13.3.1/thumb/v7e-m+fp/hard\libgcc.a
LOAD C:/ST/STM32CubeIDE_2.0.0/STM32CubeIDE/plugins/com.st.stm32cube.ide.mcu.externaltools.gnu-tools-for-stm32.13.3.rel1.win32_1.0.100.202509120712/tools/bin/../lib/gcc/arm-none-eabi/13.3.1/../../../../arm-none-eabi/lib/thumb/v7e-m+fp/hard\libc_nano.a
END GROUP
START GROUP
LOAD C:/ST/STM32CubeIDE_2.0.0/STM32CubeIDE/plugins/com.st.stm32cube.ide.mcu.externaltools.gnu-tools-for-stm32.13.3.rel1.win32_1.0.100.202509120712/tools/bin/../lib/gcc/arm-none-eabi/13.3.1/thumb/v7e-m+fp/hard\libgcc.a
LOAD C:/ST/STM32CubeIDE_2.0.0/STM32CubeIDE/plugins/com.st.stm32cube.ide.mcu.externaltools.gnu-tools-for-stm32.13.3.rel1.win32_1.0.100.202509120712/tools/bin/../lib/gcc/arm-none-eabi/13.3.1/../../../../arm-none-eabi/lib/thumb/v7e-m+fp/hard\libc_nano.a
LOAD C:/ST/STM32CubeIDE_2.0.0/STM32CubeIDE/plugins/com.st.stm32cube.ide.mcu.externaltools.gnu-tools-for-stm32.13.3.rel1.win32_1.0.100.202509120712/tools/bin/../lib/gcc/arm-none-eabi/13.3.1/../../../../arm-none-eabi/lib/thumb/v7e-m+fp/hard\libnosys.a
END GROUP
START GROUP
LOAD C:/ST/STM32CubeIDE_2.0.0/STM32CubeIDE/plugins/com.st.stm32cube.ide.mcu.externaltools.gnu-tools-for-stm32.13.3.rel1.win32_1.0.100.202509120712/tools/bin/../lib/gcc/arm-none-eabi/13.3.1/thumb/v7e-m+fp/hard\libgcc.a
LOAD C:/ST/STM32CubeIDE_2.0.0/STM32CubeIDE/plugins/com.st.stm32cube.ide.mcu.externaltools.gnu-tools-for-stm32.13.3.rel1.win32_1.0.100.202509120712/tools/bin/../lib/gcc/arm-none-eabi/13.3.1/../../../../arm-none-eabi/lib/thumb/v7e-m+fp/hard\libc_nano.a
LOAD C:/ST/STM32CubeIDE_2.0.0/STM32CubeIDE/plugins/com.st.stm32cube.ide.mcu.externaltools.gnu-tools-for-stm32.13.3.rel1.win32_1.0.100.202509120712/tools/bin/../lib/gcc/arm-none-eabi/13.3.1/../../../../arm-none-eabi/lib/thumb/v7e-m+fp/hard\libnosys.a
END GROUP
LOAD C:/ST/STM32CubeIDE_2.0.0/STM32CubeIDE/plugins/com.st.stm32cube.ide.mcu.externaltools.gnu-tools-for-stm32.13.3.rel1.win32_1.0.100.202509120712/tools/bin/../lib/gcc/arm-none-eabi/13.3.1/thumb/v7e-m+fp/hard/crtend.o
LOAD C:/ST/STM32CubeIDE_2.0.0/STM32CubeIDE/plugins/com.st.stm32cube.ide.mcu.externaltools.gnu-tools-for-stm32.13.3.rel1.win32_1.0.100.202509120712/tools/bin/../lib/gcc/arm-none-eabi/13.3.1/thumb/v7e-m+fp/hard/crtn.o
                0x20010000                        _estack = (ORIGIN (RAM) + LENGTH (RAM))
                0x00000200                        _Min_Heap_Size = 0x200
                0x00000400                        _Min_Stack_Size = 0x400

.isr_vector     0x08000000      0x18c
                0x08000000                        . = ALIGN (0x4)
 *(.isr_vector)
 .isr_vector    0x08000000      0x18c ./Core/Startup/startup_stm32l432kcux.o
                0x08000000                g_pfnVectors
                0x0800018c                        . = ALIGN (0x4)

.text           0x08000190    0x10514
                0x08000190                        . = ALIGN (0x4)
 *(.text)
 .text          0x08000190       0x40 C:/ST/STM32CubeIDE_2.0.0/STM32CubeIDE/plugins/com.st.stm32cube.ide.mcu.externaltools.gnu-tools-for-stm32.13.3.rel1.win32_1.0.100.202509120712/tools/bin/../lib/gcc/arm-none-eabi/13.3.1/thumb/v7e-m+fp/hard/crtbegin.o
 .text          0x080001d0       0xa0 C:/ST/STM32CubeIDE_2.0.0/STM32CubeIDE/plugins/com.st.stm32cube.ide.mcu.externaltools.gnu-tools-for-stm32.13.3.rel1.win32_1.0.100.202509120712/tools/bin/../lib/gcc/arm-none-eabi/13.3.1/../../../../arm-none-eabi/lib/thumb/v7e-m+fp/hard\libc_nano.a(libc_a-memchr.o)
                0x080001d0                memchr
 .text          0x08000270       0x10 C:/ST/STM32CubeIDE_2.0.0/STM32CubeIDE/plugins/com.st.stm32cube.ide.mcu.externaltools.gnu-tools-for-stm32.13.3.rel1.win32_1.0.100.202509120712/tools/bin/../lib/gcc/arm-none-eabi/13.3.1/../../../../arm-none-eabi/lib/thumb/v7e-m+fp/hard\libc_nano.a(libc_a-strlen.o)
                0x08000270                strlen
 .text          0x08000280      0x378 C:/ST/STM32CubeIDE_2.0.0/STM32CubeIDE/plugins/com.st.stm32cube.ide.mcu.externaltools.gnu-tools-for-stm32.13.3.rel1.win32_1.0.100.202509120712/tools/bin/../lib/gcc/arm-none-eabi/13.3.1/thumb/v7e-m+fp/hard\libgcc.a(_arm_addsubdf3.o)
                0x08000280                __aeabi_drsub
                0x08000288                __aeabi_dsub
                0x08000288                __subdf3
                0x0800028c                __aeabi_dadd
                0x0800028c                __adddf3
                0x08000504                __floatunsidf
                0x08000504                __aeabi_ui2d
                0x08000524                __floatsidf
                0x08000524                __aeabi_i2d
                0x08000548                __aeabi_f2d
                0x08000548                __extendsfdf2
                0x0800058c                __floatundidf
                0x0800058c                __aeabi_ul2d
                0x0800059c                __floatdidf
                0x0800059c                __aeabi_l2d
 .text          0x080005f8      0x424 C:/ST/STM32CubeIDE_2.0.0/STM32CubeIDE/plugins/com.st.stm32cube.ide.mcu.externaltools.gnu-tools-for-stm32.13.3.rel1.win32_1.0.100.202509120712/tools/bin/../lib/gcc/arm-none-eabi/13.3.1/thumb/v7e-m+fp/hard\libgcc.a(_arm_muldivdf3.o)
                0x080005f8                __aeabi_dmul
                0x080005f8                __muldf3
                0x0800084c                __divdf3
                0x0800084c                __aeabi_ddiv
 .text          0x08000a1c      0x110 C:/ST/STM32CubeIDE_2.0.0/STM32CubeIDE/plugins/com.st.stm32cube.ide.mcu.externaltools.gnu-tools-for-stm32.13.3.rel1.win32_1.0.100.202509120712/tools/bin/../lib/gcc/arm-none-eabi/13.3.1/thumb/v7e-m+fp/hard\libgcc.a(_arm_cmpdf2.o)
                0x08000a1c                __gtdf2
                0x08000a1c                __gedf2
                0x08000a24                __ltdf2
                0x08000a24                __ledf2
                0x08000a2c                __nedf2
                0x08000a2c                __eqdf2
                0x08000a2c                __cmpdf2
                0x08000aa8                __aeabi_cdrcmple
                0x08000ab8                __aeabi_cdcmpeq
                0x08000ab8                __aeabi_cdcmple
                0x08000ac8                __aeabi_dcmpeq
                0x08000adc                __aeabi_dcmplt
                0x08000af0                __aeabi_dcmple
                0x08000b04                __aeabi_dcmpge
                0x08000b18                __aeabi_dcmpgt
 .text          0x08000b2c       0x2c C:/ST/STM32CubeIDE_2.0.0/STM32CubeIDE/plugins/com.st.stm32cube.ide.mcu.externaltools.gnu-tools-for-stm32.13.3.rel1.win32_1.0.100.202509120712/tools/bin/../lib/gcc/arm-none-eabi/13.3.1/thumb/v7e-m+fp/hard\libgcc.a(_arm_unorddf2.o)
                0x08000b2c                __unorddf2
                0x08000b2c                __aeabi_dcmpun
 .text          0x08000b58       0x50 C:/ST/STM32CubeIDE_2.0.0/STM32CubeIDE/plugins/com.st.stm32cube.ide.mcu.externaltools.gnu-tools-for-stm32.13.3.rel1.win32_1.0.100.202509120712/tools/bin/../lib/gcc/arm-none-eabi/13.3.1/thumb/v7e-m+fp/hard\libgcc.a(_arm_fixdfsi.o)
                0x08000b58                __aeabi_d2iz
                0x08000b58                __fixdfsi
 .text          0x08000ba8       0x40 C:/ST/STM32CubeIDE_2.0.0/STM32CubeIDE/plugins/com.st.stm32cube.ide.mcu.externaltools.gnu-tools-for-stm32.13.3.rel1.win32_1.0.100.202509120712/tools/bin/../lib/gcc/arm-none-eabi/13.3.1/thumb/v7e-m+fp/hard\libgcc.a(_arm_fixunsdfsi.o)
                0x08000ba8                __aeabi_d2uiz
                0x08000ba8                __fixunsdfsi
 .text          0x08000be8       0xa0 C:/ST/STM32CubeIDE_2.0.0/STM32CubeIDE/plugins/com.st.stm32cube.ide.mcu.externaltools.gnu-tools-for-stm32.13.3.rel1.win32_1.0.100.202509120712/tools/bin/../lib/gcc/arm-none-eabi/13.3.1/thumb/v7e-m+fp/hard\libgcc.a(_arm_truncdfsf2.o)
                0x08000be8                __truncdfsf2
                0x08000be8                __aeabi_d2f
 .text          0x08000c88       0x30 C:/ST/STM32CubeIDE_2.0.0/STM32CubeIDE/plugins/com.st.stm32cube.ide.mcu.externaltools.gnu-tools-for-stm32.13.3.rel1.win32_1.0.100.202509120712/tools/bin/../lib/gcc/arm-none-eabi/13.3.1/thumb/v7e-m+fp/hard\libgcc.a(_aeabi_uldivmod.o)
                0x08000c88                __aeabi_uldivmod
 .text          0x08000cb8       0x30 C:/ST/STM32CubeIDE_2.0.0/STM32CubeIDE/plugins/com.st.stm32cube.ide.mcu.externaltools.gnu-tools-for-stm32.13.3.rel1.win32_1.0.100.202509120712/tools/bin/../lib/gcc/arm-none-eabi/13.3.1/thumb/v7e-m+fp/hard\libgcc.a(_fixdfdi.o)
                0x08000cb8                __fixdfdi
                0x08000cb8                __aeabi_d2lz
 .text          0x08000ce8       0x3c C:/ST/STM32CubeIDE_2.0.0/STM32CubeIDE/plugins/com.st.stm32cube.ide.mcu.externaltools.gnu-tools-for-stm32.13.3.rel1.win32_1.0.100.202509120712/tools/bin/../lib/gcc/arm-none-eabi/13.3.1/thumb/v7e-m+fp/hard\libgcc.a(_fixunsdfdi.o)
                0x08000ce8                __fixunsdfdi
                0x08000ce8                __aeabi_d2ulz
 .text          0x08000d24      0x2f8 C:/ST/STM32CubeIDE_2.0.0/STM32CubeIDE/plugins/com.st.stm32cube.ide.mcu.externaltools.gnu-tools-for-stm32.13.3.rel1.win32_1.0.100.202509120712/tools/bin/../lib/gcc/arm-none-eabi/13.3.1/thumb/v7e-m+fp/hard\libgcc.a(_udivmoddi4.o)
                0x08000d24                __udivmoddi4
 .text          0x0800101c        0x4 C:/ST/STM32CubeIDE_2.0.0/STM32CubeIDE/plugins/com.st.stm32cube.ide.mcu.externaltools.gnu-tools-for-stm32.13.3.rel1.win32_1.0.100.202509120712/tools/bin/../lib/gcc/arm-none-eabi/13.3.1/thumb/v7e-m+fp/hard\libgcc.a(_dvmd_tls.o)
                0x0800101c                __aeabi_idiv0
                0x0800101c                __aeabi_ldiv0
 *(.text*)
 .text._Z12send_can_msgiPhi
                0x08001020       0x54 ./Core/Src/CAN_bus.o
                0x08001020                send_can_msg(int, unsigned char*, int)
 .text._Z8can_echov
                0x08001074       0x34 ./Core/Src/CAN_bus.o
                0x08001074                can_echo()
 .text._Z7ce_showv
                0x080010a8       0xec ./Core/Src/CAN_bus.o
                0x080010a8                ce_show()
 .text._Z16can_filter_setupv
                0x08001194      0x170 ./Core/Src/CAN_bus.o
                0x08001194                can_filter_setup()
 .text._Z17CAN_status_reportv
                0x08001304      0x238 ./Core/Src/CAN_bus.o
                0x08001304                CAN_status_report()
 .text._Z12do_can_stuffi
                0x0800153c       0x24 ./Core/Src/CAN_bus.o
                0x0800153c                do_can_stuff(int)
 .text.HAL_CAN_RxFifo0FullCallback
                0x08001560       0x38 ./Core/Src/CAN_bus.o
                0x08001560                HAL_CAN_RxFifo0FullCallback
 .text.HAL_CAN_RxFifo1FullCallback
                0x08001598       0x38 ./Core/Src/CAN_bus.o
                0x08001598                HAL_CAN_RxFifo1FullCallback
 .text.HAL_CAN_RxFifo0MsgPendingCallback
                0x080015d0       0x44 ./Core/Src/CAN_bus.o
                0x080015d0                HAL_CAN_RxFifo0MsgPendingCallback
 .text.HAL_CAN_RxFifo1MsgPendingCallback
                0x08001614       0x44 ./Core/Src/CAN_bus.o
                0x08001614                HAL_CAN_RxFifo1MsgPendingCallback
 .text._ZN18CommandLineHandler11CommandExecEPKc
                0x08001658      0x1f0 ./Core/Src/CmdLine.o
                0x08001658                CommandLineHandler::CommandExec(char const*)
 .text._ZN20my_microsecond_timerC2Ev
                0x08001848       0x2e ./Core/Src/ForeverLoop.o
                0x08001848                my_microsecond_timer::my_microsecond_timer()
                0x08001848                my_microsecond_timer::my_microsecond_timer()
 *fill*         0x08001876        0x2 
 .text._Z21do_even_halfsec_stuffv
                0x08001878       0x20 ./Core/Src/ForeverLoop.o
                0x08001878                do_even_halfsec_stuff()
 .text._Z20do_odd_halfsec_stuffv
                0x08001898        0xe ./Core/Src/ForeverLoop.o
                0x08001898                do_odd_halfsec_stuff()
 .text._Z16do_fastest_stuffv
                0x080018a6       0x10 ./Core/Src/ForeverLoop.o
                0x080018a6                do_fastest_stuff()
 *fill*         0x080018b6        0x2 
 .text._Z26do_forever_loop_rate_stuffv
                0x080018b8       0x7c ./Core/Src/ForeverLoop.o
                0x080018b8                do_forever_loop_rate_stuff()
 .text._Z12one_ms_stuffv
                0x08001934       0x5c ./Core/Src/ForeverLoop.o
                0x08001934                one_ms_stuff()
 .text._Z23do_slow_loop_rate_stuffv
                0x08001990       0x38 ./Core/Src/ForeverLoop.o
                0x08001990                do_slow_loop_rate_stuff()
 .text.ForeverLoop
                0x080019c8       0x88 ./Core/Src/ForeverLoop.o
                0x080019c8                ForeverLoop
 .text._Z41__static_initialization_and_destruction_0v
                0x08001a50       0x14 ./Core/Src/ForeverLoop.o
 .text._GLOBAL__sub_I_sigs_time
                0x08001a64        0xa ./Core/Src/ForeverLoop.o
 .text._ZNK8MechLock14get_two_inbitsEv
                0x08001a6e       0x46 ./Core/Src/LevelCrossing.o
                0x08001a6e                MechLock::get_two_inbits() const
 .text._ZN8MechLock11read_updateEv
                0x08001ab4       0x24 ./Core/Src/LevelCrossing.o
                0x08001ab4                MechLock::read_update()
 .text._ZNK18ClassLevelCrossing5m_txtEv
                0x08001ad8       0x18 ./Core/Src/LevelCrossing.o
                0x08001ad8                ClassLevelCrossing::m_txt() const
 .text._ZNK18ClassLevelCrossing16gates_are_lockedEv
                0x08001af0       0x38 ./Core/Src/LevelCrossing.o
                0x08001af0                ClassLevelCrossing::gates_are_locked() const
 .text._ZNK18ClassLevelCrossing13safe_for_roadEv
                0x08001b28       0x62 ./Core/Src/LevelCrossing.o
                0x08001b28                ClassLevelCrossing::safe_for_road() const
 .text._ZNK18ClassLevelCrossing13safe_for_railEv
                0x08001b8a       0x62 ./Core/Src/LevelCrossing.o
                0x08001b8a                ClassLevelCrossing::safe_for_rail() const
 .text._ZN18ClassLevelCrossing11read_updateEv
                0x08001bec       0x86 ./Core/Src/LevelCrossing.o
                0x08001bec                ClassLevelCrossing::read_update()
 *fill*         0x08001c72        0x2 
 .text._ZNK18ClassLevelCrossing6reportEPc
                0x08001c74      0x2ec ./Core/Src/LevelCrossing.o
                0x08001c74                ClassLevelCrossing::report(char*) const
 .text._ZNK20Wired_LinesideSignal3txtEv
                0x08001f60       0x18 ./Core/Src/LinesideSignal.o
                0x08001f60                Wired_LinesideSignal::txt() const
 .text._ZN23struct_can_signal_stack4pushEP18CAN_LinesideSignalt
                0x08001f78       0x50 ./Core/Src/LinesideSignal.o
                0x08001f78                struct_can_signal_stack::push(CAN_LinesideSignal*, unsigned short)
 .text._ZN23struct_can_signal_stack8get_sizeEv
                0x08001fc8       0x18 ./Core/Src/LinesideSignal.o
                0x08001fc8                struct_can_signal_stack::get_size()
 .text._ZN23struct_can_signal_stack11compare_idsEii
                0x08001fe0       0x36 ./Core/Src/LinesideSignal.o
                0x08001fe0                struct_can_signal_stack::compare_ids(int, int)
 *fill*         0x08002016        0x2 
 .text._ZN23struct_can_signal_stack6reportEv
                0x08002018       0x90 ./Core/Src/LinesideSignal.o
                0x08002018                struct_can_signal_stack::report()
 .text._Z11find_CANsigRii
                0x080020a8       0x58 ./Core/Src/LinesideSignal.o
                0x080020a8                find_CANsig(int&, int)
 .text._Z17cansigstackreportv
                0x08002100       0x68 ./Core/Src/LinesideSignal.o
                0x08002100                cansigstackreport()
 .text._ZN18CAN_LinesideSignalC2EPKcii
                0x08002168       0x6c ./Core/Src/LinesideSignal.o
                0x08002168                CAN_LinesideSignal::CAN_LinesideSignal(char const*, int, int)
                0x08002168                CAN_LinesideSignal::CAN_LinesideSignal(char const*, int, int)
 .text._ZNK18CAN_LinesideSignal6reportEPc
                0x080021d4       0x4c ./Core/Src/LinesideSignal.o
                0x080021d4                CAN_LinesideSignal::report(char*) const
 .text._ZN18CAN_LinesideSignal10set_dangerEv
                0x08002220       0x18 ./Core/Src/LinesideSignal.o
                0x08002220                CAN_LinesideSignal::set_danger()
 .text._ZN18CAN_LinesideSignal6set_toE12SignalStates
                0x08002238       0x38 ./Core/Src/LinesideSignal.o
                0x08002238                CAN_LinesideSignal::set_to(SignalStates)
 .text._ZN18CAN_LinesideSignal7set_toiEh
                0x08002270       0x20 ./Core/Src/LinesideSignal.o
                0x08002270                CAN_LinesideSignal::set_toi(unsigned char)
 .text._ZN20Wired_LinesideSignalC2EPKc5INPINS2_6OUTPINS3_
                0x08002290       0xa8 ./Core/Src/LinesideSignal.o
                0x08002290                Wired_LinesideSignal::Wired_LinesideSignal(char const*, INPIN, INPIN, OUTPIN, OUTPIN)
                0x08002290                Wired_LinesideSignal::Wired_LinesideSignal(char const*, INPIN, INPIN, OUTPIN, OUTPIN)
 .text._ZN20Wired_LinesideSignal10set_dangerEv
                0x08002338       0x2e ./Core/Src/LinesideSignal.o
                0x08002338                Wired_LinesideSignal::set_danger()
 .text._ZN20Wired_LinesideSignal13set_occultingEv
                0x08002366       0x1a ./Core/Src/LinesideSignal.o
                0x08002366                Wired_LinesideSignal::set_occulting()
 .text._ZN20Wired_LinesideSignal11read_updateEv
                0x08002380       0xa6 ./Core/Src/LinesideSignal.o
                0x08002380                Wired_LinesideSignal::read_update()
 *fill*         0x08002426        0x2 
 .text._ZNK20Wired_LinesideSignal6reportEPc
                0x08002428      0x118 ./Core/Src/LinesideSignal.o
                0x08002428                Wired_LinesideSignal::report(char*) const
 .text._ZNK8MechLock3txtEv
                0x08002540       0x18 ./Core/Src/MechaniclaLock.o
                0x08002540                MechLock::txt() const
 .text._ZN8MechLockC2EPKc5INPINbS2_b6OUTPINb
                0x08002558       0x74 ./Core/Src/MechaniclaLock.o
                0x08002558                MechLock::MechLock(char const*, INPIN, bool, INPIN, bool, OUTPIN, bool)
                0x08002558                MechLock::MechLock(char const*, INPIN, bool, INPIN, bool, OUTPIN, bool)
 .text._ZNK8MechLock9is_lockedEv
                0x080025cc       0x3c ./Core/Src/MechaniclaLock.o
                0x080025cc                MechLock::is_locked() const
 .text._ZNK8MechLock11is_unlockedEv
                0x08002608       0x3c ./Core/Src/MechaniclaLock.o
                0x08002608                MechLock::is_unlocked() const
 .text._ZNK8MechLock6reportEPc
                0x08002644       0xd8 ./Core/Src/MechaniclaLock.o
                0x08002644                MechLock::report(char*) const
 .text._ZNK10MovingGate3txtEv
                0x0800271c       0x18 ./Core/Src/MovingGate.o
                0x0800271c                MovingGate::txt() const
 .text._ZN10MovingGateC2EPKc5INPINbS2_b
                0x08002734       0x60 ./Core/Src/MovingGate.o
                0x08002734                MovingGate::MovingGate(char const*, INPIN, bool, INPIN, bool)
                0x08002734                MovingGate::MovingGate(char const*, INPIN, bool, INPIN, bool)
 .text._ZN10MovingGate11read_updateEv
                0x08002794       0x24 ./Core/Src/MovingGate.o
                0x08002794                MovingGate::read_update()
 .text._ZNK10MovingGate14get_two_inbitsEv
                0x080027b8       0x46 ./Core/Src/MovingGate.o
                0x080027b8                MovingGate::get_two_inbits() const
 .text._ZNK10MovingGate7is_openEv
                0x080027fe       0x3c ./Core/Src/MovingGate.o
                0x080027fe                MovingGate::is_open() const
 .text._ZNK10MovingGate9is_closedEv
                0x0800283a       0x3c ./Core/Src/MovingGate.o
                0x0800283a                MovingGate::is_closed() const
 *fill*         0x08002876        0x2 
 .text._ZNK10MovingGate6reportEPc
                0x08002878       0xb0 ./Core/Src/MovingGate.o
                0x08002878                MovingGate::report(char*) const
 .text._Z6pl_cmdR10parameters
                0x08002928       0x16 ./Core/Src/Project.o
                0x08002928                pl_cmd(parameters&)
 .text._Z6sb_cmdR10parameters
                0x0800293e       0x16 ./Core/Src/Project.o
                0x0800293e                sb_cmd(parameters&)
 .text._Z6vi_cmdR10parameters
                0x08002954       0x24 ./Core/Src/Project.o
                0x08002954                vi_cmd(parameters&)
 .text._Z6ce_cmdR10parameters
                0x08002978       0x16 ./Core/Src/Project.o
                0x08002978                ce_cmd(parameters&)
 .text._ZN10PulseAlarmC2EPKc6OUTPIN
                0x0800298e       0x66 ./Core/Src/PulseAlarm.o
                0x0800298e                PulseAlarm::PulseAlarm(char const*, OUTPIN)
                0x0800298e                PulseAlarm::PulseAlarm(char const*, OUTPIN)
 .text._ZN10PulseAlarm11read_updateEv
                0x080029f4       0x64 ./Core/Src/PulseAlarm.o
                0x080029f4                PulseAlarm::read_update()
 .text._ZN10PulseAlarm10mark_spaceEii
                0x08002a58       0x24 ./Core/Src/PulseAlarm.o
                0x08002a58                PulseAlarm::mark_space(int, int)
 .text._ZN10PulseAlarm11start_alarmEv
                0x08002a7c       0x30 ./Core/Src/PulseAlarm.o
                0x08002a7c                PulseAlarm::start_alarm()
 .text._ZN10PulseAlarm3clrEv
                0x08002aac       0x20 ./Core/Src/PulseAlarm.o
                0x08002aac                PulseAlarm::clr()
 .text._ZNK10PushButton5m_txtEv
                0x08002acc       0x18 ./Core/Src/PushButton.o
                0x08002acc                PushButton::m_txt() const
 .text._ZN10PushButtonC2EPKc5INPINb6OUTPINbS3_b
                0x08002ae4       0x84 ./Core/Src/PushButton.o
                0x08002ae4                PushButton::PushButton(char const*, INPIN, bool, OUTPIN, bool, OUTPIN, bool)
                0x08002ae4                PushButton::PushButton(char const*, INPIN, bool, OUTPIN, bool, OUTPIN, bool)
 .text._ZN10PushButton11read_updateEv
                0x08002b68       0x36 ./Core/Src/PushButton.o
                0x08002b68                PushButton::read_update()
 *fill*         0x08002b9e        0x2 
 .text._ZNK10PushButton6reportEPc
                0x08002ba0       0x94 ./Core/Src/PushButton.o
                0x08002ba0                PushButton::report(char*) const
 .text._ZN6Serial16Constructor_CoreEv
                0x08002c34       0x6c ./Core/Src/Serial.o
                0x08002c34                Serial::Constructor_Core()
 .text._ZN6SerialC2ER20__UART_HandleTypeDef
                0x08002ca0      0x118 ./Core/Src/Serial.o
                0x08002ca0                Serial::Serial(__UART_HandleTypeDef&)
                0x08002ca0                Serial::Serial(__UART_HandleTypeDef&)
 .text._ZN6Serial8start_rxEv
                0x08002db8       0x40 ./Core/Src/Serial.o
                0x08002db8                Serial::start_rx()
 .text._ZN6Serial11set_tx_busyEb
                0x08002df8       0x1e ./Core/Src/Serial.o
                0x08002df8                Serial::set_tx_busy(bool)
 .text._Z20special_char_handlerc
                0x08002e16       0x16 ./Core/Src/Serial.o
                0x08002e16                special_char_handler(char)
 .text._ZN6Serial19test_for_rx_messageEv
                0x08002e2c      0x1bc ./Core/Src/Serial.o
                0x08002e2c                Serial::test_for_rx_message()
 .text._ZNK6Serial10test_errorE12SerialErrors
                0x08002fe8       0x2a ./Core/Src/Serial.o
                0x08002fe8                Serial::test_error(SerialErrors) const
 .text._ZN6Serial11clear_errorE12SerialErrors
                0x08003012       0x2e ./Core/Src/Serial.o
                0x08003012                Serial::clear_error(SerialErrors)
 .text._ZN6Serial9set_errorE12SerialErrors
                0x08003040       0x26 ./Core/Src/Serial.o
                0x08003040                Serial::set_error(SerialErrors)
 .text._ZN6Serial5writeEPKhl
                0x08003066       0xba ./Core/Src/Serial.o
                0x08003066                Serial::write(unsigned char const*, long)
 .text._ZN6Serial5writeEPKcl
                0x08003120       0x20 ./Core/Src/Serial.o
                0x08003120                Serial::write(char const*, long)
 .text._ZN6Serial15tx_any_bufferedEv
                0x08003140       0xea ./Core/Src/Serial.o
                0x08003140                Serial::tx_any_buffered()
 .text._ZN6Serial26rx_intrpt_handler_core_DMAEv
                0x0800322a       0x2a ./Core/Src/Serial.o
                0x0800322a                Serial::rx_intrpt_handler_core_DMA()
 .text.HAL_UART_RxCpltCallback
                0x08003254       0x4c ./Core/Src/Serial.o
                0x08003254                HAL_UART_RxCpltCallback
 .text.HAL_UART_TxCpltCallback
                0x080032a0       0x50 ./Core/Src/Serial.o
                0x080032a0                HAL_UART_TxCpltCallback
 .text.HAL_UART_ErrorCallback
                0x080032f0       0x50 ./Core/Src/Serial.o
                0x080032f0                HAL_UART_ErrorCallback
 .text._ZN14CircularBufferIhEC2Ej
                0x08003340       0x7c ./Core/Src/Serial.o
                0x08003340                CircularBuffer<unsigned char>::CircularBuffer(unsigned int)
                0x08003340                CircularBuffer<unsigned char>::CircularBuffer(unsigned int)
 .text._ZN14CircularBufferIhE3getERh
                0x080033bc       0x56 ./Core/Src/Serial.o
                0x080033bc                CircularBuffer<unsigned char>::get(unsigned char&)
 .text._ZN14CircularBufferIhE5emptyEv
                0x08003412       0x34 ./Core/Src/Serial.o
                0x08003412                CircularBuffer<unsigned char>::empty()
 .text._ZN14CircularBufferIhE3putERh
                0x08003446       0x72 ./Core/Src/Serial.o
                0x08003446                CircularBuffer<unsigned char>::put(unsigned char&)
 .text._Z15get_outreg_1bit6OUTPIN
                0x080034b8       0x48 ./Core/Src/Shift_Reg_SPI.o
                0x080034b8                get_outreg_1bit(OUTPIN)
 .text._Z10spi_cs_setv
                0x08003500       0x14 ./Core/Src/Shift_Reg_SPI.o
                0x08003500                spi_cs_set()
 .text._Z10spi_cs_clrv
                0x08003514       0x14 ./Core/Src/Shift_Reg_SPI.o
                0x08003514                spi_cs_clr()
 .text._Z14start_spi_TxRxv
                0x08003528       0x40 ./Core/Src/Shift_Reg_SPI.o
                0x08003528                start_spi_TxRx()
 .text._Z18spi_inputs_updatedv
                0x08003568       0xa0 ./Core/Src/Shift_Reg_SPI.o
                0x08003568                spi_inputs_updated()
 .text._Z14set_output_bit6OUTPINb
                0x08003608       0x94 ./Core/Src/Shift_Reg_SPI.o
                0x08003608                set_output_bit(OUTPIN, bool)
 .text._Z23get_input_bit_debounced5INPINm
                0x0800369c       0xd0 ./Core/Src/Shift_Reg_SPI.o
                0x0800369c                get_input_bit_debounced(INPIN, unsigned long)
 .text.HAL_SPI_TxRxCpltCallback
                0x0800376c       0x20 ./Core/Src/Shift_Reg_SPI.o
                0x0800376c                HAL_SPI_TxRxCpltCallback
 .text._ZN18ClassLevelCrossingC2EPKc5INPINbS2_bS2_bS2_bS2_bS2_bS2_bS2_bS2_bS2_b6OUTPINbS2_bS2_bS3_bS2_S2_S3_S3_S3_S3_bS3_bS2_bS3_bS3_bS2_bS3_bS3_b
                0x0800378c      0x1f4 ./Core/Src/SignalsMain.o
                0x0800378c                ClassLevelCrossing::ClassLevelCrossing(char const*, INPIN, bool, INPIN, bool, INPIN, bool, INPIN, bool, INPIN, bool, INPIN, bool, INPIN, bool, INPIN, bool, INPIN, bool, INPIN, bool, OUTPIN, bool, INPIN, bool, INPIN, bool, OUTPIN, bool, INPIN, INPIN, OUTPIN, OUTPIN, OUTPIN, OUTPIN, bool, OUTPIN, bool, INPIN, bool, OUTPIN, bool, OUTPIN, bool, INPIN, bool, OUTPIN, bool, OUTPIN, bool)
                0x0800378c                ClassLevelCrossing::ClassLevelCrossing(char const*, INPIN, bool, INPIN, bool, INPIN, bool, INPIN, bool, INPIN, bool, INPIN, bool, INPIN, bool, INPIN, bool, INPIN, bool, INPIN, bool, OUTPIN, bool, INPIN, bool, INPIN, bool, OUTPIN, bool, INPIN, INPIN, OUTPIN, OUTPIN, OUTPIN, OUTPIN, bool, OUTPIN, bool, INPIN, bool, OUTPIN, bool, OUTPIN, bool, INPIN, bool, OUTPIN, bool, OUTPIN, bool)
 .text._ZN10TimerClassC2EPKcPFbvES3_
                0x08003980       0x74 ./Core/Src/SignalsMain.o
                0x08003980                TimerClass::TimerClass(char const*, bool (*)(), bool (*)())
                0x08003980                TimerClass::TimerClass(char const*, bool (*)(), bool (*)())
 .text._ZN10TimerClass11start_timerEv
                0x080039f4       0x34 ./Core/Src/SignalsMain.o
                0x080039f4                TimerClass::start_timer()
 .text._ZN10TimerClass13set_period_msEm
                0x08003a28       0x1c ./Core/Src/SignalsMain.o
                0x08003a28                TimerClass::set_period_ms(unsigned long)
 .text._ZN10TimerClass11read_updateEv
                0x08003a44       0x44 ./Core/Src/SignalsMain.o
                0x08003a44                TimerClass::read_update()
 .text._ZN6PointsC2EPKc5INPINbS2_b6OUTPINbS3_b
                0x08003a88       0xb0 ./Core/Src/SignalsMain.o
                0x08003a88                Points::Points(char const*, INPIN, bool, INPIN, bool, OUTPIN, bool, OUTPIN, bool)
                0x08003a88                Points::Points(char const*, INPIN, bool, INPIN, bool, OUTPIN, bool, OUTPIN, bool)
 .text._ZN6Points11read_updateEv
                0x08003b38       0x24 ./Core/Src/SignalsMain.o
                0x08003b38                Points::read_update()
 .text._ZN10DualPointsC2EPKc5INPINS2_bbS2_S2_bb6OUTPINS3_bb
                0x08003b5c       0x9e ./Core/Src/SignalsMain.o
                0x08003b5c                DualPoints::DualPoints(char const*, INPIN, INPIN, bool, bool, INPIN, INPIN, bool, bool, OUTPIN, OUTPIN, bool, bool)
                0x08003b5c                DualPoints::DualPoints(char const*, INPIN, INPIN, bool, bool, INPIN, INPIN, bool, bool, OUTPIN, OUTPIN, bool, bool)
 *fill*         0x08003bfa        0x2 
 .text._Z12sigs_buggeryv
                0x08003bfc       0x7c ./Core/Src/SignalsMain.o
                0x08003bfc                sigs_buggery()
 .text._Z12can_sig_testv
                0x08003c78       0xb0 ./Core/Src/SignalsMain.o
                0x08003c78                can_sig_test()
 .text._Z14signals_enginev
                0x08003d28       0x80 ./Core/Src/SignalsMain.o
                0x08003d28                signals_engine()
 .text._Z9tim1startv
                0x08003da8       0x10 ./Core/Src/SignalsMain.o
                0x08003da8                tim1start()
 .text._Z9tim2startv
                0x08003db8       0x10 ./Core/Src/SignalsMain.o
                0x08003db8                tim2start()
 .text._Z7tim1endv
                0x08003dc8       0x14 ./Core/Src/SignalsMain.o
                0x08003dc8                tim1end()
 .text._Z7tim2endv
                0x08003ddc       0x14 ./Core/Src/SignalsMain.o
                0x08003ddc                tim2end()
 .text._Z12setup_alarmsv
                0x08003df0       0x6c ./Core/Src/SignalsMain.o
                0x08003df0                setup_alarms()
 .text._Z41__static_initialization_and_destruction_0v
                0x08003e5c      0x288 ./Core/Src/SignalsMain.o
 .text._GLOBAL__sub_I_Level_Crossing
                0x080040e4        0xa ./Core/Src/SignalsMain.o
 .text._ZNK11SingleInput5m_txtEv
                0x080040ee       0x18 ./Core/Src/SingleInput.o
                0x080040ee                SingleInput::m_txt() const
 .text._ZN11SingleInputC2EPKc5INPINb
                0x08004106       0x2c ./Core/Src/SingleInput.o
                0x08004106                SingleInput::SingleInput(char const*, INPIN, bool)
                0x08004106                SingleInput::SingleInput(char const*, INPIN, bool)
 .text._ZN11SingleInputC2EPKc5INPINbPFbvES4_
                0x08004132       0x62 ./Core/Src/SingleInput.o
                0x08004132                SingleInput::SingleInput(char const*, INPIN, bool, bool (*)(), bool (*)())
                0x08004132                SingleInput::SingleInput(char const*, INPIN, bool, bool (*)(), bool (*)())
 .text._ZN11SingleInput11read_updateEv
                0x08004194       0x70 ./Core/Src/SingleInput.o
                0x08004194                SingleInput::read_update()
 .text._ZNK11SingleInput9is_activeEv
                0x08004204       0x18 ./Core/Src/SingleInput.o
                0x08004204                SingleInput::is_active() const
 .text._ZNK11SingleInput11get_pin_numEv
                0x0800421c       0x18 ./Core/Src/SingleInput.o
                0x0800421c                SingleInput::get_pin_num() const
 .text._ZNK11SingleInput6reportEPc
                0x08004234       0x48 ./Core/Src/SingleInput.o
                0x08004234                SingleInput::report(char*) const
 .text._ZN11SingleInput17m_pin_use_checkerEv
                0x0800427c      0x184 ./Core/Src/SingleInput.o
                0x0800427c                SingleInput::m_pin_use_checker()
 .text._ZN12SingleOutputC2EPKc6OUTPIN
                0x08004400       0x22 ./Core/Src/SingleOutput.o
                0x08004400                SingleOutput::SingleOutput(char const*, OUTPIN)
                0x08004400                SingleOutput::SingleOutput(char const*, OUTPIN)
 .text._ZN12SingleOutputC2EPKc6OUTPINb
                0x08004422       0x4a ./Core/Src/SingleOutput.o
                0x08004422                SingleOutput::SingleOutput(char const*, OUTPIN, bool)
                0x08004422                SingleOutput::SingleOutput(char const*, OUTPIN, bool)
 .text._ZNK12SingleOutput5m_txtEv
                0x0800446c       0x18 ./Core/Src/SingleOutput.o
                0x0800446c                SingleOutput::m_txt() const
 .text._ZN12SingleOutput7set_pinEb
                0x08004484       0x30 ./Core/Src/SingleOutput.o
                0x08004484                SingleOutput::set_pin(bool)
 .text._ZNK12SingleOutput4readEv
                0x080044b4       0x1c ./Core/Src/SingleOutput.o
                0x080044b4                SingleOutput::read() const
 .text._ZNK12SingleOutput11get_pin_numEv
                0x080044d0       0x18 ./Core/Src/SingleOutput.o
                0x080044d0                SingleOutput::get_pin_num() const
 .text._ZN12SingleOutput17m_pin_use_checkerEv
                0x080044e8       0xc4 ./Core/Src/SingleOutput.o
                0x080044e8                SingleOutput::m_pin_use_checker()
 .text._ZNK12SingleOutput6reportEPc
                0x080045ac       0x48 ./Core/Src/SingleOutput.o
                0x080045ac                SingleOutput::report(char*) const
 .text._Z10pin_listerv
                0x080045f4       0xa8 ./Core/Src/SingleOutput.o
                0x080045f4                pin_lister()
 .text._Z11get_versionv
                0x0800469c       0x14 ./Core/Src/SystemSetup.o
                0x0800469c                get_version()
 .text.Signal_sys_Setup
                0x080046b0       0x8c ./Core/Src/SystemSetup.o
                0x080046b0                Signal_sys_Setup
 .text._ZN10DualPoints11read_updateEv
                0x0800473c       0x22 ./Core/Src/TurnoutPoints.o
                0x0800473c                DualPoints::read_update()
 .text._ZN6SerialD2Ev
                0x0800475e       0x3e ./Core/Src/Utils.o
                0x0800475e                Serial::~Serial()
                0x0800475e                Serial::~Serial()
 .text._ZN10parametersC2Ev
                0x0800479c       0x4a ./Core/Src/Utils.o
                0x0800479c                parameters::parameters()
                0x0800479c                parameters::parameters()
 .text._ZN18CommandLineHandlerC2EPK18cli_menu_entry_set
                0x080047e6       0x2a ./Core/Src/Utils.o
                0x080047e6                CommandLineHandler::CommandLineHandler(cli_menu_entry_set const*)
                0x080047e6                CommandLineHandler::CommandLineHandler(cli_menu_entry_set const*)
 .text._ZN17i2eeprom_settingsC2EPK18cli_menu_entry_setR19__I2C_HandleTypeDef
                0x08004810       0x4e ./Core/Src/Utils.o
                0x08004810                i2eeprom_settings::i2eeprom_settings(cli_menu_entry_set const*, __I2C_HandleTypeDef&)
                0x08004810                i2eeprom_settings::i2eeprom_settings(cli_menu_entry_set const*, __I2C_HandleTypeDef&)
 .text._Z14can_report_cmdR10parameters
                0x0800485e       0x16 ./Core/Src/Utils.o
                0x0800485e                can_report_cmd(parameters&)
 .text._Z6AT_cmdR10parameters
                0x08004874       0x30 ./Core/Src/Utils.o
                0x08004874                AT_cmd(parameters&)
 .text._Z7atb_cmdR10parameters
                0x080048a4      0x124 ./Core/Src/Utils.o
                0x080048a4                atb_cmd(parameters&)
 .text._Z7cnc_cmdR10parameters
                0x080049c8       0x54 ./Core/Src/Utils.o
                0x080049c8                cnc_cmd(parameters&)
 .text._Z5x_cmdR10parameters
                0x08004a1c       0x4c ./Core/Src/Utils.o
                0x08004a1c                x_cmd(parameters&)
 .text._Z5i_cmdR10parameters
                0x08004a68       0x5c ./Core/Src/Utils.o
                0x08004a68                i_cmd(parameters&)
 .text._Z9seton_cmdR10parameters
                0x08004ac4       0x48 ./Core/Src/Utils.o
                0x08004ac4                seton_cmd(parameters&)
 .text._Z10clroff_cmdR10parameters
                0x08004b0c       0x48 ./Core/Src/Utils.o
                0x08004b0c                clroff_cmd(parameters&)
 .text._Z13list_settingsPK18cli_menu_entry_set
                0x08004b54      0x22c ./Core/Src/Utils.o
                0x08004b54                list_settings(cli_menu_entry_set const*)
 .text._Z7menucmdR10parameters
                0x08004d80       0x1c ./Core/Src/Utils.o
                0x08004d80                menucmd(parameters&)
 .text._Z17edit_settings_cmdR10parameters
                0x08004d9c       0x2c ./Core/Src/Utils.o
                0x08004d9c                edit_settings_cmd(parameters&)
 .text._Z19set_one_wrapper_cmdR10parameters
                0x08004dc8       0x20 ./Core/Src/Utils.o
                0x08004dc8                set_one_wrapper_cmd(parameters&)
 .text._Z8null_cmdR10parameters
                0x08004de8       0x44 ./Core/Src/Utils.o
                0x08004de8                null_cmd(parameters&)
 .text._Z16set_defaults_cmdR10parameters
                0x08004e2c       0x1c ./Core/Src/Utils.o
                0x08004e2c                set_defaults_cmd(parameters&)
 .text._Z14check_commandsv
                0x08004e48       0x2c ./Core/Src/Utils.o
                0x08004e48                check_commands()
 .text._Z6st_cmdR10parameters
                0x08004e74       0x16 ./Core/Src/Utils.o
                0x08004e74                st_cmd(parameters&)
 .text._Z6sd_cmdR10parameters
                0x08004e8a       0x16 ./Core/Src/Utils.o
                0x08004e8a                sd_cmd(parameters&)
 .text._Z7rtc_cmdR10parameters
                0x08004ea0       0x16 ./Core/Src/Utils.o
                0x08004ea0                rtc_cmd(parameters&)
 .text._ZN14CircularBufferIhED2Ev
                0x08004eb6       0x22 ./Core/Src/Utils.o
                0x08004eb6                CircularBuffer<unsigned char>::~CircularBuffer()
                0x08004eb6                CircularBuffer<unsigned char>::~CircularBuffer()
 .text._Z41__static_initialization_and_destruction_0v
                0x08004ed8       0x50 ./Core/Src/Utils.o
 .text._Z41__static_initialization_and_destruction_1v
                0x08004f28       0x1c ./Core/Src/Utils.o
 .text._GLOBAL__sub_I_ctrl
                0x08004f44        0xa ./Core/Src/Utils.o
 .text._GLOBAL__sub_D_ctrl
                0x08004f4e        0xa ./Core/Src/Utils.o
 .text.main     0x08004f58       0x36 ./Core/Src/main.o
                0x08004f58                main
 *fill*         0x08004f8e        0x2 
 .text.SystemClock_Config
                0x08004f90       0xc8 ./Core/Src/main.o
                0x08004f90                SystemClock_Config
 .text.MX_CAN1_Init
                0x08005058       0x6c ./Core/Src/main.o
 .text.MX_I2C1_Init
                0x080050c4       0x80 ./Core/Src/main.o
 .text.MX_RTC_Init
                0x08005144       0xb8 ./Core/Src/main.o
 .text.MX_SPI1_Init
                0x080051fc       0x7c ./Core/Src/main.o
 .text.MX_USART1_UART_Init
                0x08005278       0x60 ./Core/Src/main.o
 .text.MX_USART2_UART_Init
                0x080052d8       0x68 ./Core/Src/main.o
 .text.MX_DMA_Init
                0x08005340       0x8c ./Core/Src/main.o
 .text.MX_GPIO_Init
                0x080053cc       0xc0 ./Core/Src/main.o
 .text.Error_Handler
                0x0800548c        0xc ./Core/Src/main.o
                0x0800548c                Error_Handler
 .text._Z6tickedv
                0x08005498       0x38 ./Core/Src/microsecs.o
                0x08005498                ticked()
 .text._ZN20my_microsecond_timer12read_systickEi
                0x080054d0       0x60 ./Core/Src/microsecs.o
                0x080054d0                my_microsecond_timer::read_systick(int)
 .text._ZN20my_microsecond_timer7restartEv
                0x08005530       0x18 ./Core/Src/microsecs.o
                0x08005530                my_microsecond_timer::restart()
 .text._ZN20my_microsecond_timer4readEv
                0x08005548       0x70 ./Core/Src/microsecs.o
                0x08005548                my_microsecond_timer::read()
 .text._ZNK17i2eeprom_settings8list_lenEv
                0x080055b8       0x38 ./Core/Src/settings.o
                0x080055b8                i2eeprom_settings::list_len() const
 .text._ZN17i2eeprom_settings7set_oneER10parameters
                0x080055f0       0xbc ./Core/Src/settings.o
                0x080055f0                i2eeprom_settings::set_one(parameters&)
 .text._ZN17i2eeprom_settings19find_word_in_stringEPKcS1_Rm
                0x080056ac       0xa0 ./Core/Src/settings.o
                0x080056ac                i2eeprom_settings::find_word_in_string(char const*, char const*, unsigned long&)
 .text._ZN17i2eeprom_settings13fcwi_set_listEPKcRm
                0x0800574c       0x66 ./Core/Src/settings.o
                0x0800574c                i2eeprom_settings::fcwi_set_list(char const*, unsigned long&)
 *fill*         0x080057b2        0x2 
 .text._ZN17i2eeprom_settings4editER10parameters
                0x080057b4      0x148 ./Core/Src/settings.o
                0x080057b4                i2eeprom_settings::edit(parameters&)
 .text._ZN17i2eeprom_settings12set_defaultsEv
                0x080058fc       0x94 ./Core/Src/settings.o
                0x080058fc                i2eeprom_settings::set_defaults()
 .text._ZN17i2eeprom_settings5read1EPKcRlRf
                0x08005990       0x54 ./Core/Src/settings.o
                0x08005990                i2eeprom_settings::read1(char const*, long&, float&)
 .text._ZNK17i2eeprom_settings12write_eepromEmPKcm
                0x080059e4       0xe8 ./Core/Src/settings.o
                0x080059e4                i2eeprom_settings::write_eeprom(unsigned long, char const*, unsigned long) const
 .text._ZN17i2eeprom_settings4loadEv
                0x08005acc      0x118 ./Core/Src/settings.o
                0x08005acc                i2eeprom_settings::load()
 .text._ZNK17i2eeprom_settings4saveEv
                0x08005be4       0x2e ./Core/Src/settings.o
                0x08005be4                i2eeprom_settings::save() const
 *fill*         0x08005c12        0x2 
 .text.HAL_MspInit
                0x08005c14       0x48 ./Core/Src/stm32l4xx_hal_msp.o
                0x08005c14                HAL_MspInit
 .text.HAL_CAN_MspInit
                0x08005c5c       0xb8 ./Core/Src/stm32l4xx_hal_msp.o
                0x08005c5c                HAL_CAN_MspInit
 .text.HAL_I2C_MspInit
                0x08005d14       0xb0 ./Core/Src/stm32l4xx_hal_msp.o
                0x08005d14                HAL_I2C_MspInit
 .text.HAL_RTC_MspInit
                0x08005dc4       0x60 ./Core/Src/stm32l4xx_hal_msp.o
                0x08005dc4                HAL_RTC_MspInit
 .text.HAL_SPI_MspInit
                0x08005e24      0x14c ./Core/Src/stm32l4xx_hal_msp.o
                0x08005e24                HAL_SPI_MspInit
 .text.HAL_UART_MspInit
                0x08005f70      0x2e0 ./Core/Src/stm32l4xx_hal_msp.o
                0x08005f70                HAL_UART_MspInit
 .text.NMI_Handler
                0x08006250        0x8 ./Core/Src/stm32l4xx_it.o
                0x08006250                NMI_Handler
 .text.HardFault_Handler
                0x08006258        0x8 ./Core/Src/stm32l4xx_it.o
                0x08006258                HardFault_Handler
 .text.MemManage_Handler
                0x08006260        0x8 ./Core/Src/stm32l4xx_it.o
                0x08006260                MemManage_Handler
 .text.BusFault_Handler
                0x08006268        0x8 ./Core/Src/stm32l4xx_it.o
                0x08006268                BusFault_Handler
 .text.UsageFault_Handler
                0x08006270        0x8 ./Core/Src/stm32l4xx_it.o
                0x08006270                UsageFault_Handler
 .text.SVC_Handler
                0x08006278        0xe ./Core/Src/stm32l4xx_it.o
                0x08006278                SVC_Handler
 .text.DebugMon_Handler
                0x08006286        0xe ./Core/Src/stm32l4xx_it.o
                0x08006286                DebugMon_Handler
 .text.PendSV_Handler
                0x08006294        0xe ./Core/Src/stm32l4xx_it.o
                0x08006294                PendSV_Handler
 .text.SysTick_Handler
                0x080062a2        0xc ./Core/Src/stm32l4xx_it.o
                0x080062a2                SysTick_Handler
 *fill*         0x080062ae        0x2 
 .text.DMA1_Channel2_IRQHandler
                0x080062b0       0x14 ./Core/Src/stm32l4xx_it.o
                0x080062b0                DMA1_Channel2_IRQHandler
 .text.DMA1_Channel3_IRQHandler
                0x080062c4       0x14 ./Core/Src/stm32l4xx_it.o
                0x080062c4                DMA1_Channel3_IRQHandler
 .text.DMA1_Channel4_IRQHandler
                0x080062d8       0x14 ./Core/Src/stm32l4xx_it.o
                0x080062d8                DMA1_Channel4_IRQHandler
 .text.DMA1_Channel5_IRQHandler
                0x080062ec       0x14 ./Core/Src/stm32l4xx_it.o
                0x080062ec                DMA1_Channel5_IRQHandler
 .text.DMA1_Channel6_IRQHandler
                0x08006300       0x14 ./Core/Src/stm32l4xx_it.o
                0x08006300                DMA1_Channel6_IRQHandler
 .text.DMA1_Channel7_IRQHandler
                0x08006314       0x14 ./Core/Src/stm32l4xx_it.o
                0x08006314                DMA1_Channel7_IRQHandler
 .text.CAN1_TX_IRQHandler
                0x08006328       0x14 ./Core/Src/stm32l4xx_it.o
                0x08006328                CAN1_TX_IRQHandler
 .text.CAN1_RX0_IRQHandler
                0x0800633c       0x14 ./Core/Src/stm32l4xx_it.o
                0x0800633c                CAN1_RX0_IRQHandler
 .text.CAN1_RX1_IRQHandler
                0x08006350       0x14 ./Core/Src/stm32l4xx_it.o
                0x08006350                CAN1_RX1_IRQHandler
 .text.SPI1_IRQHandler
                0x08006364       0x14 ./Core/Src/stm32l4xx_it.o
                0x08006364                SPI1_IRQHandler
 .text.USART1_IRQHandler
                0x08006378       0x14 ./Core/Src/stm32l4xx_it.o
                0x08006378                USART1_IRQHandler
 .text.USART2_IRQHandler
                0x0800638c       0x14 ./Core/Src/stm32l4xx_it.o
                0x0800638c                USART2_IRQHandler
 .text._getpid  0x080063a0       0x10 ./Core/Src/syscalls.o
                0x080063a0                _getpid
 .text._kill    0x080063b0       0x20 ./Core/Src/syscalls.o
                0x080063b0                _kill
 .text._exit    0x080063d0       0x16 ./Core/Src/syscalls.o
                0x080063d0                _exit
 .text._read    0x080063e6       0x3a ./Core/Src/syscalls.o
                0x080063e6                _read
 .text._write   0x08006420       0x38 ./Core/Src/syscalls.o
                0x08006420                _write
 .text._close   0x08006458       0x18 ./Core/Src/syscalls.o
                0x08006458                _close
 .text._fstat   0x08006470       0x20 ./Core/Src/syscalls.o
                0x08006470                _fstat
 .text._isatty  0x08006490       0x16 ./Core/Src/syscalls.o
                0x08006490                _isatty
 .text._lseek   0x080064a6       0x1a ./Core/Src/syscalls.o
                0x080064a6                _lseek
 .text._sbrk    0x080064c0       0x6c ./Core/Src/sysmem.o
                0x080064c0                _sbrk
 .text.SystemInit
                0x0800652c       0x24 ./Core/Src/system_stm32l4xx.o
                0x0800652c                SystemInit
 .text.Reset_Handler
                0x08006550       0x50 ./Core/Startup/startup_stm32l432kcux.o
                0x08006550                Reset_Handler
 .text.Default_Handler
                0x080065a0        0x2 ./Core/Startup/startup_stm32l432kcux.o
                0x080065a0                RTC_Alarm_IRQHandler
                0x080065a0                EXTI2_IRQHandler
                0x080065a0                TIM1_CC_IRQHandler
                0x080065a0                TSC_IRQHandler
                0x080065a0                TAMP_STAMP_IRQHandler
                0x080065a0                EXTI3_IRQHandler
                0x080065a0                LPTIM2_IRQHandler
                0x080065a0                I2C3_ER_IRQHandler
                0x080065a0                EXTI0_IRQHandler
                0x080065a0                FPU_IRQHandler
                0x080065a0                TIM1_UP_TIM16_IRQHandler
                0x080065a0                TIM6_DAC_IRQHandler
                0x080065a0                DMA2_Channel2_IRQHandler
                0x080065a0                ADC1_IRQHandler
                0x080065a0                DMA2_Channel1_IRQHandler
                0x080065a0                QUADSPI_IRQHandler
                0x080065a0                I2C1_EV_IRQHandler
                0x080065a0                DMA2_Channel4_IRQHandler
                0x080065a0                RCC_IRQHandler
                0x080065a0                TIM1_TRG_COM_IRQHandler
                0x080065a0                DMA1_Channel1_IRQHandler
                0x080065a0                Default_Handler
                0x080065a0                DMA2_Channel7_IRQHandler
                0x080065a0                EXTI15_10_IRQHandler
                0x080065a0                TIM7_IRQHandler
                0x080065a0                I2C3_EV_IRQHandler
                0x080065a0                USB_IRQHandler
                0x080065a0                EXTI9_5_IRQHandler
                0x080065a0                RTC_WKUP_IRQHandler
                0x080065a0                PVD_PVM_IRQHandler
                0x080065a0                DMA2_Channel5_IRQHandler
                0x080065a0                CRS_IRQHandler
                0x080065a0                EXTI4_IRQHandler
                0x080065a0                RNG_IRQHandler
                0x080065a0                COMP_IRQHandler
                0x080065a0                WWDG_IRQHandler
                0x080065a0                LPUART1_IRQHandler
                0x080065a0                DMA2_Channel6_IRQHandler
                0x080065a0                TIM2_IRQHandler
                0x080065a0                EXTI1_IRQHandler
                0x080065a0                CAN1_SCE_IRQHandler
                0x080065a0                FLASH_IRQHandler
                0x080065a0                SPI3_IRQHandler
                0x080065a0                I2C1_ER_IRQHandler
                0x080065a0                SWPMI1_IRQHandler
                0x080065a0                LPTIM1_IRQHandler
                0x080065a0                SAI1_IRQHandler
                0x080065a0                DMA2_Channel3_IRQHandler
                0x080065a0                TIM1_BRK_TIM15_IRQHandler
 .text.HAL_Init
                0x080065a2       0x30 ./Drivers/STM32L4xx_HAL_Driver/Src/stm32l4xx_hal.o
                0x080065a2                HAL_Init
 *fill*         0x080065d2        0x2 
 .text.HAL_InitTick
                0x080065d4       0x78 ./Drivers/STM32L4xx_HAL_Driver/Src/stm32l4xx_hal.o
                0x080065d4                HAL_InitTick
 .text.HAL_IncTick
                0x0800664c       0x28 ./Drivers/STM32L4xx_HAL_Driver/Src/stm32l4xx_hal.o
                0x0800664c                HAL_IncTick
 .text.HAL_GetTick
                0x08006674       0x18 ./Drivers/STM32L4xx_HAL_Driver/Src/stm32l4xx_hal.o
                0x08006674                HAL_GetTick
 .text.HAL_Delay
                0x0800668c       0x48 ./Drivers/STM32L4xx_HAL_Driver/Src/stm32l4xx_hal.o
                0x0800668c                HAL_Delay
 .text.HAL_CAN_Init
                0x080066d4      0x1f6 ./Drivers/STM32L4xx_HAL_Driver/Src/stm32l4xx_hal_can.o
                0x080066d4                HAL_CAN_Init
 .text.HAL_CAN_ConfigFilter
                0x080068ca      0x194 ./Drivers/STM32L4xx_HAL_Driver/Src/stm32l4xx_hal_can.o
                0x080068ca                HAL_CAN_ConfigFilter
 .text.HAL_CAN_Start
                0x08006a5e       0x88 ./Drivers/STM32L4xx_HAL_Driver/Src/stm32l4xx_hal_can.o
                0x08006a5e                HAL_CAN_Start
 .text.HAL_CAN_AddTxMessage
                0x08006ae6      0x1a0 ./Drivers/STM32L4xx_HAL_Driver/Src/stm32l4xx_hal_can.o
                0x08006ae6                HAL_CAN_AddTxMessage
 .text.HAL_CAN_GetRxMessage
                0x08006c86      0x244 ./Drivers/STM32L4xx_HAL_Driver/Src/stm32l4xx_hal_can.o
                0x08006c86                HAL_CAN_GetRxMessage
 .text.HAL_CAN_ActivateNotification
                0x08006eca       0x4c ./Drivers/STM32L4xx_HAL_Driver/Src/stm32l4xx_hal_can.o
                0x08006eca                HAL_CAN_ActivateNotification
 .text.HAL_CAN_IRQHandler
                0x08006f16      0x36e ./Drivers/STM32L4xx_HAL_Driver/Src/stm32l4xx_hal_can.o
                0x08006f16                HAL_CAN_IRQHandler
 .text.HAL_CAN_TxMailbox0CompleteCallback
                0x08007284       0x14 ./Drivers/STM32L4xx_HAL_Driver/Src/stm32l4xx_hal_can.o
                0x08007284                HAL_CAN_TxMailbox0CompleteCallback
 .text.HAL_CAN_TxMailbox1CompleteCallback
                0x08007298       0x14 ./Drivers/STM32L4xx_HAL_Driver/Src/stm32l4xx_hal_can.o
                0x08007298                HAL_CAN_TxMailbox1CompleteCallback
 .text.HAL_CAN_TxMailbox2CompleteCallback
                0x080072ac       0x14 ./Drivers/STM32L4xx_HAL_Driver/Src/stm32l4xx_hal_can.o
                0x080072ac                HAL_CAN_TxMailbox2CompleteCallback
 .text.HAL_CAN_TxMailbox0AbortCallback
                0x080072c0       0x14 ./Drivers/STM32L4xx_HAL_Driver/Src/stm32l4xx_hal_can.o
                0x080072c0                HAL_CAN_TxMailbox0AbortCallback
 .text.HAL_CAN_TxMailbox1AbortCallback
                0x080072d4       0x14 ./Drivers/STM32L4xx_HAL_Driver/Src/stm32l4xx_hal_can.o
                0x080072d4                HAL_CAN_TxMailbox1AbortCallback
 .text.HAL_CAN_TxMailbox2AbortCallback
                0x080072e8       0x14 ./Drivers/STM32L4xx_HAL_Driver/Src/stm32l4xx_hal_can.o
                0x080072e8                HAL_CAN_TxMailbox2AbortCallback
 .text.HAL_CAN_SleepCallback
                0x080072fc       0x14 ./Drivers/STM32L4xx_HAL_Driver/Src/stm32l4xx_hal_can.o
                0x080072fc                HAL_CAN_SleepCallback
 .text.HAL_CAN_WakeUpFromRxMsgCallback
                0x08007310       0x14 ./Drivers/STM32L4xx_HAL_Driver/Src/stm32l4xx_hal_can.o
                0x08007310                HAL_CAN_WakeUpFromRxMsgCallback
 .text.HAL_CAN_ErrorCallback
                0x08007324       0x14 ./Drivers/STM32L4xx_HAL_Driver/Src/stm32l4xx_hal_can.o
                0x08007324                HAL_CAN_ErrorCallback
 .text.__NVIC_SetPriorityGrouping
                0x08007338       0x48 ./Drivers/STM32L4xx_HAL_Driver/Src/stm32l4xx_hal_cortex.o
 .text.__NVIC_GetPriorityGrouping
                0x08007380       0x1c ./Drivers/STM32L4xx_HAL_Driver/Src/stm32l4xx_hal_cortex.o
 .text.__NVIC_EnableIRQ
                0x0800739c       0x3c ./Drivers/STM32L4xx_HAL_Driver/Src/stm32l4xx_hal_cortex.o
 .text.__NVIC_SetPriority
                0x080073d8       0x54 ./Drivers/STM32L4xx_HAL_Driver/Src/stm32l4xx_hal_cortex.o
 .text.NVIC_EncodePriority
                0x0800742c       0x66 ./Drivers/STM32L4xx_HAL_Driver/Src/stm32l4xx_hal_cortex.o
 *fill*         0x08007492        0x2 
 .text.SysTick_Config
                0x08007494       0x44 ./Drivers/STM32L4xx_HAL_Driver/Src/stm32l4xx_hal_cortex.o
 .text.HAL_NVIC_SetPriorityGrouping
                0x080074d8       0x16 ./Drivers/STM32L4xx_HAL_Driver/Src/stm32l4xx_hal_cortex.o
                0x080074d8                HAL_NVIC_SetPriorityGrouping
 .text.HAL_NVIC_SetPriority
                0x080074ee       0x38 ./Drivers/STM32L4xx_HAL_Driver/Src/stm32l4xx_hal_cortex.o
                0x080074ee                HAL_NVIC_SetPriority
 .text.HAL_NVIC_EnableIRQ
                0x08007526       0x1c ./Drivers/STM32L4xx_HAL_Driver/Src/stm32l4xx_hal_cortex.o
                0x08007526                HAL_NVIC_EnableIRQ
 .text.HAL_SYSTICK_Config
                0x08007542       0x18 ./Drivers/STM32L4xx_HAL_Driver/Src/stm32l4xx_hal_cortex.o
                0x08007542                HAL_SYSTICK_Config
 *fill*         0x0800755a        0x2 
 .text.HAL_DMA_Init
                0x0800755c      0x170 ./Drivers/STM32L4xx_HAL_Driver/Src/stm32l4xx_hal_dma.o
                0x0800755c                HAL_DMA_Init
 .text.HAL_DMA_Start_IT
                0x080076cc       0xc6 ./Drivers/STM32L4xx_HAL_Driver/Src/stm32l4xx_hal_dma.o
                0x080076cc                HAL_DMA_Start_IT
 .text.HAL_DMA_Abort
                0x08007792       0x82 ./Drivers/STM32L4xx_HAL_Driver/Src/stm32l4xx_hal_dma.o
                0x08007792                HAL_DMA_Abort
 .text.HAL_DMA_Abort_IT
                0x08007814       0x82 ./Drivers/STM32L4xx_HAL_Driver/Src/stm32l4xx_hal_dma.o
                0x08007814                HAL_DMA_Abort_IT
 *fill*         0x08007896        0x2 
 .text.HAL_DMA_IRQHandler
                0x08007898      0x18c ./Drivers/STM32L4xx_HAL_Driver/Src/stm32l4xx_hal_dma.o
                0x08007898                HAL_DMA_IRQHandler
 .text.DMA_SetConfig
                0x08007a24       0x60 ./Drivers/STM32L4xx_HAL_Driver/Src/stm32l4xx_hal_dma.o
 .text.HAL_GPIO_Init
                0x08007a84      0x2d4 ./Drivers/STM32L4xx_HAL_Driver/Src/stm32l4xx_hal_gpio.o
                0x08007a84                HAL_GPIO_Init
 .text.HAL_GPIO_WritePin
                0x08007d58       0x30 ./Drivers/STM32L4xx_HAL_Driver/Src/stm32l4xx_hal_gpio.o
                0x08007d58                HAL_GPIO_WritePin
 .text.HAL_GPIO_TogglePin
                0x08007d88       0x34 ./Drivers/STM32L4xx_HAL_Driver/Src/stm32l4xx_hal_gpio.o
                0x08007d88                HAL_GPIO_TogglePin
 .text.HAL_I2C_Init
                0x08007dbc      0x136 ./Drivers/STM32L4xx_HAL_Driver/Src/stm32l4xx_hal_i2c.o
                0x08007dbc                HAL_I2C_Init
 *fill*         0x08007ef2        0x2 
 .text.HAL_I2C_Master_Transmit
                0x08007ef4      0x230 ./Drivers/STM32L4xx_HAL_Driver/Src/stm32l4xx_hal_i2c.o
                0x08007ef4                HAL_I2C_Master_Transmit
 .text.HAL_I2C_Master_Receive
                0x08008124      0x1ec ./Drivers/STM32L4xx_HAL_Driver/Src/stm32l4xx_hal_i2c.o
                0x08008124                HAL_I2C_Master_Receive
 .text.I2C_Flush_TXDR
                0x08008310       0x48 ./Drivers/STM32L4xx_HAL_Driver/Src/stm32l4xx_hal_i2c.o
 .text.I2C_WaitOnFlagUntilTimeout
                0x08008358       0xb2 ./Drivers/STM32L4xx_HAL_Driver/Src/stm32l4xx_hal_i2c.o
 .text.I2C_WaitOnTXISFlagUntilTimeout
                0x0800840a       0x8e ./Drivers/STM32L4xx_HAL_Driver/Src/stm32l4xx_hal_i2c.o
 .text.I2C_WaitOnSTOPFlagUntilTimeout
                0x08008498       0x86 ./Drivers/STM32L4xx_HAL_Driver/Src/stm32l4xx_hal_i2c.o
 *fill*         0x0800851e        0x2 
 .text.I2C_WaitOnRXNEFlagUntilTimeout
                0x08008520      0x118 ./Drivers/STM32L4xx_HAL_Driver/Src/stm32l4xx_hal_i2c.o
 .text.I2C_IsErrorOccurred
                0x08008638      0x1c0 ./Drivers/STM32L4xx_HAL_Driver/Src/stm32l4xx_hal_i2c.o
 .text.I2C_TransferConfig
                0x080087f8       0x64 ./Drivers/STM32L4xx_HAL_Driver/Src/stm32l4xx_hal_i2c.o
 .text.HAL_I2CEx_ConfigAnalogFilter
                0x0800885c       0x96 ./Drivers/STM32L4xx_HAL_Driver/Src/stm32l4xx_hal_i2c_ex.o
                0x0800885c                HAL_I2CEx_ConfigAnalogFilter
 .text.HAL_I2CEx_ConfigDigitalFilter
                0x080088f2       0x98 ./Drivers/STM32L4xx_HAL_Driver/Src/stm32l4xx_hal_i2c_ex.o
                0x080088f2                HAL_I2CEx_ConfigDigitalFilter
 *fill*         0x0800898a        0x2 
 .text.HAL_PWR_EnableBkUpAccess
                0x0800898c       0x20 ./Drivers/STM32L4xx_HAL_Driver/Src/stm32l4xx_hal_pwr.o
                0x0800898c                HAL_PWR_EnableBkUpAccess
 .text.HAL_PWREx_GetVoltageRange
                0x080089ac       0x1c ./Drivers/STM32L4xx_HAL_Driver/Src/stm32l4xx_hal_pwr_ex.o
                0x080089ac                HAL_PWREx_GetVoltageRange
 .text.HAL_PWREx_ControlVoltageScaling
                0x080089c8       0xac ./Drivers/STM32L4xx_HAL_Driver/Src/stm32l4xx_hal_pwr_ex.o
                0x080089c8                HAL_PWREx_ControlVoltageScaling
 .text.HAL_RCC_OscConfig
                0x08008a74      0x828 ./Drivers/STM32L4xx_HAL_Driver/Src/stm32l4xx_hal_rcc.o
                0x08008a74                HAL_RCC_OscConfig
 .text.HAL_RCC_ClockConfig
                0x0800929c      0x200 ./Drivers/STM32L4xx_HAL_Driver/Src/stm32l4xx_hal_rcc.o
                0x0800929c                HAL_RCC_ClockConfig
 .text.HAL_RCC_GetSysClockFreq
                0x0800949c      0x118 ./Drivers/STM32L4xx_HAL_Driver/Src/stm32l4xx_hal_rcc.o
                0x0800949c                HAL_RCC_GetSysClockFreq
 .text.HAL_RCC_GetHCLKFreq
                0x080095b4       0x18 ./Drivers/STM32L4xx_HAL_Driver/Src/stm32l4xx_hal_rcc.o
                0x080095b4                HAL_RCC_GetHCLKFreq
 .text.HAL_RCC_GetPCLK1Freq
                0x080095cc       0x2c ./Drivers/STM32L4xx_HAL_Driver/Src/stm32l4xx_hal_rcc.o
                0x080095cc                HAL_RCC_GetPCLK1Freq
 .text.HAL_RCC_GetPCLK2Freq
                0x080095f8       0x2c ./Drivers/STM32L4xx_HAL_Driver/Src/stm32l4xx_hal_rcc.o
                0x080095f8                HAL_RCC_GetPCLK2Freq
 .text.RCC_SetFlashLatencyFromMSIRange
                0x08009624       0xc0 ./Drivers/STM32L4xx_HAL_Driver/Src/stm32l4xx_hal_rcc.o
 .text.HAL_RCCEx_PeriphCLKConfig
                0x080096e4      0x3ec ./Drivers/STM32L4xx_HAL_Driver/Src/stm32l4xx_hal_rcc_ex.o
                0x080096e4                HAL_RCCEx_PeriphCLKConfig
 .text.HAL_RCCEx_EnableMSIPLLMode
                0x08009ad0       0x20 ./Drivers/STM32L4xx_HAL_Driver/Src/stm32l4xx_hal_rcc_ex.o
                0x08009ad0                HAL_RCCEx_EnableMSIPLLMode
 .text.RCCEx_PLLSAI1_Config
                0x08009af0      0x1e4 ./Drivers/STM32L4xx_HAL_Driver/Src/stm32l4xx_hal_rcc_ex.o
 .text.HAL_RTC_Init
                0x08009cd4      0x110 ./Drivers/STM32L4xx_HAL_Driver/Src/stm32l4xx_hal_rtc.o
                0x08009cd4                HAL_RTC_Init
 .text.HAL_RTC_SetTime
                0x08009de4      0x13a ./Drivers/STM32L4xx_HAL_Driver/Src/stm32l4xx_hal_rtc.o
                0x08009de4                HAL_RTC_SetTime
 .text.HAL_RTC_SetDate
                0x08009f1e      0x10e ./Drivers/STM32L4xx_HAL_Driver/Src/stm32l4xx_hal_rtc.o
                0x08009f1e                HAL_RTC_SetDate
 .text.HAL_RTC_WaitForSynchro
                0x0800a02c       0x48 ./Drivers/STM32L4xx_HAL_Driver/Src/stm32l4xx_hal_rtc.o
                0x0800a02c                HAL_RTC_WaitForSynchro
 .text.RTC_EnterInitMode
                0x0800a074       0x66 ./Drivers/STM32L4xx_HAL_Driver/Src/stm32l4xx_hal_rtc.o
                0x0800a074                RTC_EnterInitMode
 *fill*         0x0800a0da        0x2 
 .text.RTC_ExitInitMode
                0x0800a0dc       0x7c ./Drivers/STM32L4xx_HAL_Driver/Src/stm32l4xx_hal_rtc.o
                0x0800a0dc                RTC_ExitInitMode
 .text.RTC_ByteToBcd2
                0x0800a158       0x40 ./Drivers/STM32L4xx_HAL_Driver/Src/stm32l4xx_hal_rtc.o
                0x0800a158                RTC_ByteToBcd2
 .text.HAL_SPI_Init
                0x0800a198      0x146 ./Drivers/STM32L4xx_HAL_Driver/Src/stm32l4xx_hal_spi.o
                0x0800a198                HAL_SPI_Init
 *fill*         0x0800a2de        0x2 
 .text.HAL_SPI_TransmitReceive_DMA
                0x0800a2e0      0x30c ./Drivers/STM32L4xx_HAL_Driver/Src/stm32l4xx_hal_spi.o
                0x0800a2e0                HAL_SPI_TransmitReceive_DMA
 .text.HAL_SPI_IRQHandler
                0x0800a5ec      0x200 ./Drivers/STM32L4xx_HAL_Driver/Src/stm32l4xx_hal_spi.o
                0x0800a5ec                HAL_SPI_IRQHandler
 .text.HAL_SPI_RxCpltCallback
                0x0800a7ec       0x14 ./Drivers/STM32L4xx_HAL_Driver/Src/stm32l4xx_hal_spi.o
                0x0800a7ec                HAL_SPI_RxCpltCallback
 .text.HAL_SPI_RxHalfCpltCallback
                0x0800a800       0x14 ./Drivers/STM32L4xx_HAL_Driver/Src/stm32l4xx_hal_spi.o
                0x0800a800                HAL_SPI_RxHalfCpltCallback
 .text.HAL_SPI_TxRxHalfCpltCallback
                0x0800a814       0x14 ./Drivers/STM32L4xx_HAL_Driver/Src/stm32l4xx_hal_spi.o
                0x0800a814                HAL_SPI_TxRxHalfCpltCallback
 .text.HAL_SPI_ErrorCallback
                0x0800a828       0x14 ./Drivers/STM32L4xx_HAL_Driver/Src/stm32l4xx_hal_spi.o
                0x0800a828                HAL_SPI_ErrorCallback
 .text.SPI_DMAReceiveCplt
                0x0800a83c       0xa8 ./Drivers/STM32L4xx_HAL_Driver/Src/stm32l4xx_hal_spi.o
 .text.SPI_DMATransmitReceiveCplt
                0x0800a8e4       0x90 ./Drivers/STM32L4xx_HAL_Driver/Src/stm32l4xx_hal_spi.o
 .text.SPI_DMAHalfReceiveCplt
                0x0800a974       0x1c ./Drivers/STM32L4xx_HAL_Driver/Src/stm32l4xx_hal_spi.o
 .text.SPI_DMAHalfTransmitReceiveCplt
                0x0800a990       0x1c ./Drivers/STM32L4xx_HAL_Driver/Src/stm32l4xx_hal_spi.o
 .text.SPI_DMAError
                0x0800a9ac       0x40 ./Drivers/STM32L4xx_HAL_Driver/Src/stm32l4xx_hal_spi.o
 .text.SPI_DMAAbortOnError
                0x0800a9ec       0x2a ./Drivers/STM32L4xx_HAL_Driver/Src/stm32l4xx_hal_spi.o
 *fill*         0x0800aa16        0x2 
 .text.SPI_WaitFlagStateUntilTimeout
                0x0800aa18      0x110 ./Drivers/STM32L4xx_HAL_Driver/Src/stm32l4xx_hal_spi.o
 .text.SPI_WaitFifoStateUntilTimeout
                0x0800ab28      0x12c ./Drivers/STM32L4xx_HAL_Driver/Src/stm32l4xx_hal_spi.o
 .text.SPI_EndRxTransaction
                0x0800ac54       0xb0 ./Drivers/STM32L4xx_HAL_Driver/Src/stm32l4xx_hal_spi.o
 .text.SPI_EndRxTxTransaction
                0x0800ad04       0x8c ./Drivers/STM32L4xx_HAL_Driver/Src/stm32l4xx_hal_spi.o
 .text.HAL_UART_Init
                0x0800ad90       0x9c ./Drivers/STM32L4xx_HAL_Driver/Src/stm32l4xx_hal_uart.o
                0x0800ad90                HAL_UART_Init
 .text.HAL_UART_Transmit_DMA
                0x0800ae2c       0xf8 ./Drivers/STM32L4xx_HAL_Driver/Src/stm32l4xx_hal_uart.o
                0x0800ae2c                HAL_UART_Transmit_DMA
 .text.HAL_UART_Receive_DMA
                0x0800af24       0x98 ./Drivers/STM32L4xx_HAL_Driver/Src/stm32l4xx_hal_uart.o
                0x0800af24                HAL_UART_Receive_DMA
 .text.HAL_UART_IRQHandler
                0x0800afbc      0x60c ./Drivers/STM32L4xx_HAL_Driver/Src/stm32l4xx_hal_uart.o
                0x0800afbc                HAL_UART_IRQHandler
 .text.HAL_UART_TxHalfCpltCallback
                0x0800b5c8       0x14 ./Drivers/STM32L4xx_HAL_Driver/Src/stm32l4xx_hal_uart.o
                0x0800b5c8                HAL_UART_TxHalfCpltCallback
 .text.HAL_UART_RxHalfCpltCallback
                0x0800b5dc       0x14 ./Drivers/STM32L4xx_HAL_Driver/Src/stm32l4xx_hal_uart.o
                0x0800b5dc                HAL_UART_RxHalfCpltCallback
 .text.HAL_UARTEx_RxEventCallback
                0x0800b5f0       0x18 ./Drivers/STM32L4xx_HAL_Driver/Src/stm32l4xx_hal_uart.o
                0x0800b5f0                HAL_UARTEx_RxEventCallback
 .text.UART_SetConfig
                0x0800b608      0x458 ./Drivers/STM32L4xx_HAL_Driver/Src/stm32l4xx_hal_uart.o
                0x0800b608                UART_SetConfig
 .text.UART_AdvFeatureConfig
                0x0800ba60      0x144 ./Drivers/STM32L4xx_HAL_Driver/Src/stm32l4xx_hal_uart.o
                0x0800ba60                UART_AdvFeatureConfig
 .text.UART_CheckIdleState
                0x0800bba4      0x150 ./Drivers/STM32L4xx_HAL_Driver/Src/stm32l4xx_hal_uart.o
                0x0800bba4                UART_CheckIdleState
 .text.UART_WaitOnFlagUntilTimeout
                0x0800bcf4       0xda ./Drivers/STM32L4xx_HAL_Driver/Src/stm32l4xx_hal_uart.o
                0x0800bcf4                UART_WaitOnFlagUntilTimeout
 *fill*         0x0800bdce        0x2 
 .text.UART_Start_Receive_DMA
                0x0800bdd0      0x140 ./Drivers/STM32L4xx_HAL_Driver/Src/stm32l4xx_hal_uart.o
                0x0800bdd0                UART_Start_Receive_DMA
 .text.UART_EndTxTransfer
                0x0800bf10       0x4c ./Drivers/STM32L4xx_HAL_Driver/Src/stm32l4xx_hal_uart.o
 .text.UART_EndRxTransfer
                0x0800bf5c       0xc8 ./Drivers/STM32L4xx_HAL_Driver/Src/stm32l4xx_hal_uart.o
 .text.UART_DMATransmitCplt
                0x0800c024       0x92 ./Drivers/STM32L4xx_HAL_Driver/Src/stm32l4xx_hal_uart.o
 .text.UART_DMATxHalfCplt
                0x0800c0b6       0x1c ./Drivers/STM32L4xx_HAL_Driver/Src/stm32l4xx_hal_uart.o
 .text.UART_DMAReceiveCplt
                0x0800c0d2      0x152 ./Drivers/STM32L4xx_HAL_Driver/Src/stm32l4xx_hal_uart.o
 .text.UART_DMARxHalfCplt
                0x0800c224       0x72 ./Drivers/STM32L4xx_HAL_Driver/Src/stm32l4xx_hal_uart.o
 .text.UART_DMAError
                0x0800c296       0x6e ./Drivers/STM32L4xx_HAL_Driver/Src/stm32l4xx_hal_uart.o
 .text.UART_DMAAbortOnError
                0x0800c304       0x1c ./Drivers/STM32L4xx_HAL_Driver/Src/stm32l4xx_hal_uart.o
 .text.UART_EndTransmit_IT
                0x0800c320       0x54 ./Drivers/STM32L4xx_HAL_Driver/Src/stm32l4xx_hal_uart.o
 .text.HAL_UARTEx_WakeupCallback
                0x0800c374       0x14 ./Drivers/STM32L4xx_HAL_Driver/Src/stm32l4xx_hal_uart_ex.o
                0x0800c374                HAL_UARTEx_WakeupCallback
 .text._ZdlPvj  0x0800c388        0x4 C:/ST/STM32CubeIDE_2.0.0/STM32CubeIDE/plugins/com.st.stm32cube.ide.mcu.externaltools.gnu-tools-for-stm32.13.3.rel1.win32_1.0.100.202509120712/tools/bin/../lib/gcc/arm-none-eabi/13.3.1/../../../../arm-none-eabi/lib/thumb/v7e-m+fp/hard\libstdc++_nano.a(del_ops.o)
                0x0800c388                operator delete(void*, unsigned int)
 .text._ZSt15get_new_handlerv
                0x0800c38c       0x10 C:/ST/STM32CubeIDE_2.0.0/STM32CubeIDE/plugins/com.st.stm32cube.ide.mcu.externaltools.gnu-tools-for-stm32.13.3.rel1.win32_1.0.100.202509120712/tools/bin/../lib/gcc/arm-none-eabi/13.3.1/../../../../arm-none-eabi/lib/thumb/v7e-m+fp/hard\libstdc++_nano.a(new_handler.o)
                0x0800c38c                std::get_new_handler()
 .text._ZnajRKSt9nothrow_t
                0x0800c39c        0x4 C:/ST/STM32CubeIDE_2.0.0/STM32CubeIDE/plugins/com.st.stm32cube.ide.mcu.externaltools.gnu-tools-for-stm32.13.3.rel1.win32_1.0.100.202509120712/tools/bin/../lib/gcc/arm-none-eabi/13.3.1/../../../../arm-none-eabi/lib/thumb/v7e-m+fp/hard\libstdc++_nano.a(new_opvnt.o)
                0x0800c39c                operator new[](unsigned int, std::nothrow_t const&)
 .text._ZdlPv   0x0800c3a0        0x4 C:/ST/STM32CubeIDE_2.0.0/STM32CubeIDE/plugins/com.st.stm32cube.ide.mcu.externaltools.gnu-tools-for-stm32.13.3.rel1.win32_1.0.100.202509120712/tools/bin/../lib/gcc/arm-none-eabi/13.3.1/../../../../arm-none-eabi/lib/thumb/v7e-m+fp/hard\libstdc++_nano.a(del_op.o)
                0x0800c3a0                operator delete(void*)
 .text._Znaj    0x0800c3a4        0x4 C:/ST/STM32CubeIDE_2.0.0/STM32CubeIDE/plugins/com.st.stm32cube.ide.mcu.externaltools.gnu-tools-for-stm32.13.3.rel1.win32_1.0.100.202509120712/tools/bin/../lib/gcc/arm-none-eabi/13.3.1/../../../../arm-none-eabi/lib/thumb/v7e-m+fp/hard\libstdc++_nano.a(new_opv.o)
                0x0800c3a4                operator new[](unsigned int)
 .text._Znwj    0x0800c3a8       0x22 C:/ST/STM32CubeIDE_2.0.0/STM32CubeIDE/plugins/com.st.stm32cube.ide.mcu.externaltools.gnu-tools-for-stm32.13.3.rel1.win32_1.0.100.202509120712/tools/bin/../lib/gcc/arm-none-eabi/13.3.1/../../../../arm-none-eabi/lib/thumb/v7e-m+fp/hard\libstdc++_nano.a(new_op.o)
                0x0800c3a8                operator new(unsigned int)
 .text.abort    0x0800c3ca        0xe C:/ST/STM32CubeIDE_2.0.0/STM32CubeIDE/plugins/com.st.stm32cube.ide.mcu.externaltools.gnu-tools-for-stm32.13.3.rel1.win32_1.0.100.202509120712/tools/bin/../lib/gcc/arm-none-eabi/13.3.1/../../../../arm-none-eabi/lib/thumb/v7e-m+fp/hard\libc_nano.a(libc_a-abort.o)
                0x0800c3ca                abort
 .text.malloc   0x0800c3d8       0x10 C:/ST/STM32CubeIDE_2.0.0/STM32CubeIDE/plugins/com.st.stm32cube.ide.mcu.externaltools.gnu-tools-for-stm32.13.3.rel1.win32_1.0.100.202509120712/tools/bin/../lib/gcc/arm-none-eabi/13.3.1/../../../../arm-none-eabi/lib/thumb/v7e-m+fp/hard\libc_nano.a(libc_a-malloc.o)
                0x0800c3d8                malloc
 .text.free     0x0800c3e8       0x10 C:/ST/STM32CubeIDE_2.0.0/STM32CubeIDE/plugins/com.st.stm32cube.ide.mcu.externaltools.gnu-tools-for-stm32.13.3.rel1.win32_1.0.100.202509120712/tools/bin/../lib/gcc/arm-none-eabi/13.3.1/../../../../arm-none-eabi/lib/thumb/v7e-m+fp/hard\libc_nano.a(libc_a-malloc.o)
                0x0800c3e8                free
 .text.sbrk_aligned
                0x0800c3f8       0x44 C:/ST/STM32CubeIDE_2.0.0/STM32CubeIDE/plugins/com.st.stm32cube.ide.mcu.externaltools.gnu-tools-for-stm32.13.3.rel1.win32_1.0.100.202509120712/tools/bin/../lib/gcc/arm-none-eabi/13.3.1/../../../../arm-none-eabi/lib/thumb/v7e-m+fp/hard\libc_nano.a(libc_a-mallocr.o)
 .text._malloc_r
                0x0800c43c      0x100 C:/ST/STM32CubeIDE_2.0.0/STM32CubeIDE/plugins/com.st.stm32cube.ide.mcu.externaltools.gnu-tools-for-stm32.13.3.rel1.win32_1.0.100.202509120712/tools/bin/../lib/gcc/arm-none-eabi/13.3.1/../../../../arm-none-eabi/lib/thumb/v7e-m+fp/hard\libc_nano.a(libc_a-mallocr.o)
                0x0800c43c                _malloc_r
 .text.__malloc_lock
                0x0800c53c        0xc C:/ST/STM32CubeIDE_2.0.0/STM32CubeIDE/plugins/com.st.stm32cube.ide.mcu.externaltools.gnu-tools-for-stm32.13.3.rel1.win32_1.0.100.202509120712/tools/bin/../lib/gcc/arm-none-eabi/13.3.1/../../../../arm-none-eabi/lib/thumb/v7e-m+fp/hard\libc_nano.a(libc_a-mlock.o)
                0x0800c53c                __malloc_lock
 .text.__malloc_unlock
                0x0800c548        0xc C:/ST/STM32CubeIDE_2.0.0/STM32CubeIDE/plugins/com.st.stm32cube.ide.mcu.externaltools.gnu-tools-for-stm32.13.3.rel1.win32_1.0.100.202509120712/tools/bin/../lib/gcc/arm-none-eabi/13.3.1/../../../../arm-none-eabi/lib/thumb/v7e-m+fp/hard\libc_nano.a(libc_a-mlock.o)
                0x0800c548                __malloc_unlock
 .text.sulp     0x0800c554       0x3c C:/ST/STM32CubeIDE_2.0.0/STM32CubeIDE/plugins/com.st.stm32cube.ide.mcu.externaltools.gnu-tools-for-stm32.13.3.rel1.win32_1.0.100.202509120712/tools/bin/../lib/gcc/arm-none-eabi/13.3.1/../../../../arm-none-eabi/lib/thumb/v7e-m+fp/hard\libc_nano.a(libc_a-strtod.o)
 .text._strtod_l
                0x0800c590      0xbc8 C:/ST/STM32CubeIDE_2.0.0/STM32CubeIDE/plugins/com.st.stm32cube.ide.mcu.externaltools.gnu-tools-for-stm32.13.3.rel1.win32_1.0.100.202509120712/tools/bin/../lib/gcc/arm-none-eabi/13.3.1/../../../../arm-none-eabi/lib/thumb/v7e-m+fp/hard\libc_nano.a(libc_a-strtod.o)
                0x0800c590                _strtod_l
 .text.strtof   0x0800d158       0xc8 C:/ST/STM32CubeIDE_2.0.0/STM32CubeIDE/plugins/com.st.stm32cube.ide.mcu.externaltools.gnu-tools-for-stm32.13.3.rel1.win32_1.0.100.202509120712/tools/bin/../lib/gcc/arm-none-eabi/13.3.1/../../../../arm-none-eabi/lib/thumb/v7e-m+fp/hard\libc_nano.a(libc_a-strtod.o)
                0x0800d158                strtof
 .text.isalpha  0x0800d220       0x10 C:/ST/STM32CubeIDE_2.0.0/STM32CubeIDE/plugins/com.st.stm32cube.ide.mcu.externaltools.gnu-tools-for-stm32.13.3.rel1.win32_1.0.100.202509120712/tools/bin/../lib/gcc/arm-none-eabi/13.3.1/../../../../arm-none-eabi/lib/thumb/v7e-m+fp/hard\libc_nano.a(libc_a-isalpha.o)
                0x0800d220                isalpha
 .text.isspace  0x0800d230       0x10 C:/ST/STM32CubeIDE_2.0.0/STM32CubeIDE/plugins/com.st.stm32cube.ide.mcu.externaltools.gnu-tools-for-stm32.13.3.rel1.win32_1.0.100.202509120712/tools/bin/../lib/gcc/arm-none-eabi/13.3.1/../../../../arm-none-eabi/lib/thumb/v7e-m+fp/hard\libc_nano.a(libc_a-isspace.o)
                0x0800d230                isspace
 .text.__cvt    0x0800d240       0xca C:/ST/STM32CubeIDE_2.0.0/STM32CubeIDE/plugins/com.st.stm32cube.ide.mcu.externaltools.gnu-tools-for-stm32.13.3.rel1.win32_1.0.100.202509120712/tools/bin/../lib/gcc/arm-none-eabi/13.3.1/../../../../arm-none-eabi/lib/thumb/v7e-m+fp/hard\libc_nano.a(libc_a-nano-vfprintf_float.o)
                0x0800d240                __cvt
 .text.__exponent
                0x0800d30a       0x74 C:/ST/STM32CubeIDE_2.0.0/STM32CubeIDE/plugins/com.st.stm32cube.ide.mcu.externaltools.gnu-tools-for-stm32.13.3.rel1.win32_1.0.100.202509120712/tools/bin/../lib/gcc/arm-none-eabi/13.3.1/../../../../arm-none-eabi/lib/thumb/v7e-m+fp/hard\libc_nano.a(libc_a-nano-vfprintf_float.o)
                0x0800d30a                __exponent
 *fill*         0x0800d37e        0x2 
 .text._printf_float
                0x0800d380      0x454 C:/ST/STM32CubeIDE_2.0.0/STM32CubeIDE/plugins/com.st.stm32cube.ide.mcu.externaltools.gnu-tools-for-stm32.13.3.rel1.win32_1.0.100.202509120712/tools/bin/../lib/gcc/arm-none-eabi/13.3.1/../../../../arm-none-eabi/lib/thumb/v7e-m+fp/hard\libc_nano.a(libc_a-nano-vfprintf_float.o)
                0x0800d380                _printf_float
 .text._printf_common
                0x0800d7d4       0xda C:/ST/STM32CubeIDE_2.0.0/STM32CubeIDE/plugins/com.st.stm32cube.ide.mcu.externaltools.gnu-tools-for-stm32.13.3.rel1.win32_1.0.100.202509120712/tools/bin/../lib/gcc/arm-none-eabi/13.3.1/../../../../arm-none-eabi/lib/thumb/v7e-m+fp/hard\libc_nano.a(libc_a-nano-vfprintf_i.o)
                0x0800d7d4                _printf_common
 *fill*         0x0800d8ae        0x2 
 .text._printf_i
                0x0800d8b0      0x23c C:/ST/STM32CubeIDE_2.0.0/STM32CubeIDE/plugins/com.st.stm32cube.ide.mcu.externaltools.gnu-tools-for-stm32.13.3.rel1.win32_1.0.100.202509120712/tools/bin/../lib/gcc/arm-none-eabi/13.3.1/../../../../arm-none-eabi/lib/thumb/v7e-m+fp/hard\libc_nano.a(libc_a-nano-vfprintf_i.o)
                0x0800d8b0                _printf_i
 .text.std      0x0800daec       0x6c C:/ST/STM32CubeIDE_2.0.0/STM32CubeIDE/plugins/com.st.stm32cube.ide.mcu.externaltools.gnu-tools-for-stm32.13.3.rel1.win32_1.0.100.202509120712/tools/bin/../lib/gcc/arm-none-eabi/13.3.1/../../../../arm-none-eabi/lib/thumb/v7e-m+fp/hard\libc_nano.a(libc_a-findfp.o)
 .text.stdio_exit_handler
                0x0800db58       0x18 C:/ST/STM32CubeIDE_2.0.0/STM32CubeIDE/plugins/com.st.stm32cube.ide.mcu.externaltools.gnu-tools-for-stm32.13.3.rel1.win32_1.0.100.202509120712/tools/bin/../lib/gcc/arm-none-eabi/13.3.1/../../../../arm-none-eabi/lib/thumb/v7e-m+fp/hard\libc_nano.a(libc_a-findfp.o)
 .text.cleanup_stdio
                0x0800db70       0x40 C:/ST/STM32CubeIDE_2.0.0/STM32CubeIDE/plugins/com.st.stm32cube.ide.mcu.externaltools.gnu-tools-for-stm32.13.3.rel1.win32_1.0.100.202509120712/tools/bin/../lib/gcc/arm-none-eabi/13.3.1/../../../../arm-none-eabi/lib/thumb/v7e-m+fp/hard\libc_nano.a(libc_a-findfp.o)
 .text.global_stdio_init.part.0
                0x0800dbb0       0x3c C:/ST/STM32CubeIDE_2.0.0/STM32CubeIDE/plugins/com.st.stm32cube.ide.mcu.externaltools.gnu-tools-for-stm32.13.3.rel1.win32_1.0.100.202509120712/tools/bin/../lib/gcc/arm-none-eabi/13.3.1/../../../../arm-none-eabi/lib/thumb/v7e-m+fp/hard\libc_nano.a(libc_a-findfp.o)
 .text.__sfp_lock_acquire
                0x0800dbec        0xc C:/ST/STM32CubeIDE_2.0.0/STM32CubeIDE/plugins/com.st.stm32cube.ide.mcu.externaltools.gnu-tools-for-stm32.13.3.rel1.win32_1.0.100.202509120712/tools/bin/../lib/gcc/arm-none-eabi/13.3.1/../../../../arm-none-eabi/lib/thumb/v7e-m+fp/hard\libc_nano.a(libc_a-findfp.o)
                0x0800dbec                __sfp_lock_acquire
 .text.__sfp_lock_release
                0x0800dbf8        0xc C:/ST/STM32CubeIDE_2.0.0/STM32CubeIDE/plugins/com.st.stm32cube.ide.mcu.externaltools.gnu-tools-for-stm32.13.3.rel1.win32_1.0.100.202509120712/tools/bin/../lib/gcc/arm-none-eabi/13.3.1/../../../../arm-none-eabi/lib/thumb/v7e-m+fp/hard\libc_nano.a(libc_a-findfp.o)
                0x0800dbf8                __sfp_lock_release
 .text.__sinit  0x0800dc04       0x30 C:/ST/STM32CubeIDE_2.0.0/STM32CubeIDE/plugins/com.st.stm32cube.ide.mcu.externaltools.gnu-tools-for-stm32.13.3.rel1.win32_1.0.100.202509120712/tools/bin/../lib/gcc/arm-none-eabi/13.3.1/../../../../arm-none-eabi/lib/thumb/v7e-m+fp/hard\libc_nano.a(libc_a-findfp.o)
                0x0800dc04                __sinit
 .text._fwalk_sglue
                0x0800dc34       0x3c C:/ST/STM32CubeIDE_2.0.0/STM32CubeIDE/plugins/com.st.stm32cube.ide.mcu.externaltools.gnu-tools-for-stm32.13.3.rel1.win32_1.0.100.202509120712/tools/bin/../lib/gcc/arm-none-eabi/13.3.1/../../../../arm-none-eabi/lib/thumb/v7e-m+fp/hard\libc_nano.a(libc_a-fwalk.o)
                0x0800dc34                _fwalk_sglue
 .text.sprintf  0x0800dc70       0x44 C:/ST/STM32CubeIDE_2.0.0/STM32CubeIDE/plugins/com.st.stm32cube.ide.mcu.externaltools.gnu-tools-for-stm32.13.3.rel1.win32_1.0.100.202509120712/tools/bin/../lib/gcc/arm-none-eabi/13.3.1/../../../../arm-none-eabi/lib/thumb/v7e-m+fp/hard\libc_nano.a(libc_a-sprintf.o)
                0x0800dc70                siprintf
                0x0800dc70                sprintf
 .text.__sread  0x0800dcb4       0x22 C:/ST/STM32CubeIDE_2.0.0/STM32CubeIDE/plugins/com.st.stm32cube.ide.mcu.externaltools.gnu-tools-for-stm32.13.3.rel1.win32_1.0.100.202509120712/tools/bin/../lib/gcc/arm-none-eabi/13.3.1/../../../../arm-none-eabi/lib/thumb/v7e-m+fp/hard\libc_nano.a(libc_a-stdio.o)
                0x0800dcb4                __sread
 .text.__swrite
                0x0800dcd6       0x38 C:/ST/STM32CubeIDE_2.0.0/STM32CubeIDE/plugins/com.st.stm32cube.ide.mcu.externaltools.gnu-tools-for-stm32.13.3.rel1.win32_1.0.100.202509120712/tools/bin/../lib/gcc/arm-none-eabi/13.3.1/../../../../arm-none-eabi/lib/thumb/v7e-m+fp/hard\libc_nano.a(libc_a-stdio.o)
                0x0800dcd6                __swrite
 .text.__sseek  0x0800dd0e       0x24 C:/ST/STM32CubeIDE_2.0.0/STM32CubeIDE/plugins/com.st.stm32cube.ide.mcu.externaltools.gnu-tools-for-stm32.13.3.rel1.win32_1.0.100.202509120712/tools/bin/../lib/gcc/arm-none-eabi/13.3.1/../../../../arm-none-eabi/lib/thumb/v7e-m+fp/hard\libc_nano.a(libc_a-stdio.o)
                0x0800dd0e                __sseek
 .text.__sclose
                0x0800dd32        0x8 C:/ST/STM32CubeIDE_2.0.0/STM32CubeIDE/plugins/com.st.stm32cube.ide.mcu.externaltools.gnu-tools-for-stm32.13.3.rel1.win32_1.0.100.202509120712/tools/bin/../lib/gcc/arm-none-eabi/13.3.1/../../../../arm-none-eabi/lib/thumb/v7e-m+fp/hard\libc_nano.a(libc_a-stdio.o)
                0x0800dd32                __sclose
 .text.memset   0x0800dd3a       0x10 C:/ST/STM32CubeIDE_2.0.0/STM32CubeIDE/plugins/com.st.stm32cube.ide.mcu.externaltools.gnu-tools-for-stm32.13.3.rel1.win32_1.0.100.202509120712/tools/bin/../lib/gcc/arm-none-eabi/13.3.1/../../../../arm-none-eabi/lib/thumb/v7e-m+fp/hard\libc_nano.a(libc_a-memset.o)
                0x0800dd3a                memset
 .text.strcat   0x0800dd4a       0x1e C:/ST/STM32CubeIDE_2.0.0/STM32CubeIDE/plugins/com.st.stm32cube.ide.mcu.externaltools.gnu-tools-for-stm32.13.3.rel1.win32_1.0.100.202509120712/tools/bin/../lib/gcc/arm-none-eabi/13.3.1/../../../../arm-none-eabi/lib/thumb/v7e-m+fp/hard\libc_nano.a(libc_a-strcat.o)
                0x0800dd4a                strcat
 .text.strncmp  0x0800dd68       0x24 C:/ST/STM32CubeIDE_2.0.0/STM32CubeIDE/plugins/com.st.stm32cube.ide.mcu.externaltools.gnu-tools-for-stm32.13.3.rel1.win32_1.0.100.202509120712/tools/bin/../lib/gcc/arm-none-eabi/13.3.1/../../../../arm-none-eabi/lib/thumb/v7e-m+fp/hard\libc_nano.a(libc_a-strncmp.o)
                0x0800dd68                strncmp
 .text._raise_r
                0x0800dd8c       0x50 C:/ST/STM32CubeIDE_2.0.0/STM32CubeIDE/plugins/com.st.stm32cube.ide.mcu.externaltools.gnu-tools-for-stm32.13.3.rel1.win32_1.0.100.202509120712/tools/bin/../lib/gcc/arm-none-eabi/13.3.1/../../../../arm-none-eabi/lib/thumb/v7e-m+fp/hard\libc_nano.a(libc_a-signal.o)
                0x0800dd8c                _raise_r
 .text.raise    0x0800dddc       0x10 C:/ST/STM32CubeIDE_2.0.0/STM32CubeIDE/plugins/com.st.stm32cube.ide.mcu.externaltools.gnu-tools-for-stm32.13.3.rel1.win32_1.0.100.202509120712/tools/bin/../lib/gcc/arm-none-eabi/13.3.1/../../../../arm-none-eabi/lib/thumb/v7e-m+fp/hard\libc_nano.a(libc_a-signal.o)
                0x0800dddc                raise
 .text._localeconv_r
                0x0800ddec        0x8 C:/ST/STM32CubeIDE_2.0.0/STM32CubeIDE/plugins/com.st.stm32cube.ide.mcu.externaltools.gnu-tools-for-stm32.13.3.rel1.win32_1.0.100.202509120712/tools/bin/../lib/gcc/arm-none-eabi/13.3.1/../../../../arm-none-eabi/lib/thumb/v7e-m+fp/hard\libc_nano.a(libc_a-localeconv.o)
                0x0800ddec                _localeconv_r
 .text._close_r
                0x0800ddf4       0x20 C:/ST/STM32CubeIDE_2.0.0/STM32CubeIDE/plugins/com.st.stm32cube.ide.mcu.externaltools.gnu-tools-for-stm32.13.3.rel1.win32_1.0.100.202509120712/tools/bin/../lib/gcc/arm-none-eabi/13.3.1/../../../../arm-none-eabi/lib/thumb/v7e-m+fp/hard\libc_nano.a(libc_a-closer.o)
                0x0800ddf4                _close_r
 .text._lseek_r
                0x0800de14       0x24 C:/ST/STM32CubeIDE_2.0.0/STM32CubeIDE/plugins/com.st.stm32cube.ide.mcu.externaltools.gnu-tools-for-stm32.13.3.rel1.win32_1.0.100.202509120712/tools/bin/../lib/gcc/arm-none-eabi/13.3.1/../../../../arm-none-eabi/lib/thumb/v7e-m+fp/hard\libc_nano.a(libc_a-lseekr.o)
                0x0800de14                _lseek_r
 .text._read_r  0x0800de38       0x24 C:/ST/STM32CubeIDE_2.0.0/STM32CubeIDE/plugins/com.st.stm32cube.ide.mcu.externaltools.gnu-tools-for-stm32.13.3.rel1.win32_1.0.100.202509120712/tools/bin/../lib/gcc/arm-none-eabi/13.3.1/../../../../arm-none-eabi/lib/thumb/v7e-m+fp/hard\libc_nano.a(libc_a-readr.o)
                0x0800de38                _read_r
 .text._kill_r  0x0800de5c       0x24 C:/ST/STM32CubeIDE_2.0.0/STM32CubeIDE/plugins/com.st.stm32cube.ide.mcu.externaltools.gnu-tools-for-stm32.13.3.rel1.win32_1.0.100.202509120712/tools/bin/../lib/gcc/arm-none-eabi/13.3.1/../../../../arm-none-eabi/lib/thumb/v7e-m+fp/hard\libc_nano.a(libc_a-signalr.o)
                0x0800de5c                _kill_r
 .text._getpid_r
                0x0800de80        0x4 C:/ST/STM32CubeIDE_2.0.0/STM32CubeIDE/plugins/com.st.stm32cube.ide.mcu.externaltools.gnu-tools-for-stm32.13.3.rel1.win32_1.0.100.202509120712/tools/bin/../lib/gcc/arm-none-eabi/13.3.1/../../../../arm-none-eabi/lib/thumb/v7e-m+fp/hard\libc_nano.a(libc_a-signalr.o)
                0x0800de80                _getpid_r
 .text._sbrk_r  0x0800de84       0x20 C:/ST/STM32CubeIDE_2.0.0/STM32CubeIDE/plugins/com.st.stm32cube.ide.mcu.externaltools.gnu-tools-for-stm32.13.3.rel1.win32_1.0.100.202509120712/tools/bin/../lib/gcc/arm-none-eabi/13.3.1/../../../../arm-none-eabi/lib/thumb/v7e-m+fp/hard\libc_nano.a(libc_a-sbrkr.o)
                0x0800de84                _sbrk_r
 .text._write_r
                0x0800dea4       0x24 C:/ST/STM32CubeIDE_2.0.0/STM32CubeIDE/plugins/com.st.stm32cube.ide.mcu.externaltools.gnu-tools-for-stm32.13.3.rel1.win32_1.0.100.202509120712/tools/bin/../lib/gcc/arm-none-eabi/13.3.1/../../../../arm-none-eabi/lib/thumb/v7e-m+fp/hard\libc_nano.a(libc_a-writer.o)
                0x0800dea4                _write_r
 .text.__errno  0x0800dec8        0xc C:/ST/STM32CubeIDE_2.0.0/STM32CubeIDE/plugins/com.st.stm32cube.ide.mcu.externaltools.gnu-tools-for-stm32.13.3.rel1.win32_1.0.100.202509120712/tools/bin/../lib/gcc/arm-none-eabi/13.3.1/../../../../arm-none-eabi/lib/thumb/v7e-m+fp/hard\libc_nano.a(libc_a-errno.o)
                0x0800dec8                __errno
 .text.__libc_init_array