Archive member included to satisfy reference by file (symbol)

C:/ST/STM32CubeIDE_2.0.0/STM32CubeIDE/plugins/com.st.stm32cube.ide.mcu.externaltools.gnu-tools-for-stm32.13.3.rel1.win32_1.0.100.202509120712/tools/bin/../lib/gcc/arm-none-eabi/13.3.1/../../../../arm-none-eabi/lib/thumb/v7e-m+fp/hard\libstdc++_nano.a(del_ops.o)
                              ./Core/Src/Utils.o (operator delete(void*, unsigned int))
C:/ST/STM32CubeIDE_2.0.0/STM32CubeIDE/plugins/com.st.stm32cube.ide.mcu.externaltools.gnu-tools-for-stm32.13.3.rel1.win32_1.0.100.202509120712/tools/bin/../lib/gcc/arm-none-eabi/13.3.1/../../../../arm-none-eabi/lib/thumb/v7e-m+fp/hard\libstdc++_nano.a(new_handler.o)
                              ./Core/Src/Serial.o (std::nothrow)
C:/ST/STM32CubeIDE_2.0.0/STM32CubeIDE/plugins/com.st.stm32cube.ide.mcu.externaltools.gnu-tools-for-stm32.13.3.rel1.win32_1.0.100.202509120712/tools/bin/../lib/gcc/arm-none-eabi/13.3.1/../../../../arm-none-eabi/lib/thumb/v7e-m+fp/hard\libstdc++_nano.a(new_opvnt.o)
                              ./Core/Src/Serial.o (operator new[](unsigned int, std::nothrow_t const&))
C:/ST/STM32CubeIDE_2.0.0/STM32CubeIDE/plugins/com.st.stm32cube.ide.mcu.externaltools.gnu-tools-for-stm32.13.3.rel1.win32_1.0.100.202509120712/tools/bin/../lib/gcc/arm-none-eabi/13.3.1/../../../../arm-none-eabi/lib/thumb/v7e-m+fp/hard\libstdc++_nano.a(del_op.o)
                              C:/ST/STM32CubeIDE_2.0.0/STM32CubeIDE/plugins/com.st.stm32cube.ide.mcu.externaltools.gnu-tools-for-stm32.13.3.rel1.win32_1.0.100.202509120712/tools/bin/../lib/gcc/arm-none-eabi/13.3.1/../../../../arm-none-eabi/lib/thumb/v7e-m+fp/hard\libstdc++_nano.a(del_ops.o) (operator delete(void*))
C:/ST/STM32CubeIDE_2.0.0/STM32CubeIDE/plugins/com.st.stm32cube.ide.mcu.externaltools.gnu-tools-for-stm32.13.3.rel1.win32_1.0.100.202509120712/tools/bin/../lib/gcc/arm-none-eabi/13.3.1/../../../../arm-none-eabi/lib/thumb/v7e-m+fp/hard\libstdc++_nano.a(new_opv.o)
                              C:/ST/STM32CubeIDE_2.0.0/STM32CubeIDE/plugins/com.st.stm32cube.ide.mcu.externaltools.gnu-tools-for-stm32.13.3.rel1.win32_1.0.100.202509120712/tools/bin/../lib/gcc/arm-none-eabi/13.3.1/../../../../arm-none-eabi/lib/thumb/v7e-m+fp/hard\libstdc++_nano.a(new_opvnt.o) (operator new[](unsigned int))
C:/ST/STM32CubeIDE_2.0.0/STM32CubeIDE/plugins/com.st.stm32cube.ide.mcu.externaltools.gnu-tools-for-stm32.13.3.rel1.win32_1.0.100.202509120712/tools/bin/../lib/gcc/arm-none-eabi/13.3.1/../../../../arm-none-eabi/lib/thumb/v7e-m+fp/hard\libstdc++_nano.a(new_op.o)
                              C:/ST/STM32CubeIDE_2.0.0/STM32CubeIDE/plugins/com.st.stm32cube.ide.mcu.externaltools.gnu-tools-for-stm32.13.3.rel1.win32_1.0.100.202509120712/tools/bin/../lib/gcc/arm-none-eabi/13.3.1/../../../../arm-none-eabi/lib/thumb/v7e-m+fp/hard\libstdc++_nano.a(new_opv.o) (operator new(unsigned int))
C:/ST/STM32CubeIDE_2.0.0/STM32CubeIDE/plugins/com.st.stm32cube.ide.mcu.externaltools.gnu-tools-for-stm32.13.3.rel1.win32_1.0.100.202509120712/tools/bin/../lib/gcc/arm-none-eabi/13.3.1/../../../../arm-none-eabi/lib/thumb/v7e-m+fp/hard\libc_nano.a(libc_a-abort.o)
                              C:/ST/STM32CubeIDE_2.0.0/STM32CubeIDE/plugins/com.st.stm32cube.ide.mcu.externaltools.gnu-tools-for-stm32.13.3.rel1.win32_1.0.100.202509120712/tools/bin/../lib/gcc/arm-none-eabi/13.3.1/../../../../arm-none-eabi/lib/thumb/v7e-m+fp/hard\libstdc++_nano.a(new_op.o) (abort)
C:/ST/STM32CubeIDE_2.0.0/STM32CubeIDE/plugins/com.st.stm32cube.ide.mcu.externaltools.gnu-tools-for-stm32.13.3.rel1.win32_1.0.100.202509120712/tools/bin/../lib/gcc/arm-none-eabi/13.3.1/../../../../arm-none-eabi/lib/thumb/v7e-m+fp/hard\libc_nano.a(libc_a-exit.o)
                              C:/ST/STM32CubeIDE_2.0.0/STM32CubeIDE/plugins/com.st.stm32cube.ide.mcu.externaltools.gnu-tools-for-stm32.13.3.rel1.win32_1.0.100.202509120712/tools/bin/../lib/gcc/arm-none-eabi/13.3.1/../../../../arm-none-eabi/lib/thumb/v7e-m+fp/hard/crt0.o (exit)
C:/ST/STM32CubeIDE_2.0.0/STM32CubeIDE/plugins/com.st.stm32cube.ide.mcu.externaltools.gnu-tools-for-stm32.13.3.rel1.win32_1.0.100.202509120712/tools/bin/../lib/gcc/arm-none-eabi/13.3.1/../../../../arm-none-eabi/lib/thumb/v7e-m+fp/hard\libc_nano.a(libc_a-malloc.o)
                              C:/ST/STM32CubeIDE_2.0.0/STM32CubeIDE/plugins/com.st.stm32cube.ide.mcu.externaltools.gnu-tools-for-stm32.13.3.rel1.win32_1.0.100.202509120712/tools/bin/../lib/gcc/arm-none-eabi/13.3.1/../../../../arm-none-eabi/lib/thumb/v7e-m+fp/hard\libstdc++_nano.a(new_op.o) (malloc)
C:/ST/STM32CubeIDE_2.0.0/STM32CubeIDE/plugins/com.st.stm32cube.ide.mcu.externaltools.gnu-tools-for-stm32.13.3.rel1.win32_1.0.100.202509120712/tools/bin/../lib/gcc/arm-none-eabi/13.3.1/../../../../arm-none-eabi/lib/thumb/v7e-m+fp/hard\libc_nano.a(libc_a-mallocr.o)
[...]
Memory Configuration

Name             Origin             Length             Attributes
RAM              0x20000000         0x00010000         xrw
RAM2             0x10000000         0x00004000         xrw
FLASH            0x08000000         0x00040000         xr
*default*        0x00000000         0xffffffff

Linker script and memory map

LOAD C:/ST/STM32CubeIDE_2.0.0/STM32CubeIDE/plugins/com.st.stm32cube.ide.mcu.externaltools.gnu-tools-for-stm32.13.3.rel1.win32_1.0.100.202509120712/tools/bin/../lib/gcc/arm-none-eabi/13.3.1/thumb/v7e-m+fp/hard/crti.o
LOAD C:/ST/STM32CubeIDE_2.0.0/STM32CubeIDE/plugins/com.st.stm32cube.ide.mcu.externaltools.gnu-tools-for-stm32.13.3.rel1.win32_1.0.100.202509120712/tools/bin/../lib/gcc/arm-none-eabi/13.3.1/thumb/v7e-m+fp/hard/crtbegin.o
LOAD C:/ST/STM32CubeIDE_2.0.0/STM32CubeIDE/plugins/com.st.stm32cube.ide.mcu.externaltools.gnu-tools-for-stm32.13.3.rel1.win32_1.0.100.202509120712/tools/bin/../lib/gcc/arm-none-eabi/13.3.1/../../../../arm-none-eabi/lib/thumb/v7e-m+fp/hard/crt0.o
LOAD ./Core/Src/CAN_bus.o
LOAD ./Core/Src/CmdLine.o
LOAD ./Core/Src/ForeverLoop.o
LOAD ./Core/Src/LevelCrossing.o
LOAD ./Core/Src/LinesideSignal.o
LOAD ./Core/Src/MechaniclaLock.o
LOAD ./Core/Src/MovingGate.o
LOAD ./Core/Src/Project.o
LOAD ./Core/Src/PulseAlarm.o
LOAD ./Core/Src/PushButton.o
LOAD ./Core/Src/Serial.o
LOAD ./Core/Src/Shift_Reg_SPI.o
LOAD ./Core/Src/SignalsMain.o
LOAD ./Core/Src/SingleInput.o
LOAD ./Core/Src/SingleOutput.o
LOAD ./Core/Src/SystemSetup.o
LOAD ./Core/Src/TurnoutPoints.o
LOAD ./Core/Src/Utils.o
LOAD ./Core/Src/main.o
LOAD ./Core/Src/microsecs.o
LOAD ./Core/Src/rtc.o
LOAD ./Core/Src/settings.o
LOAD ./Core/Src/stm32l4xx_hal_msp.o
LOAD ./Core/Src/stm32l4xx_it.o
LOAD ./Core/Src/syscalls.o
LOAD ./Core/Src/sysmem.o
LOAD ./Core/Src/system_stm32l4xx.o
LOAD ./Core/Startup/startup_stm32l432kcux.o
LOAD ./Drivers/STM32L4xx_HAL_Driver/Src/stm32l4xx_hal.o
LOAD ./Drivers/STM32L4xx_HAL_Driver/Src/stm32l4xx_hal_can.o
LOAD ./Drivers/STM32L4xx_HAL_Driver/Src/stm32l4xx_hal_cortex.o
LOAD ./Drivers/STM32L4xx_HAL_Driver/Src/stm32l4xx_hal_dma.o
LOAD ./Drivers/STM32L4xx_HAL_Driver/Src/stm32l4xx_hal_dma_ex.o
LOAD ./Drivers/STM32L4xx_HAL_Driver/Src/stm32l4xx_hal_exti.o
LOAD ./Drivers/STM32L4xx_HAL_Driver/Src/stm32l4xx_hal_flash.o
LOAD ./Drivers/STM32L4xx_HAL_Driver/Src/stm32l4xx_hal_flash_ex.o
LOAD ./Drivers/STM32L4xx_HAL_Driver/Src/stm32l4xx_hal_flash_ramfunc.o
LOAD ./Drivers/STM32L4xx_HAL_Driver/Src/stm32l4xx_hal_gpio.o
LOAD ./Drivers/STM32L4xx_HAL_Driver/Src/stm32l4xx_hal_i2c.o
LOAD ./Drivers/STM32L4xx_HAL_Driver/Src/stm32l4xx_hal_i2c_ex.o
LOAD ./Drivers/STM32L4xx_HAL_Driver/Src/stm32l4xx_hal_pwr.o
LOAD ./Drivers/STM32L4xx_HAL_Driver/Src/stm32l4xx_hal_pwr_ex.o
LOAD ./Drivers/STM32L4xx_HAL_Driver/Src/stm32l4xx_hal_rcc.o
LOAD ./Drivers/STM32L4xx_HAL_Driver/Src/stm32l4xx_hal_rcc_ex.o
LOAD ./Drivers/STM32L4xx_HAL_Driver/Src/stm32l4xx_hal_rtc.o
LOAD ./Drivers/STM32L4xx_HAL_Driver/Src/stm32l4xx_hal_rtc_ex.o
LOAD ./Drivers/STM32L4xx_HAL_Driver/Src/stm32l4xx_hal_spi.o
LOAD ./Drivers/STM32L4xx_HAL_Driver/Src/stm32l4xx_hal_spi_ex.o
LOAD ./Drivers/STM32L4xx_HAL_Driver/Src/stm32l4xx_hal_uart.o
LOAD ./Drivers/STM32L4xx_HAL_Driver/Src/stm32l4xx_hal_uart_ex.o
START GROUP
LOAD C:/ST/STM32CubeIDE_2.0.0/STM32CubeIDE/plugins/com.st.stm32cube.ide.mcu.externaltools.gnu-tools-for-stm32.13.3.rel1.win32_1.0.100.202509120712/tools/bin/../lib/gcc/arm-none-eabi/13.3.1/../../../../arm-none-eabi/lib/thumb/v7e-m+fp/hard\libstdc++_nano.a
LOAD C:/ST/STM32CubeIDE_2.0.0/STM32CubeIDE/plugins/com.st.stm32cube.ide.mcu.externaltools.gnu-tools-for-stm32.13.3.rel1.win32_1.0.100.202509120712/tools/bin/../lib/gcc/arm-none-eabi/13.3.1/../../../../arm-none-eabi/lib/thumb/v7e-m+fp/hard\libsupc++_nano.a
END GROUP
LOAD C:/ST/STM32CubeIDE_2.0.0/STM32CubeIDE/plugins/com.st.stm32cube.ide.mcu.externaltools.gnu-tools-for-stm32.13.3.rel1.win32_1.0.100.202509120712/tools/bin/../lib/gcc/arm-none-eabi/13.3.1/../../../../arm-none-eabi/lib/thumb/v7e-m+fp/hard\libstdc++_nano.a
LOAD C:/ST/STM32CubeIDE_2.0.0/STM32CubeIDE/plugins/com.st.stm32cube.ide.mcu.externaltools.gnu-tools-for-stm32.13.3.rel1.win32_1.0.100.202509120712/tools/bin/../lib/gcc/arm-none-eabi/13.3.1/../../../../arm-none-eabi/lib/thumb/v7e-m+fp/hard\libm.a
LOAD C:/ST/STM32CubeIDE_2.0.0/STM32CubeIDE/plugins/com.st.stm32cube.ide.mcu.externaltools.gnu-tools-for-stm32.13.3.rel1.win32_1.0.100.202509120712/tools/bin/../lib/gcc/arm-none-eabi/13.3.1/../../../../arm-none-eabi/lib/thumb/v7e-m+fp/hard\libc_nano.a
START GROUP
LOAD C:/ST/STM32CubeIDE_2.0.0/STM32CubeIDE/plugins/com.st.stm32cube.ide.mcu.externaltools.gnu-tools-for-stm32.13.3.rel1.win32_1.0.100.202509120712/tools/bin/../lib/gcc/arm-none-eabi/13.3.1/thumb/v7e-m+fp/hard\libgcc.a
LOAD C:/ST/STM32CubeIDE_2.0.0/STM32CubeIDE/plugins/com.st.stm32cube.ide.mcu.externaltools.gnu-tools-for-stm32.13.3.rel1.win32_1.0.100.202509120712/tools/bin/../lib/gcc/arm-none-eabi/13.3.1/../../../../arm-none-eabi/lib/thumb/v7e-m+fp/hard\libc_nano.a
END GROUP
START GROUP
LOAD C:/ST/STM32CubeIDE_2.0.0/STM32CubeIDE/plugins/com.st.stm32cube.ide.mcu.externaltools.gnu-tools-for-stm32.13.3.rel1.win32_1.0.100.202509120712/tools/bin/../lib/gcc/arm-none-eabi/13.3.1/thumb/v7e-m+fp/hard\libgcc.a
LOAD C:/ST/STM32CubeIDE_2.0.0/STM32CubeIDE/plugins/com.st.stm32cube.ide.mcu.externaltools.gnu-tools-for-stm32.13.3.rel1.win32_1.0.100.202509120712/tools/bin/../lib/gcc/arm-none-eabi/13.3.1/../../../../arm-none-eabi/lib/thumb/v7e-m+fp/hard\libc_nano.a
LOAD C:/ST/STM32CubeIDE_2.0.0/STM32CubeIDE/plugins/com.st.stm32cube.ide.mcu.externaltools.gnu-tools-for-stm32.13.3.rel1.win32_1.0.100.202509120712/tools/bin/../lib/gcc/arm-none-eabi/13.3.1/../../../../arm-none-eabi/lib/thumb/v7e-m+fp/hard\libnosys.a
END GROUP
START GROUP
LOAD C:/ST/STM32CubeIDE_2.0.0/STM32CubeIDE/plugins/com.st.stm32cube.ide.mcu.externaltools.gnu-tools-for-stm32.13.3.rel1.win32_1.0.100.202509120712/tools/bin/../lib/gcc/arm-none-eabi/13.3.1/thumb/v7e-m+fp/hard\libgcc.a
LOAD C:/ST/STM32CubeIDE_2.0.0/STM32CubeIDE/plugins/com.st.stm32cube.ide.mcu.externaltools.gnu-tools-for-stm32.13.3.rel1.win32_1.0.100.202509120712/tools/bin/../lib/gcc/arm-none-eabi/13.3.1/../../../../arm-none-eabi/lib/thumb/v7e-m+fp/hard\libc_nano.a
LOAD C:/ST/STM32CubeIDE_2.0.0/STM32CubeIDE/plugins/com.st.stm32cube.ide.mcu.externaltools.gnu-tools-for-stm32.13.3.rel1.win32_1.0.100.202509120712/tools/bin/../lib/gcc/arm-none-eabi/13.3.1/../../../../arm-none-eabi/lib/thumb/v7e-m+fp/hard\libnosys.a
END GROUP
LOAD C:/ST/STM32CubeIDE_2.0.0/STM32CubeIDE/plugins/com.st.stm32cube.ide.mcu.externaltools.gnu-tools-for-stm32.13.3.rel1.win32_1.0.100.202509120712/tools/bin/../lib/gcc/arm-none-eabi/13.3.1/thumb/v7e-m+fp/hard/crtend.o
LOAD C:/ST/STM32CubeIDE_2.0.0/STM32CubeIDE/plugins/com.st.stm32cube.ide.mcu.externaltools.gnu-tools-for-stm32.13.3.rel1.win32_1.0.100.202509120712/tools/bin/../lib/gcc/arm-none-eabi/13.3.1/thumb/v7e-m+fp/hard/crtn.o
                0x20010000                        _estack = (ORIGIN (RAM) + LENGTH (RAM))
                0x00000200                        _Min_Heap_Size = 0x200
                0x00000400                        _Min_Stack_Size = 0x400

.isr_vector     0x08000000      0x18c
                0x08000000                        . = ALIGN (0x4)
 *(.isr_vector)
 .isr_vector    0x08000000      0x18c ./Core/Startup/startup_stm32l432kcux.o
                0x08000000                g_pfnVectors
                0x0800018c                        . = ALIGN (0x4)

.text           0x08000190    0x10484
                0x08000190                        . = ALIGN (0x4)
 *(.text)
 .text          0x08000190       0x40 C:/ST/STM32CubeIDE_2.0.0/STM32CubeIDE/plugins/com.st.stm32cube.ide.mcu.externaltools.gnu-tools-for-stm32.13.3.rel1.win32_1.0.100.202509120712/tools/bin/../lib/gcc/arm-none-eabi/13.3.1/thumb/v7e-m+fp/hard/crtbegin.o
 .text          0x080001d0       0xa0 C:/ST/STM32CubeIDE_2.0.0/STM32CubeIDE/plugins/com.st.stm32cube.ide.mcu.externaltools.gnu-tools-for-stm32.13.3.rel1.win32_1.0.100.202509120712/tools/bin/../lib/gcc/arm-none-eabi/13.3.1/../../../../arm-none-eabi/lib/thumb/v7e-m+fp/hard\libc_nano.a(libc_a-memchr.o)
                0x080001d0                memchr
 .text          0x08000270       0x10 C:/ST/STM32CubeIDE_2.0.0/STM32CubeIDE/plugins/com.st.stm32cube.ide.mcu.externaltools.gnu-tools-for-stm32.13.3.rel1.win32_1.0.100.202509120712/tools/bin/../lib/gcc/arm-none-eabi/13.3.1/../../../../arm-none-eabi/lib/thumb/v7e-m+fp/hard\libc_nano.a(libc_a-strlen.o)
                0x08000270                strlen
 .text          0x08000280      0x378 C:/ST/STM32CubeIDE_2.0.0/STM32CubeIDE/plugins/com.st.stm32cube.ide.mcu.externaltools.gnu-tools-for-stm32.13.3.rel1.win32_1.0.100.202509120712/tools/bin/../lib/gcc/arm-none-eabi/13.3.1/thumb/v7e-m+fp/hard\libgcc.a(_arm_addsubdf3.o)
                0x08000280                __aeabi_drsub
                0x08000288                __aeabi_dsub
                0x08000288                __subdf3
                0x0800028c                __aeabi_dadd
                0x0800028c                __adddf3
                0x08000504                __floatunsidf
                0x08000504                __aeabi_ui2d
                0x08000524                __floatsidf
                0x08000524                __aeabi_i2d
                0x08000548                __aeabi_f2d
                0x08000548                __extendsfdf2
                0x0800058c                __floatundidf
                0x0800058c                __aeabi_ul2d
                0x0800059c                __floatdidf
                0x0800059c                __aeabi_l2d
 .text          0x080005f8      0x424 C:/ST/STM32CubeIDE_2.0.0/STM32CubeIDE/plugins/com.st.stm32cube.ide.mcu.externaltools.gnu-tools-for-stm32.13.3.rel1.win32_1.0.100.202509120712/tools/bin/../lib/gcc/arm-none-eabi/13.3.1/thumb/v7e-m+fp/hard\libgcc.a(_arm_muldivdf3.o)
                0x080005f8                __aeabi_dmul
                0x080005f8                __muldf3
                0x0800084c                __divdf3
                0x0800084c                __aeabi_ddiv
 .text          0x08000a1c      0x110 C:/ST/STM32CubeIDE_2.0.0/STM32CubeIDE/plugins/com.st.stm32cube.ide.mcu.externaltools.gnu-tools-for-stm32.13.3.rel1.win32_1.0.100.202509120712/tools/bin/../lib/gcc/arm-none-eabi/13.3.1/thumb/v7e-m+fp/hard\libgcc.a(_arm_cmpdf2.o)
                0x08000a1c                __gtdf2
                0x08000a1c                __gedf2
                0x08000a24                __ltdf2
                0x08000a24                __ledf2
                0x08000a2c                __nedf2
                0x08000a2c                __eqdf2
                0x08000a2c                __cmpdf2
                0x08000aa8                __aeabi_cdrcmple
                0x08000ab8                __aeabi_cdcmpeq
                0x08000ab8                __aeabi_cdcmple
                0x08000ac8                __aeabi_dcmpeq
                0x08000adc                __aeabi_dcmplt
                0x08000af0                __aeabi_dcmple
                0x08000b04                __aeabi_dcmpge
                0x08000b18                __aeabi_dcmpgt
 .text          0x08000b2c       0x2c C:/ST/STM32CubeIDE_2.0.0/STM32CubeIDE/plugins/com.st.stm32cube.ide.mcu.externaltools.gnu-tools-for-stm32.13.3.rel1.win32_1.0.100.202509120712/tools/bin/../lib/gcc/arm-none-eabi/13.3.1/thumb/v7e-m+fp/hard\libgcc.a(_arm_unorddf2.o)
                0x08000b2c                __unorddf2
                0x08000b2c                __aeabi_dcmpun
 .text          0x08000b58       0x50 C:/ST/STM32CubeIDE_2.0.0/STM32CubeIDE/plugins/com.st.stm32cube.ide.mcu.externaltools.gnu-tools-for-stm32.13.3.rel1.win32_1.0.100.202509120712/tools/bin/../lib/gcc/arm-none-eabi/13.3.1/thumb/v7e-m+fp/hard\libgcc.a(_arm_fixdfsi.o)
                0x08000b58                __aeabi_d2iz
                0x08000b58                __fixdfsi
 .text          0x08000ba8       0x40 C:/ST/STM32CubeIDE_2.0.0/STM32CubeIDE/plugins/com.st.stm32cube.ide.mcu.externaltools.gnu-tools-for-stm32.13.3.rel1.win32_1.0.100.202509120712/tools/bin/../lib/gcc/arm-none-eabi/13.3.1/thumb/v7e-m+fp/hard\libgcc.a(_arm_fixunsdfsi.o)
                0x08000ba8                __aeabi_d2uiz
                0x08000ba8                __fixunsdfsi
 .text          0x08000be8       0xa0 C:/ST/STM32CubeIDE_2.0.0/STM32CubeIDE/plugins/com.st.stm32cube.ide.mcu.externaltools.gnu-tools-for-stm32.13.3.rel1.win32_1.0.100.202509120712/tools/bin/../lib/gcc/arm-none-eabi/13.3.1/thumb/v7e-m+fp/hard\libgcc.a(_arm_truncdfsf2.o)
                0x08000be8                __truncdfsf2
                0x08000be8                __aeabi_d2f
 .text          0x08000c88       0x30 C:/ST/STM32CubeIDE_2.0.0/STM32CubeIDE/plugins/com.st.stm32cube.ide.mcu.externaltools.gnu-tools-for-stm32.13.3.rel1.win32_1.0.100.202509120712/tools/bin/../lib/gcc/arm-none-eabi/13.3.1/thumb/v7e-m+fp/hard\libgcc.a(_aeabi_uldivmod.o)
                0x08000c88                __aeabi_uldivmod
 .text          0x08000cb8       0x30 C:/ST/STM32CubeIDE_2.0.0/STM32CubeIDE/plugins/com.st.stm32cube.ide.mcu.externaltools.gnu-tools-for-stm32.13.3.rel1.win32_1.0.100.202509120712/tools/bin/../lib/gcc/arm-none-eabi/13.3.1/thumb/v7e-m+fp/hard\libgcc.a(_fixdfdi.o)
                0x08000cb8                __fixdfdi
                0x08000cb8                __aeabi_d2lz
 .text          0x08000ce8       0x3c C:/ST/STM32CubeIDE_2.0.0/STM32CubeIDE/plugins/com.st.stm32cube.ide.mcu.externaltools.gnu-tools-for-stm32.13.3.rel1.win32_1.0.100.202509120712/tools/bin/../lib/gcc/arm-none-eabi/13.3.1/thumb/v7e-m+fp/hard\libgcc.a(_fixunsdfdi.o)
                0x08000ce8                __fixunsdfdi
                0x08000ce8                __aeabi_d2ulz
 .text          0x08000d24      0x2f8 C:/ST/STM32CubeIDE_2.0.0/STM32CubeIDE/plugins/com.st.stm32cube.ide.mcu.externaltools.gnu-tools-for-stm32.13.3.rel1.win32_1.0.100.202509120712/tools/bin/../lib/gcc/arm-none-eabi/13.3.1/thumb/v7e-m+fp/hard\libgcc.a(_udivmoddi4.o)
                0x08000d24                __udivmoddi4
 .text          0x0800101c        0x4 C:/ST/STM32CubeIDE_2.0.0/STM32CubeIDE/plugins/com.st.stm32cube.ide.mcu.externaltools.gnu-tools-for-stm32.13.3.rel1.win32_1.0.100.202509120712/tools/bin/../lib/gcc/arm-none-eabi/13.3.1/thumb/v7e-m+fp/hard\libgcc.a(_dvmd_tls.o)
                0x0800101c                __aeabi_idiv0
                0x0800101c                __aeabi_ldiv0
 *(.text*)
 .text._Z12send_can_msgiPhi
                0x08001020       0x54 ./Core/Src/CAN_bus.o
                0x08001020                send_can_msg(int, unsigned char*, int)
 .text._Z8can_echov
                0x08001074       0x34 ./Core/Src/CAN_bus.o
                0x08001074                can_echo()
 .text._Z7ce_showv
                0x080010a8       0xec ./Core/Src/CAN_bus.o
                0x080010a8                ce_show()
 .text._Z16can_filter_setupv
                0x08001194      0x170 ./Core/Src/CAN_bus.o
                0x08001194                can_filter_setup()
 .text._Z17CAN_status_reportv
                0x08001304      0x238 ./Core/Src/CAN_bus.o
                0x08001304                CAN_status_report()
 .text._Z12do_can_stuffi
                0x0800153c       0x24 ./Core/Src/CAN_bus.o
                0x0800153c                do_can_stuff(int)
 .text.HAL_CAN_RxFifo0FullCallback
                0x08001560       0x38 ./Core/Src/CAN_bus.o
                0x08001560                HAL_CAN_RxFifo0FullCallback
 .text.HAL_CAN_RxFifo1FullCallback
                0x08001598       0x38 ./Core/Src/CAN_bus.o
                0x08001598                HAL_CAN_RxFifo1FullCallback
 .text.HAL_CAN_RxFifo0MsgPendingCallback
                0x080015d0       0x44 ./Core/Src/CAN_bus.o
                0x080015d0                HAL_CAN_RxFifo0MsgPendingCallback
 .text.HAL_CAN_RxFifo1MsgPendingCallback
                0x08001614       0x44 ./Core/Src/CAN_bus.o
                0x08001614                HAL_CAN_RxFifo1MsgPendingCallback
 .text._ZN18CommandLineHandler11CommandExecEPKc
                0x08001658      0x1d8 ./Core/Src/CmdLine.o
                0x08001658                CommandLineHandler::CommandExec(char const*)
 .text._ZN20my_microsecond_timerC2Ev
                0x08001830       0x2e ./Core/Src/ForeverLoop.o
                0x08001830                my_microsecond_timer::my_microsecond_timer()
                0x08001830                my_microsecond_timer::my_microsecond_timer()
 *fill*         0x0800185e        0x2 
 .text._Z21do_even_halfsec_stuffv
                0x08001860       0x20 ./Core/Src/ForeverLoop.o
                0x08001860                do_even_halfsec_stuff()
 .text._Z20do_odd_halfsec_stuffv
                0x08001880        0xe ./Core/Src/ForeverLoop.o
                0x08001880                do_odd_halfsec_stuff()
 .text._Z16do_fastest_stuffv
                0x0800188e       0x10 ./Core/Src/ForeverLoop.o
                0x0800188e                do_fastest_stuff()
 *fill*         0x0800189e        0x2 
 .text._Z26do_forever_loop_rate_stuffv
                0x080018a0       0x7c ./Core/Src/ForeverLoop.o
                0x080018a0                do_forever_loop_rate_stuff()
 .text._Z12one_ms_stuffv
                0x0800191c       0x5c ./Core/Src/ForeverLoop.o
                0x0800191c                one_ms_stuff()
 .text._Z23do_slow_loop_rate_stuffv
                0x08001978       0x38 ./Core/Src/ForeverLoop.o
                0x08001978                do_slow_loop_rate_stuff()
 .text.ForeverLoop
                0x080019b0       0x88 ./Core/Src/ForeverLoop.o
                0x080019b0                ForeverLoop
 .text._Z41__static_initialization_and_destruction_0v
                0x08001a38       0x14 ./Core/Src/ForeverLoop.o
 .text._GLOBAL__sub_I_sigs_time
                0x08001a4c        0xa ./Core/Src/ForeverLoop.o
 .text._ZNK8MechLock14get_two_inbitsEv
                0x08001a56       0x46 ./Core/Src/LevelCrossing.o
                0x08001a56                MechLock::get_two_inbits() const
 .text._ZN8MechLock11read_updateEv
                0x08001a9c       0x24 ./Core/Src/LevelCrossing.o
                0x08001a9c                MechLock::read_update()
 .text._ZNK18ClassLevelCrossing5m_txtEv
                0x08001ac0       0x18 ./Core/Src/LevelCrossing.o
                0x08001ac0                ClassLevelCrossing::m_txt() const
 .text._ZNK18ClassLevelCrossing16gates_are_lockedEv
                0x08001ad8       0x38 ./Core/Src/LevelCrossing.o
                0x08001ad8                ClassLevelCrossing::gates_are_locked() const
 .text._ZNK18ClassLevelCrossing13safe_for_roadEv
                0x08001b10       0x62 ./Core/Src/LevelCrossing.o
                0x08001b10                ClassLevelCrossing::safe_for_road() const
 .text._ZNK18ClassLevelCrossing13safe_for_railEv
                0x08001b72       0x62 ./Core/Src/LevelCrossing.o
                0x08001b72                ClassLevelCrossing::safe_for_rail() const
 .text._ZN18ClassLevelCrossing11read_updateEv
                0x08001bd4       0x86 ./Core/Src/LevelCrossing.o
                0x08001bd4                ClassLevelCrossing::read_update()
 *fill*         0x08001c5a        0x2 
 .text._ZNK18ClassLevelCrossing6reportEPc
                0x08001c5c      0x2ec ./Core/Src/LevelCrossing.o
                0x08001c5c                ClassLevelCrossing::report(char*) const
 .text._ZNK20Wired_LinesideSignal3txtEv
                0x08001f48       0x18 ./Core/Src/LinesideSignal.o
                0x08001f48                Wired_LinesideSignal::txt() const
 .text._ZN23struct_can_signal_stack4pushEP18CAN_LinesideSignalt
                0x08001f60       0x50 ./Core/Src/LinesideSignal.o
                0x08001f60                struct_can_signal_stack::push(CAN_LinesideSignal*, unsigned short)
 .text._ZN23struct_can_signal_stack8get_sizeEv
                0x08001fb0       0x18 ./Core/Src/LinesideSignal.o
                0x08001fb0                struct_can_signal_stack::get_size()
 .text._ZN23struct_can_signal_stack11compare_idsEii
                0x08001fc8       0x36 ./Core/Src/LinesideSignal.o
                0x08001fc8                struct_can_signal_stack::compare_ids(int, int)
 *fill*         0x08001ffe        0x2 
 .text._ZN23struct_can_signal_stack6reportEv
                0x08002000       0x90 ./Core/Src/LinesideSignal.o
                0x08002000                struct_can_signal_stack::report()
 .text._Z11find_CANsigRii
                0x08002090       0x58 ./Core/Src/LinesideSignal.o
                0x08002090                find_CANsig(int&, int)
 .text._Z17cansigstackreportv
                0x080020e8       0x68 ./Core/Src/LinesideSignal.o
                0x080020e8                cansigstackreport()
 .text._ZN18CAN_LinesideSignalC2EPKcii
                0x08002150       0x6c ./Core/Src/LinesideSignal.o
                0x08002150                CAN_LinesideSignal::CAN_LinesideSignal(char const*, int, int)
                0x08002150                CAN_LinesideSignal::CAN_LinesideSignal(char const*, int, int)
 .text._ZNK18CAN_LinesideSignal6reportEPc
                0x080021bc       0x4c ./Core/Src/LinesideSignal.o
                0x080021bc                CAN_LinesideSignal::report(char*) const
 .text._ZN18CAN_LinesideSignal10set_dangerEv
                0x08002208       0x18 ./Core/Src/LinesideSignal.o
                0x08002208                CAN_LinesideSignal::set_danger()
 .text._ZN18CAN_LinesideSignal6set_toE12SignalStates
                0x08002220       0x38 ./Core/Src/LinesideSignal.o
                0x08002220                CAN_LinesideSignal::set_to(SignalStates)
 .text._ZN18CAN_LinesideSignal7set_toiEh
                0x08002258       0x20 ./Core/Src/LinesideSignal.o
                0x08002258                CAN_LinesideSignal::set_toi(unsigned char)
 .text._ZN20Wired_LinesideSignalC2EPKc5INPINS2_6OUTPINS3_
                0x08002278       0xa8 ./Core/Src/LinesideSignal.o
                0x08002278                Wired_LinesideSignal::Wired_LinesideSignal(char const*, INPIN, INPIN, OUTPIN, OUTPIN)
                0x08002278                Wired_LinesideSignal::Wired_LinesideSignal(char const*, INPIN, INPIN, OUTPIN, OUTPIN)
 .text._ZN20Wired_LinesideSignal10set_dangerEv
                0x08002320       0x2e ./Core/Src/LinesideSignal.o
                0x08002320                Wired_LinesideSignal::set_danger()
 .text._ZN20Wired_LinesideSignal13set_occultingEv
                0x0800234e       0x1a ./Core/Src/LinesideSignal.o
                0x0800234e                Wired_LinesideSignal::set_occulting()
 .text._ZN20Wired_LinesideSignal11read_updateEv
                0x08002368       0xa6 ./Core/Src/LinesideSignal.o
                0x08002368                Wired_LinesideSignal::read_update()
 *fill*         0x0800240e        0x2 
 .text._ZNK20Wired_LinesideSignal6reportEPc
                0x08002410      0x118 ./Core/Src/LinesideSignal.o
                0x08002410                Wired_LinesideSignal::report(char*) const
 .text._ZNK8MechLock3txtEv
                0x08002528       0x18 ./Core/Src/MechaniclaLock.o
                0x08002528                MechLock::txt() const
 .text._ZN8MechLockC2EPKc5INPINbS2_b6OUTPINb
                0x08002540       0x74 ./Core/Src/MechaniclaLock.o
                0x08002540                MechLock::MechLock(char const*, INPIN, bool, INPIN, bool, OUTPIN, bool)
                0x08002540                MechLock::MechLock(char const*, INPIN, bool, INPIN, bool, OUTPIN, bool)
 .text._ZNK8MechLock9is_lockedEv
                0x080025b4       0x3c ./Core/Src/MechaniclaLock.o
                0x080025b4                MechLock::is_locked() const
 .text._ZNK8MechLock11is_unlockedEv
                0x080025f0       0x3c ./Core/Src/MechaniclaLock.o
                0x080025f0                MechLock::is_unlocked() const
 .text._ZNK8MechLock6reportEPc
                0x0800262c       0xd8 ./Core/Src/MechaniclaLock.o
                0x0800262c                MechLock::report(char*) const
 .text._ZNK10MovingGate3txtEv
                0x08002704       0x18 ./Core/Src/MovingGate.o
                0x08002704                MovingGate::txt() const
 .text._ZN10MovingGateC2EPKc5INPINbS2_b
                0x0800271c       0x60 ./Core/Src/MovingGate.o
                0x0800271c                MovingGate::MovingGate(char const*, INPIN, bool, INPIN, bool)
                0x0800271c                MovingGate::MovingGate(char const*, INPIN, bool, INPIN, bool)
 .text._ZN10MovingGate11read_updateEv
                0x0800277c       0x24 ./Core/Src/MovingGate.o
                0x0800277c                MovingGate::read_update()
 .text._ZNK10MovingGate14get_two_inbitsEv
                0x080027a0       0x46 ./Core/Src/MovingGate.o
                0x080027a0                MovingGate::get_two_inbits() const
 .text._ZNK10MovingGate7is_openEv
                0x080027e6       0x3c ./Core/Src/MovingGate.o
                0x080027e6                MovingGate::is_open() const
 .text._ZNK10MovingGate9is_closedEv
                0x08002822       0x3c ./Core/Src/MovingGate.o
                0x08002822                MovingGate::is_closed() const
 *fill*         0x0800285e        0x2 
 .text._ZNK10MovingGate6reportEPc
                0x08002860       0xb0 ./Core/Src/MovingGate.o
                0x08002860                MovingGate::report(char*) const
 .text._Z6pl_cmdR10parameters
                0x08002910       0x16 ./Core/Src/Project.o
                0x08002910                pl_cmd(parameters&)
 .text._Z6sb_cmdR10parameters
                0x08002926       0x16 ./Core/Src/Project.o
                0x08002926                sb_cmd(parameters&)
 .text._Z6vi_cmdR10parameters
                0x0800293c       0x24 ./Core/Src/Project.o
                0x0800293c                vi_cmd(parameters&)
 .text._Z6ce_cmdR10parameters
                0x08002960       0x16 ./Core/Src/Project.o
                0x08002960                ce_cmd(parameters&)
 .text._ZN10PulseAlarmC2EPKc6OUTPIN
                0x08002976       0x66 ./Core/Src/PulseAlarm.o
                0x08002976                PulseAlarm::PulseAlarm(char const*, OUTPIN)
                0x08002976                PulseAlarm::PulseAlarm(char const*, OUTPIN)
 .text._ZN10PulseAlarm11read_updateEv
                0x080029dc       0x64 ./Core/Src/PulseAlarm.o
                0x080029dc                PulseAlarm::read_update()
 .text._ZN10PulseAlarm10mark_spaceEii
                0x08002a40       0x24 ./Core/Src/PulseAlarm.o
                0x08002a40                PulseAlarm::mark_space(int, int)
 .text._ZN10PulseAlarm11start_alarmEv
                0x08002a64       0x30 ./Core/Src/PulseAlarm.o
                0x08002a64                PulseAlarm::start_alarm()
 .text._ZN10PulseAlarm3clrEv
                0x08002a94       0x20 ./Core/Src/PulseAlarm.o
                0x08002a94                PulseAlarm::clr()
 .text._ZNK10PushButton5m_txtEv
                0x08002ab4       0x18 ./Core/Src/PushButton.o
                0x08002ab4                PushButton::m_txt() const
 .text._ZN10PushButtonC2EPKc5INPINb6OUTPINbS3_b
                0x08002acc       0x84 ./Core/Src/PushButton.o
                0x08002acc                PushButton::PushButton(char const*, INPIN, bool, OUTPIN, bool, OUTPIN, bool)
                0x08002acc                PushButton::PushButton(char const*, INPIN, bool, OUTPIN, bool, OUTPIN, bool)
 .text._ZN10PushButton11read_updateEv
                0x08002b50       0x36 ./Core/Src/PushButton.o
                0x08002b50                PushButton::read_update()
 *fill*         0x08002b86        0x2 
 .text._ZNK10PushButton6reportEPc
                0x08002b88       0x94 ./Core/Src/PushButton.o
                0x08002b88                PushButton::report(char*) const
 .text._ZN6Serial16Constructor_CoreEv
                0x08002c1c       0x6c ./Core/Src/Serial.o
                0x08002c1c                Serial::Constructor_Core()
 .text._ZN6SerialC2ER20__UART_HandleTypeDef
                0x08002c88      0x118 ./Core/Src/Serial.o
                0x08002c88                Serial::Serial(__UART_HandleTypeDef&)
                0x08002c88                Serial::Serial(__UART_HandleTypeDef&)
 .text._ZN6Serial8start_rxEv
                0x08002da0       0x40 ./Core/Src/Serial.o
                0x08002da0                Serial::start_rx()
 .text._ZN6Serial11set_tx_busyEb
                0x08002de0       0x1e ./Core/Src/Serial.o
                0x08002de0                Serial::set_tx_busy(bool)
 .text._Z20special_char_handlerc
                0x08002dfe       0x16 ./Core/Src/Serial.o
                0x08002dfe                special_char_handler(char)
 .text._ZN6Serial19test_for_rx_messageEv
                0x08002e14      0x1bc ./Core/Src/Serial.o
                0x08002e14                Serial::test_for_rx_message()
 .text._ZNK6Serial10test_errorE12SerialErrors
                0x08002fd0       0x2a ./Core/Src/Serial.o
                0x08002fd0                Serial::test_error(SerialErrors) const
 .text._ZN6Serial11clear_errorE12SerialErrors
                0x08002ffa       0x2e ./Core/Src/Serial.o
                0x08002ffa                Serial::clear_error(SerialErrors)
 .text._ZN6Serial9set_errorE12SerialErrors
                0x08003028       0x26 ./Core/Src/Serial.o
                0x08003028                Serial::set_error(SerialErrors)
 .text._ZN6Serial5writeEPKhl
                0x0800304e       0xba ./Core/Src/Serial.o
                0x0800304e                Serial::write(unsigned char const*, long)
 .text._ZN6Serial5writeEPKcl
                0x08003108       0x20 ./Core/Src/Serial.o
                0x08003108                Serial::write(char const*, long)
 .text._ZN6Serial15tx_any_bufferedEv
                0x08003128       0xea ./Core/Src/Serial.o
                0x08003128                Serial::tx_any_buffered()
 .text._ZN6Serial26rx_intrpt_handler_core_DMAEv
                0x08003212       0x2a ./Core/Src/Serial.o
                0x08003212                Serial::rx_intrpt_handler_core_DMA()
 .text.HAL_UART_RxCpltCallback
                0x0800323c       0x4c ./Core/Src/Serial.o
                0x0800323c                HAL_UART_RxCpltCallback
 .text.HAL_UART_TxCpltCallback
                0x08003288       0x50 ./Core/Src/Serial.o
                0x08003288                HAL_UART_TxCpltCallback
 .text.HAL_UART_ErrorCallback
                0x080032d8       0x50 ./Core/Src/Serial.o
                0x080032d8                HAL_UART_ErrorCallback
 .text._ZN14CircularBufferIhEC2Ej
                0x08003328       0x7c ./Core/Src/Serial.o
                0x08003328                CircularBuffer<unsigned char>::CircularBuffer(unsigned int)
                0x08003328                CircularBuffer<unsigned char>::CircularBuffer(unsigned int)
 .text._ZN14CircularBufferIhE3getERh
                0x080033a4       0x56 ./Core/Src/Serial.o
                0x080033a4                CircularBuffer<unsigned char>::get(unsigned char&)
 .text._ZN14CircularBufferIhE5emptyEv
                0x080033fa       0x34 ./Core/Src/Serial.o
                0x080033fa                CircularBuffer<unsigned char>::empty()
 .text._ZN14CircularBufferIhE3putERh
                0x0800342e       0x72 ./Core/Src/Serial.o
                0x0800342e                CircularBuffer<unsigned char>::put(unsigned char&)
 .text._Z15get_outreg_1bit6OUTPIN
                0x080034a0       0x48 ./Core/Src/Shift_Reg_SPI.o
                0x080034a0                get_outreg_1bit(OUTPIN)
 .text._Z10spi_cs_setv
                0x080034e8       0x14 ./Core/Src/Shift_Reg_SPI.o
                0x080034e8                spi_cs_set()
 .text._Z10spi_cs_clrv
                0x080034fc       0x14 ./Core/Src/Shift_Reg_SPI.o
                0x080034fc                spi_cs_clr()
 .text._Z14start_spi_TxRxv
                0x08003510       0x40 ./Core/Src/Shift_Reg_SPI.o
                0x08003510                start_spi_TxRx()
 .text._Z18spi_inputs_updatedv
                0x08003550       0xa0 ./Core/Src/Shift_Reg_SPI.o
                0x08003550                spi_inputs_updated()
 .text._Z14set_output_bit6OUTPINb
                0x080035f0       0x94 ./Core/Src/Shift_Reg_SPI.o
                0x080035f0                set_output_bit(OUTPIN, bool)
 .text._Z23get_input_bit_debounced5INPINm
                0x08003684       0xd0 ./Core/Src/Shift_Reg_SPI.o
                0x08003684                get_input_bit_debounced(INPIN, unsigned long)
 .text.HAL_SPI_TxRxCpltCallback
                0x08003754       0x20 ./Core/Src/Shift_Reg_SPI.o
                0x08003754                HAL_SPI_TxRxCpltCallback
 .text._ZN18ClassLevelCrossingC2EPKc5INPINbS2_bS2_bS2_bS2_bS2_bS2_bS2_bS2_bS2_b6OUTPINbS2_bS2_bS3_bS2_S2_S3_S3_S3_S3_bS3_bS2_bS3_bS3_bS2_bS3_bS3_b
                0x08003774      0x1f4 ./Core/Src/SignalsMain.o
                0x08003774                ClassLevelCrossing::ClassLevelCrossing(char const*, INPIN, bool, INPIN, bool, INPIN, bool, INPIN, bool, INPIN, bool, INPIN, bool, INPIN, bool, INPIN, bool, INPIN, bool, INPIN, bool, OUTPIN, bool, INPIN, bool, INPIN, bool, OUTPIN, bool, INPIN, INPIN, OUTPIN, OUTPIN, OUTPIN, OUTPIN, bool, OUTPIN, bool, INPIN, bool, OUTPIN, bool, OUTPIN, bool, INPIN, bool, OUTPIN, bool, OUTPIN, bool)
                0x08003774                ClassLevelCrossing::ClassLevelCrossing(char const*, INPIN, bool, INPIN, bool, INPIN, bool, INPIN, bool, INPIN, bool, INPIN, bool, INPIN, bool, INPIN, bool, INPIN, bool, INPIN, bool, OUTPIN, bool, INPIN, bool, INPIN, bool, OUTPIN, bool, INPIN, INPIN, OUTPIN, OUTPIN, OUTPIN, OUTPIN, bool, OUTPIN, bool, INPIN, bool, OUTPIN, bool, OUTPIN, bool, INPIN, bool, OUTPIN, bool, OUTPIN, bool)
 .text._ZN10TimerClassC2EPKcPFbvES3_
                0x08003968       0x74 ./Core/Src/SignalsMain.o
                0x08003968                TimerClass::TimerClass(char const*, bool (*)(), bool (*)())
                0x08003968                TimerClass::TimerClass(char const*, bool (*)(), bool (*)())
 .text._ZN10TimerClass11start_timerEv
                0x080039dc       0x34 ./Core/Src/SignalsMain.o
                0x080039dc                TimerClass::start_timer()
 .text._ZN10TimerClass13set_period_msEm
                0x08003a10       0x1c ./Core/Src/SignalsMain.o
                0x08003a10                TimerClass::set_period_ms(unsigned long)
 .text._ZN10TimerClass11read_updateEv
                0x08003a2c       0x44 ./Core/Src/SignalsMain.o
                0x08003a2c                TimerClass::read_update()
 .text._ZN6PointsC2EPKc5INPINbS2_b6OUTPINbS3_b
                0x08003a70       0xb0 ./Core/Src/SignalsMain.o
                0x08003a70                Points::Points(char const*, INPIN, bool, INPIN, bool, OUTPIN, bool, OUTPIN, bool)
                0x08003a70                Points::Points(char const*, INPIN, bool, INPIN, bool, OUTPIN, bool, OUTPIN, bool)
 .text._ZN6Points11read_updateEv
                0x08003b20       0x24 ./Core/Src/SignalsMain.o
                0x08003b20                Points::read_update()
 .text._ZN10DualPointsC2EPKc5INPINS2_bbS2_S2_bb6OUTPINS3_bb
                0x08003b44       0x9e ./Core/Src/SignalsMain.o
                0x08003b44                DualPoints::DualPoints(char const*, INPIN, INPIN, bool, bool, INPIN, INPIN, bool, bool, OUTPIN, OUTPIN, bool, bool)
                0x08003b44                DualPoints::DualPoints(char const*, INPIN, INPIN, bool, bool, INPIN, INPIN, bool, bool, OUTPIN, OUTPIN, bool, bool)
 *fill*         0x08003be2        0x2 
 .text._Z12sigs_buggeryv
                0x08003be4       0x7c ./Core/Src/SignalsMain.o
                0x08003be4                sigs_buggery()
 .text._Z12can_sig_testv
                0x08003c60       0xb0 ./Core/Src/SignalsMain.o
                0x08003c60                can_sig_test()
 .text._Z14signals_enginev
                0x08003d10       0x80 ./Core/Src/SignalsMain.o
                0x08003d10                signals_engine()
 .text._Z9tim1startv
                0x08003d90       0x10 ./Core/Src/SignalsMain.o
                0x08003d90                tim1start()
 .text._Z9tim2startv
                0x08003da0       0x10 ./Core/Src/SignalsMain.o
                0x08003da0                tim2start()
 .text._Z7tim1endv
                0x08003db0       0x14 ./Core/Src/SignalsMain.o
                0x08003db0                tim1end()
 .text._Z7tim2endv
                0x08003dc4       0x14 ./Core/Src/SignalsMain.o
                0x08003dc4                tim2end()
 .text._Z12setup_alarmsv
                0x08003dd8       0x6c ./Core/Src/SignalsMain.o
                0x08003dd8                setup_alarms()
 .text._Z41__static_initialization_and_destruction_0v
                0x08003e44      0x288 ./Core/Src/SignalsMain.o
 .text._GLOBAL__sub_I_Level_Crossing
                0x080040cc        0xa ./Core/Src/SignalsMain.o
 .text._ZNK11SingleInput5m_txtEv
                0x080040d6       0x18 ./Core/Src/SingleInput.o
                0x080040d6                SingleInput::m_txt() const
 .text._ZN11SingleInputC2EPKc5INPINb
                0x080040ee       0x2c ./Core/Src/SingleInput.o
                0x080040ee                SingleInput::SingleInput(char const*, INPIN, bool)
                0x080040ee                SingleInput::SingleInput(char const*, INPIN, bool)
 .text._ZN11SingleInputC2EPKc5INPINbPFbvES4_
                0x0800411a       0x62 ./Core/Src/SingleInput.o
                0x0800411a                SingleInput::SingleInput(char const*, INPIN, bool, bool (*)(), bool (*)())
                0x0800411a                SingleInput::SingleInput(char const*, INPIN, bool, bool (*)(), bool (*)())
 .text._ZN11SingleInput11read_updateEv
                0x0800417c       0x70 ./Core/Src/SingleInput.o
                0x0800417c                SingleInput::read_update()
 .text._ZNK11SingleInput9is_activeEv
                0x080041ec       0x18 ./Core/Src/SingleInput.o
                0x080041ec                SingleInput::is_active() const
 .text._ZNK11SingleInput11get_pin_numEv
                0x08004204       0x18 ./Core/Src/SingleInput.o
                0x08004204                SingleInput::get_pin_num() const
 .text._ZNK11SingleInput6reportEPc
                0x0800421c       0x48 ./Core/Src/SingleInput.o
                0x0800421c                SingleInput::report(char*) const
 .text._ZN11SingleInput17m_pin_use_checkerEv
                0x08004264      0x184 ./Core/Src/SingleInput.o
                0x08004264                SingleInput::m_pin_use_checker()
 .text._ZN12SingleOutputC2EPKc6OUTPIN
                0x080043e8       0x22 ./Core/Src/SingleOutput.o
                0x080043e8                SingleOutput::SingleOutput(char const*, OUTPIN)
                0x080043e8                SingleOutput::SingleOutput(char const*, OUTPIN)
 .text._ZN12SingleOutputC2EPKc6OUTPINb
                0x0800440a       0x4a ./Core/Src/SingleOutput.o
                0x0800440a                SingleOutput::SingleOutput(char const*, OUTPIN, bool)
                0x0800440a                SingleOutput::SingleOutput(char const*, OUTPIN, bool)
 .text._ZNK12SingleOutput5m_txtEv
                0x08004454       0x18 ./Core/Src/SingleOutput.o
                0x08004454                SingleOutput::m_txt() const
 .text._ZN12SingleOutput7set_pinEb
                0x0800446c       0x30 ./Core/Src/SingleOutput.o
                0x0800446c                SingleOutput::set_pin(bool)
 .text._ZNK12SingleOutput4readEv
                0x0800449c       0x1c ./Core/Src/SingleOutput.o
                0x0800449c                SingleOutput::read() const
 .text._ZNK12SingleOutput11get_pin_numEv
                0x080044b8       0x18 ./Core/Src/SingleOutput.o
                0x080044b8                SingleOutput::get_pin_num() const
 .text._ZN12SingleOutput17m_pin_use_checkerEv
                0x080044d0       0xc4 ./Core/Src/SingleOutput.o
                0x080044d0                SingleOutput::m_pin_use_checker()
 .text._ZNK12SingleOutput6reportEPc
                0x08004594       0x48 ./Core/Src/SingleOutput.o
                0x08004594                SingleOutput::report(char*) const
 .text._Z10pin_listerv
                0x080045dc       0xa8 ./Core/Src/SingleOutput.o
                0x080045dc                pin_lister()
 .text._Z11get_versionv
                0x08004684       0x14 ./Core/Src/SystemSetup.o
                0x08004684                get_version()
 .text.Signal_sys_Setup
                0x08004698       0x8c ./Core/Src/SystemSetup.o
                0x08004698                Signal_sys_Setup
 .text._ZN10DualPoints11read_updateEv
                0x08004724       0x22 ./Core/Src/TurnoutPoints.o
                0x08004724                DualPoints::read_update()
 .text._ZN6SerialD2Ev
                0x08004746       0x3e ./Core/Src/Utils.o
                0x08004746                Serial::~Serial()
                0x08004746                Serial::~Serial()
 .text._ZN10parametersC2Ev
                0x08004784       0x4a ./Core/Src/Utils.o
                0x08004784                parameters::parameters()
                0x08004784                parameters::parameters()
 .text._ZN18CommandLineHandlerC2EPK18cli_menu_entry_setP6Serial
                0x080047ce       0x34 ./Core/Src/Utils.o
                0x080047ce                CommandLineHandler::CommandLineHandler(cli_menu_entry_set const*, Serial*)
                0x080047ce                CommandLineHandler::CommandLineHandler(cli_menu_entry_set const*, Serial*)
 .text._ZN17i2eeprom_settingsC2EPK18cli_menu_entry_setR19__I2C_HandleTypeDef
                0x08004802       0x4e ./Core/Src/Utils.o
                0x08004802                i2eeprom_settings::i2eeprom_settings(cli_menu_entry_set const*, __I2C_HandleTypeDef&)
                0x08004802                i2eeprom_settings::i2eeprom_settings(cli_menu_entry_set const*, __I2C_HandleTypeDef&)
 .text._Z14can_report_cmdR10parameters
                0x08004850       0x16 ./Core/Src/Utils.o
                0x08004850                can_report_cmd(parameters&)
 *fill*         0x08004866        0x2 
 .text._Z6AT_cmdR10parameters
                0x08004868       0x30 ./Core/Src/Utils.o
                0x08004868                AT_cmd(parameters&)
 .text._Z7atb_cmdR10parameters
                0x08004898      0x124 ./Core/Src/Utils.o
                0x08004898                atb_cmd(parameters&)
 .text._Z7cnc_cmdR10parameters
                0x080049bc       0x54 ./Core/Src/Utils.o
                0x080049bc                cnc_cmd(parameters&)
 .text._Z5x_cmdR10parameters
                0x08004a10       0x4c ./Core/Src/Utils.o
                0x08004a10                x_cmd(parameters&)
 .text._Z5i_cmdR10parameters
                0x08004a5c       0x5c ./Core/Src/Utils.o
                0x08004a5c                i_cmd(parameters&)
 .text._Z9seton_cmdR10parameters
                0x08004ab8       0x48 ./Core/Src/Utils.o
                0x08004ab8                seton_cmd(parameters&)
 .text._Z10clroff_cmdR10parameters
                0x08004b00       0x48 ./Core/Src/Utils.o
                0x08004b00                clroff_cmd(parameters&)
 .text._Z13list_settingsPK18cli_menu_entry_set
                0x08004b48      0x1e4 ./Core/Src/Utils.o
                0x08004b48                list_settings(cli_menu_entry_set const*)
 .text._Z7menucmdR10parameters
                0x08004d2c       0x1c ./Core/Src/Utils.o
                0x08004d2c                menucmd(parameters&)
 .text._Z17edit_settings_cmdR10parameters
                0x08004d48       0x2c ./Core/Src/Utils.o
                0x08004d48                edit_settings_cmd(parameters&)
 .text._Z19set_one_wrapper_cmdR10parameters
                0x08004d74       0x20 ./Core/Src/Utils.o
                0x08004d74                set_one_wrapper_cmd(parameters&)
 .text._Z8null_cmdR10parameters
                0x08004d94       0x44 ./Core/Src/Utils.o
                0x08004d94                null_cmd(parameters&)
 .text._Z16set_defaults_cmdR10parameters
                0x08004dd8       0x1c ./Core/Src/Utils.o
                0x08004dd8                set_defaults_cmd(parameters&)
 .text._Z14check_commandsv
                0x08004df4       0x2c ./Core/Src/Utils.o
                0x08004df4                check_commands()
 .text._Z6st_cmdR10parameters
                0x08004e20       0x16 ./Core/Src/Utils.o
                0x08004e20                st_cmd(parameters&)
 .text._Z6sd_cmdR10parameters
                0x08004e36       0x16 ./Core/Src/Utils.o
                0x08004e36                sd_cmd(parameters&)
 .text._Z7rtc_cmdR10parameters
                0x08004e4c       0x16 ./Core/Src/Utils.o
                0x08004e4c                rtc_cmd(parameters&)
 .text._ZN14CircularBufferIhED2Ev
                0x08004e62       0x22 ./Core/Src/Utils.o
                0x08004e62                CircularBuffer<unsigned char>::~CircularBuffer()
                0x08004e62                CircularBuffer<unsigned char>::~CircularBuffer()
 .text._Z41__static_initialization_and_destruction_0v
                0x08004e84       0x50 ./Core/Src/Utils.o
 .text._Z41__static_initialization_and_destruction_1v
                0x08004ed4       0x1c ./Core/Src/Utils.o
 .text._GLOBAL__sub_I_ctrl
                0x08004ef0        0xa ./Core/Src/Utils.o
 .text._GLOBAL__sub_D_ctrl
                0x08004efa        0xa ./Core/Src/Utils.o
 .text.main     0x08004f04       0x36 ./Core/Src/main.o
                0x08004f04                main
 *fill*         0x08004f3a        0x2 
 .text.SystemClock_Config
                0x08004f3c       0xc8 ./Core/Src/main.o
                0x08004f3c                SystemClock_Config
 .text.MX_CAN1_Init
                0x08005004       0x6c ./Core/Src/main.o
 .text.MX_I2C1_Init
                0x08005070       0x80 ./Core/Src/main.o
 .text.MX_RTC_Init
                0x080050f0       0xb8 ./Core/Src/main.o
 .text.MX_SPI1_Init
                0x080051a8       0x7c ./Core/Src/main.o
 .text.MX_USART1_UART_Init
                0x08005224       0x60 ./Core/Src/main.o
 .text.MX_USART2_UART_Init
                0x08005284       0x68 ./Core/Src/main.o
 .text.MX_DMA_Init
                0x080052ec       0x8c ./Core/Src/main.o
 .text.MX_GPIO_Init
                0x08005378       0xc0 ./Core/Src/main.o
 .text.Error_Handler
                0x08005438        0xc ./Core/Src/main.o
                0x08005438                Error_Handler
 .text._Z6tickedv
                0x08005444       0x38 ./Core/Src/microsecs.o
                0x08005444                ticked()
 .text._ZN20my_microsecond_timer12read_systickEi
                0x0800547c       0x60 ./Core/Src/microsecs.o
                0x0800547c                my_microsecond_timer::read_systick(int)
 .text._ZN20my_microsecond_timer7restartEv
                0x080054dc       0x18 ./Core/Src/microsecs.o
                0x080054dc                my_microsecond_timer::restart()
 .text._ZN20my_microsecond_timer4readEv
                0x080054f4       0x70 ./Core/Src/microsecs.o
                0x080054f4                my_microsecond_timer::read()
 .text._ZNK17i2eeprom_settings8list_lenEv
                0x08005564       0x32 ./Core/Src/settings.o
                0x08005564                i2eeprom_settings::list_len() const
 *fill*         0x08005596        0x2 
 .text._ZN17i2eeprom_settings7set_oneER10parameters
                0x08005598       0xb0 ./Core/Src/settings.o
                0x08005598                i2eeprom_settings::set_one(parameters&)
 .text._ZN17i2eeprom_settings19find_word_in_stringEPKcS1_Rm
                0x08005648       0xa0 ./Core/Src/settings.o
                0x08005648                i2eeprom_settings::find_word_in_string(char const*, char const*, unsigned long&)
 .text._ZN17i2eeprom_settings13fcwi_set_listEPKcRm
                0x080056e8       0x5a ./Core/Src/settings.o
                0x080056e8                i2eeprom_settings::fcwi_set_list(char const*, unsigned long&)
 *fill*         0x08005742        0x2 
 .text._ZN17i2eeprom_settings4editER10parameters
                0x08005744      0x144 ./Core/Src/settings.o
                0x08005744                i2eeprom_settings::edit(parameters&)
 .text._ZN17i2eeprom_settings12set_defaultsEv
                0x08005888       0x82 ./Core/Src/settings.o
                0x08005888                i2eeprom_settings::set_defaults()
 .text._ZN17i2eeprom_settings5read1EPKcRlRf
                0x0800590a       0x54 ./Core/Src/settings.o
                0x0800590a                i2eeprom_settings::read1(char const*, long&, float&)
 .text._ZNK17i2eeprom_settings12write_eepromEmPKcm
                0x0800595e       0xe8 ./Core/Src/settings.o
                0x0800595e                i2eeprom_settings::write_eeprom(unsigned long, char const*, unsigned long) const
 .text._ZN17i2eeprom_settings4loadEv
                0x08005a46      0x10c ./Core/Src/settings.o
                0x08005a46                i2eeprom_settings::load()
 .text._ZNK17i2eeprom_settings4saveEv
                0x08005b52       0x2e ./Core/Src/settings.o
                0x08005b52                i2eeprom_settings::save() const
 .text.HAL_MspInit
                0x08005b80       0x48 ./Core/Src/stm32l4xx_hal_msp.o
                0x08005b80                HAL_MspInit
 .text.HAL_CAN_MspInit
                0x08005bc8       0xb8 ./Core/Src/stm32l4xx_hal_msp.o
                0x08005bc8                HAL_CAN_MspInit
 .text.HAL_I2C_MspInit
                0x08005c80       0xb0 ./Core/Src/stm32l4xx_hal_msp.o
                0x08005c80                HAL_I2C_MspInit
 .text.HAL_RTC_MspInit
                0x08005d30       0x60 ./Core/Src/stm32l4xx_hal_msp.o
                0x08005d30                HAL_RTC_MspInit
 .text.HAL_SPI_MspInit
                0x08005d90      0x14c ./Core/Src/stm32l4xx_hal_msp.o
                0x08005d90                HAL_SPI_MspInit
 .text.HAL_UART_MspInit
                0x08005edc      0x2e0 ./Core/Src/stm32l4xx_hal_msp.o
                0x08005edc                HAL_UART_MspInit
 .text.NMI_Handler
                0x080061bc        0x8 ./Core/Src/stm32l4xx_it.o
                0x080061bc                NMI_Handler
 .text.HardFault_Handler
                0x080061c4        0x8 ./Core/Src/stm32l4xx_it.o
                0x080061c4                HardFault_Handler
 .text.MemManage_Handler
                0x080061cc        0x8 ./Core/Src/stm32l4xx_it.o
                0x080061cc                MemManage_Handler
 .text.BusFault_Handler
                0x080061d4        0x8 ./Core/Src/stm32l4xx_it.o
                0x080061d4                BusFault_Handler
 .text.UsageFault_Handler
                0x080061dc        0x8 ./Core/Src/stm32l4xx_it.o
                0x080061dc                UsageFault_Handler
 .text.SVC_Handler
                0x080061e4        0xe ./Core/Src/stm32l4xx_it.o
                0x080061e4                SVC_Handler
 .text.DebugMon_Handler
                0x080061f2        0xe ./Core/Src/stm32l4xx_it.o
                0x080061f2                DebugMon_Handler
 .text.PendSV_Handler
                0x08006200        0xe ./Core/Src/stm32l4xx_it.o
                0x08006200                PendSV_Handler
 .text.SysTick_Handler
                0x0800620e        0xc ./Core/Src/stm32l4xx_it.o
                0x0800620e                SysTick_Handler
 *fill*         0x0800621a        0x2 
 .text.DMA1_Channel2_IRQHandler
                0x0800621c       0x14 ./Core/Src/stm32l4xx_it.o
                0x0800621c                DMA1_Channel2_IRQHandler
 .text.DMA1_Channel3_IRQHandler
                0x08006230       0x14 ./Core/Src/stm32l4xx_it.o
                0x08006230                DMA1_Channel3_IRQHandler
 .text.DMA1_Channel4_IRQHandler
                0x08006244       0x14 ./Core/Src/stm32l4xx_it.o
                0x08006244                DMA1_Channel4_IRQHandler
 .text.DMA1_Channel5_IRQHandler
                0x08006258       0x14 ./Core/Src/stm32l4xx_it.o
                0x08006258                DMA1_Channel5_IRQHandler
 .text.DMA1_Channel6_IRQHandler
                0x0800626c       0x14 ./Core/Src/stm32l4xx_it.o
                0x0800626c                DMA1_Channel6_IRQHandler
 .text.DMA1_Channel7_IRQHandler
                0x08006280       0x14 ./Core/Src/stm32l4xx_it.o
                0x08006280                DMA1_Channel7_IRQHandler
 .text.CAN1_TX_IRQHandler
                0x08006294       0x14 ./Core/Src/stm32l4xx_it.o
                0x08006294                CAN1_TX_IRQHandler
 .text.CAN1_RX0_IRQHandler
                0x080062a8       0x14 ./Core/Src/stm32l4xx_it.o
                0x080062a8                CAN1_RX0_IRQHandler
 .text.CAN1_RX1_IRQHandler
                0x080062bc       0x14 ./Core/Src/stm32l4xx_it.o
                0x080062bc                CAN1_RX1_IRQHandler
 .text.SPI1_IRQHandler
                0x080062d0       0x14 ./Core/Src/stm32l4xx_it.o
                0x080062d0                SPI1_IRQHandler
 .text.USART1_IRQHandler
                0x080062e4       0x14 ./Core/Src/stm32l4xx_it.o
                0x080062e4                USART1_IRQHandler
 .text.USART2_IRQHandler
                0x080062f8       0x14 ./Core/Src/stm32l4xx_it.o
                0x080062f8                USART2_IRQHandler
 .text._getpid  0x0800630c       0x10 ./Core/Src/syscalls.o
                0x0800630c                _getpid
 .text._kill    0x0800631c       0x20 ./Core/Src/syscalls.o
                0x0800631c                _kill
 .text._exit    0x0800633c       0x16 ./Core/Src/syscalls.o
                0x0800633c                _exit
 .text._read    0x08006352       0x3a ./Core/Src/syscalls.o
                0x08006352                _read
 .text._write   0x0800638c       0x38 ./Core/Src/syscalls.o
                0x0800638c                _write
 .text._close   0x080063c4       0x18 ./Core/Src/syscalls.o
                0x080063c4                _close
 .text._fstat   0x080063dc       0x20 ./Core/Src/syscalls.o
                0x080063dc                _fstat
 .text._isatty  0x080063fc       0x16 ./Core/Src/syscalls.o
                0x080063fc                _isatty
 .text._lseek   0x08006412       0x1a ./Core/Src/syscalls.o
                0x08006412                _lseek
 .text._sbrk    0x0800642c       0x6c ./Core/Src/sysmem.o
                0x0800642c                _sbrk
 .text.SystemInit
                0x08006498       0x24 ./Core/Src/system_stm32l4xx.o
                0x08006498                SystemInit
 .text.Reset_Handler
                0x080064bc       0x50 ./Core/Startup/startup_stm32l432kcux.o
                0x080064bc                Reset_Handler
 .text.Default_Handler
                0x0800650c        0x2 ./Core/Startup/startup_stm32l432kcux.o
                0x0800650c                RTC_Alarm_IRQHandler
                0x0800650c                EXTI2_IRQHandler
                0x0800650c                TIM1_CC_IRQHandler
                0x0800650c                TSC_IRQHandler
                0x0800650c                TAMP_STAMP_IRQHandler
                0x0800650c                EXTI3_IRQHandler
                0x0800650c                LPTIM2_IRQHandler
                0x0800650c                I2C3_ER_IRQHandler
                0x0800650c                EXTI0_IRQHandler
                0x0800650c                FPU_IRQHandler
                0x0800650c                TIM1_UP_TIM16_IRQHandler
                0x0800650c                TIM6_DAC_IRQHandler
                0x0800650c                DMA2_Channel2_IRQHandler
                0x0800650c                ADC1_IRQHandler
                0x0800650c                DMA2_Channel1_IRQHandler
                0x0800650c                QUADSPI_IRQHandler
                0x0800650c                I2C1_EV_IRQHandler
                0x0800650c                DMA2_Channel4_IRQHandler
                0x0800650c                RCC_IRQHandler
                0x0800650c                TIM1_TRG_COM_IRQHandler
                0x0800650c                DMA1_Channel1_IRQHandler
                0x0800650c                Default_Handler
                0x0800650c                DMA2_Channel7_IRQHandler
                0x0800650c                EXTI15_10_IRQHandler
                0x0800650c                TIM7_IRQHandler
                0x0800650c                I2C3_EV_IRQHandler
                0x0800650c                USB_IRQHandler
                0x0800650c                EXTI9_5_IRQHandler
                0x0800650c                RTC_WKUP_IRQHandler
                0x0800650c                PVD_PVM_IRQHandler
                0x0800650c                DMA2_Channel5_IRQHandler
                0x0800650c                CRS_IRQHandler
                0x0800650c                EXTI4_IRQHandler
                0x0800650c                RNG_IRQHandler
                0x0800650c                COMP_IRQHandler
                0x0800650c                WWDG_IRQHandler
                0x0800650c                LPUART1_IRQHandler
                0x0800650c                DMA2_Channel6_IRQHandler
                0x0800650c                TIM2_IRQHandler
                0x0800650c                EXTI1_IRQHandler
                0x0800650c                CAN1_SCE_IRQHandler
                0x0800650c                FLASH_IRQHandler
                0x0800650c                SPI3_IRQHandler
                0x0800650c                I2C1_ER_IRQHandler
                0x0800650c                SWPMI1_IRQHandler
                0x0800650c                LPTIM1_IRQHandler
                0x0800650c                SAI1_IRQHandler
                0x0800650c                DMA2_Channel3_IRQHandler
                0x0800650c                TIM1_BRK_TIM15_IRQHandler
 .text.HAL_Init
                0x0800650e       0x30 ./Drivers/STM32L4xx_HAL_Driver/Src/stm32l4xx_hal.o
                0x0800650e                HAL_Init
 *fill*         0x0800653e        0x2 
 .text.HAL_InitTick
                0x08006540       0x78 ./Drivers/STM32L4xx_HAL_Driver/Src/stm32l4xx_hal.o
                0x08006540                HAL_InitTick
 .text.HAL_IncTick
                0x080065b8       0x28 ./Drivers/STM32L4xx_HAL_Driver/Src/stm32l4xx_hal.o
                0x080065b8                HAL_IncTick
 .text.HAL_GetTick
                0x080065e0       0x18 ./Drivers/STM32L4xx_HAL_Driver/Src/stm32l4xx_hal.o
                0x080065e0                HAL_GetTick
 .text.HAL_Delay
                0x080065f8       0x48 ./Drivers/STM32L4xx_HAL_Driver/Src/stm32l4xx_hal.o
                0x080065f8                HAL_Delay
 .text.HAL_CAN_Init
                0x08006640      0x1f6 ./Drivers/STM32L4xx_HAL_Driver/Src/stm32l4xx_hal_can.o
                0x08006640                HAL_CAN_Init
 .text.HAL_CAN_ConfigFilter
                0x08006836      0x194 ./Drivers/STM32L4xx_HAL_Driver/Src/stm32l4xx_hal_can.o
                0x08006836                HAL_CAN_ConfigFilter
 .text.HAL_CAN_Start
                0x080069ca       0x88 ./Drivers/STM32L4xx_HAL_Driver/Src/stm32l4xx_hal_can.o
                0x080069ca                HAL_CAN_Start
 .text.HAL_CAN_AddTxMessage
                0x08006a52      0x1a0 ./Drivers/STM32L4xx_HAL_Driver/Src/stm32l4xx_hal_can.o
                0x08006a52                HAL_CAN_AddTxMessage
 .text.HAL_CAN_GetRxMessage
                0x08006bf2      0x244 ./Drivers/STM32L4xx_HAL_Driver/Src/stm32l4xx_hal_can.o
                0x08006bf2                HAL_CAN_GetRxMessage
 .text.HAL_CAN_ActivateNotification
                0x08006e36       0x4c ./Drivers/STM32L4xx_HAL_Driver/Src/stm32l4xx_hal_can.o
                0x08006e36                HAL_CAN_ActivateNotification
 .text.HAL_CAN_IRQHandler
                0x08006e82      0x36e ./Drivers/STM32L4xx_HAL_Driver/Src/stm32l4xx_hal_can.o
                0x08006e82                HAL_CAN_IRQHandler
 .text.HAL_CAN_TxMailbox0CompleteCallback
                0x080071f0       0x14 ./Drivers/STM32L4xx_HAL_Driver/Src/stm32l4xx_hal_can.o
                0x080071f0                HAL_CAN_TxMailbox0CompleteCallback
 .text.HAL_CAN_TxMailbox1CompleteCallback
                0x08007204       0x14 ./Drivers/STM32L4xx_HAL_Driver/Src/stm32l4xx_hal_can.o
                0x08007204                HAL_CAN_TxMailbox1CompleteCallback
 .text.HAL_CAN_TxMailbox2CompleteCallback
                0x08007218       0x14 ./Drivers/STM32L4xx_HAL_Driver/Src/stm32l4xx_hal_can.o
                0x08007218                HAL_CAN_TxMailbox2CompleteCallback
 .text.HAL_CAN_TxMailbox0AbortCallback
                0x0800722c       0x14 ./Drivers/STM32L4xx_HAL_Driver/Src/stm32l4xx_hal_can.o
                0x0800722c                HAL_CAN_TxMailbox0AbortCallback
 .text.HAL_CAN_TxMailbox1AbortCallback
                0x08007240       0x14 ./Drivers/STM32L4xx_HAL_Driver/Src/stm32l4xx_hal_can.o
                0x08007240                HAL_CAN_TxMailbox1AbortCallback
 .text.HAL_CAN_TxMailbox2AbortCallback
                0x08007254       0x14 ./Drivers/STM32L4xx_HAL_Driver/Src/stm32l4xx_hal_can.o
                0x08007254                HAL_CAN_TxMailbox2AbortCallback
 .text.HAL_CAN_SleepCallback
                0x08007268       0x14 ./Drivers/STM32L4xx_HAL_Driver/Src/stm32l4xx_hal_can.o
                0x08007268                HAL_CAN_SleepCallback
 .text.HAL_CAN_WakeUpFromRxMsgCallback
                0x0800727c       0x14 ./Drivers/STM32L4xx_HAL_Driver/Src/stm32l4xx_hal_can.o
                0x0800727c                HAL_CAN_WakeUpFromRxMsgCallback
 .text.HAL_CAN_ErrorCallback
                0x08007290       0x14 ./Drivers/STM32L4xx_HAL_Driver/Src/stm32l4xx_hal_can.o
                0x08007290                HAL_CAN_ErrorCallback
 .text.__NVIC_SetPriorityGrouping
                0x080072a4       0x48 ./Drivers/STM32L4xx_HAL_Driver/Src/stm32l4xx_hal_cortex.o
 .text.__NVIC_GetPriorityGrouping
                0x080072ec       0x1c ./Drivers/STM32L4xx_HAL_Driver/Src/stm32l4xx_hal_cortex.o
 .text.__NVIC_EnableIRQ
                0x08007308       0x3c ./Drivers/STM32L4xx_HAL_Driver/Src/stm32l4xx_hal_cortex.o
 .text.__NVIC_SetPriority
                0x08007344       0x54 ./Drivers/STM32L4xx_HAL_Driver/Src/stm32l4xx_hal_cortex.o
 .text.NVIC_EncodePriority
                0x08007398       0x66 ./Drivers/STM32L4xx_HAL_Driver/Src/stm32l4xx_hal_cortex.o
 *fill*         0x080073fe        0x2 
 .text.SysTick_Config
                0x08007400       0x44 ./Drivers/STM32L4xx_HAL_Driver/Src/stm32l4xx_hal_cortex.o
 .text.HAL_NVIC_SetPriorityGrouping
                0x08007444       0x16 ./Drivers/STM32L4xx_HAL_Driver/Src/stm32l4xx_hal_cortex.o
                0x08007444                HAL_NVIC_SetPriorityGrouping
 .text.HAL_NVIC_SetPriority
                0x0800745a       0x38 ./Drivers/STM32L4xx_HAL_Driver/Src/stm32l4xx_hal_cortex.o
                0x0800745a                HAL_NVIC_SetPriority
 .text.HAL_NVIC_EnableIRQ
                0x08007492       0x1c ./Drivers/STM32L4xx_HAL_Driver/Src/stm32l4xx_hal_cortex.o
                0x08007492                HAL_NVIC_EnableIRQ
 .text.HAL_SYSTICK_Config
                0x080074ae       0x18 ./Drivers/STM32L4xx_HAL_Driver/Src/stm32l4xx_hal_cortex.o
                0x080074ae                HAL_SYSTICK_Config
 *fill*         0x080074c6        0x2 
 .text.HAL_DMA_Init
                0x080074c8      0x170 ./Drivers/STM32L4xx_HAL_Driver/Src/stm32l4xx_hal_dma.o
                0x080074c8                HAL_DMA_Init
 .text.HAL_DMA_Start_IT
                0x08007638       0xc6 ./Drivers/STM32L4xx_HAL_Driver/Src/stm32l4xx_hal_dma.o
                0x08007638                HAL_DMA_Start_IT
 .text.HAL_DMA_Abort
                0x080076fe       0x82 ./Drivers/STM32L4xx_HAL_Driver/Src/stm32l4xx_hal_dma.o
                0x080076fe                HAL_DMA_Abort
 .text.HAL_DMA_Abort_IT
                0x08007780       0x82 ./Drivers/STM32L4xx_HAL_Driver/Src/stm32l4xx_hal_dma.o
                0x08007780                HAL_DMA_Abort_IT
 *fill*         0x08007802        0x2 
 .text.HAL_DMA_IRQHandler
                0x08007804      0x18c ./Drivers/STM32L4xx_HAL_Driver/Src/stm32l4xx_hal_dma.o
                0x08007804                HAL_DMA_IRQHandler
 .text.DMA_SetConfig
                0x08007990       0x60 ./Drivers/STM32L4xx_HAL_Driver/Src/stm32l4xx_hal_dma.o
 .text.HAL_GPIO_Init
                0x080079f0      0x2d4 ./Drivers/STM32L4xx_HAL_Driver/Src/stm32l4xx_hal_gpio.o
                0x080079f0                HAL_GPIO_Init
 .text.HAL_GPIO_WritePin
                0x08007cc4       0x30 ./Drivers/STM32L4xx_HAL_Driver/Src/stm32l4xx_hal_gpio.o
                0x08007cc4                HAL_GPIO_WritePin
 .text.HAL_GPIO_TogglePin
                0x08007cf4       0x34 ./Drivers/STM32L4xx_HAL_Driver/Src/stm32l4xx_hal_gpio.o
                0x08007cf4                HAL_GPIO_TogglePin
 .text.HAL_I2C_Init
                0x08007d28      0x136 ./Drivers/STM32L4xx_HAL_Driver/Src/stm32l4xx_hal_i2c.o
                0x08007d28                HAL_I2C_Init
 *fill*         0x08007e5e        0x2 
 .text.HAL_I2C_Master_Transmit
                0x08007e60      0x230 ./Drivers/STM32L4xx_HAL_Driver/Src/stm32l4xx_hal_i2c.o
                0x08007e60                HAL_I2C_Master_Transmit
 .text.HAL_I2C_Master_Receive
                0x08008090      0x1ec ./Drivers/STM32L4xx_HAL_Driver/Src/stm32l4xx_hal_i2c.o
                0x08008090                HAL_I2C_Master_Receive
 .text.I2C_Flush_TXDR
                0x0800827c       0x48 ./Drivers/STM32L4xx_HAL_Driver/Src/stm32l4xx_hal_i2c.o
 .text.I2C_WaitOnFlagUntilTimeout
                0x080082c4       0xb2 ./Drivers/STM32L4xx_HAL_Driver/Src/stm32l4xx_hal_i2c.o
 .text.I2C_WaitOnTXISFlagUntilTimeout
                0x08008376       0x8e ./Drivers/STM32L4xx_HAL_Driver/Src/stm32l4xx_hal_i2c.o
 .text.I2C_WaitOnSTOPFlagUntilTimeout
                0x08008404       0x86 ./Drivers/STM32L4xx_HAL_Driver/Src/stm32l4xx_hal_i2c.o
 *fill*         0x0800848a        0x2 
 .text.I2C_WaitOnRXNEFlagUntilTimeout
                0x0800848c      0x118 ./Drivers/STM32L4xx_HAL_Driver/Src/stm32l4xx_hal_i2c.o
 .text.I2C_IsErrorOccurred
                0x080085a4      0x1c0 ./Drivers/STM32L4xx_HAL_Driver/Src/stm32l4xx_hal_i2c.o
 .text.I2C_TransferConfig
                0x08008764       0x64 ./Drivers/STM32L4xx_HAL_Driver/Src/stm32l4xx_hal_i2c.o
 .text.HAL_I2CEx_ConfigAnalogFilter
                0x080087c8       0x96 ./Drivers/STM32L4xx_HAL_Driver/Src/stm32l4xx_hal_i2c_ex.o
                0x080087c8                HAL_I2CEx_ConfigAnalogFilter
 .text.HAL_I2CEx_ConfigDigitalFilter
                0x0800885e       0x98 ./Drivers/STM32L4xx_HAL_Driver/Src/stm32l4xx_hal_i2c_ex.o
                0x0800885e                HAL_I2CEx_ConfigDigitalFilter
 *fill*         0x080088f6        0x2 
 .text.HAL_PWR_EnableBkUpAccess
                0x080088f8       0x20 ./Drivers/STM32L4xx_HAL_Driver/Src/stm32l4xx_hal_pwr.o
                0x080088f8                HAL_PWR_EnableBkUpAccess
 .text.HAL_PWREx_GetVoltageRange
                0x08008918       0x1c ./Drivers/STM32L4xx_HAL_Driver/Src/stm32l4xx_hal_pwr_ex.o
                0x08008918                HAL_PWREx_GetVoltageRange
 .text.HAL_PWREx_ControlVoltageScaling
                0x08008934       0xac ./Drivers/STM32L4xx_HAL_Driver/Src/stm32l4xx_hal_pwr_ex.o
                0x08008934                HAL_PWREx_ControlVoltageScaling
 .text.HAL_RCC_OscConfig
                0x080089e0      0x828 ./Drivers/STM32L4xx_HAL_Driver/Src/stm32l4xx_hal_rcc.o
                0x080089e0                HAL_RCC_OscConfig
 .text.HAL_RCC_ClockConfig
                0x08009208      0x200 ./Drivers/STM32L4xx_HAL_Driver/Src/stm32l4xx_hal_rcc.o
                0x08009208                HAL_RCC_ClockConfig
 .text.HAL_RCC_GetSysClockFreq
                0x08009408      0x118 ./Drivers/STM32L4xx_HAL_Driver/Src/stm32l4xx_hal_rcc.o
                0x08009408                HAL_RCC_GetSysClockFreq
 .text.HAL_RCC_GetHCLKFreq
                0x08009520       0x18 ./Drivers/STM32L4xx_HAL_Driver/Src/stm32l4xx_hal_rcc.o
                0x08009520                HAL_RCC_GetHCLKFreq
 .text.HAL_RCC_GetPCLK1Freq
                0x08009538       0x2c ./Drivers/STM32L4xx_HAL_Driver/Src/stm32l4xx_hal_rcc.o
                0x08009538                HAL_RCC_GetPCLK1Freq
 .text.HAL_RCC_GetPCLK2Freq
                0x08009564       0x2c ./Drivers/STM32L4xx_HAL_Driver/Src/stm32l4xx_hal_rcc.o
                0x08009564                HAL_RCC_GetPCLK2Freq
 .text.RCC_SetFlashLatencyFromMSIRange
                0x08009590       0xc0 ./Drivers/STM32L4xx_HAL_Driver/Src/stm32l4xx_hal_rcc.o
 .text.HAL_RCCEx_PeriphCLKConfig
                0x08009650      0x3ec ./Drivers/STM32L4xx_HAL_Driver/Src/stm32l4xx_hal_rcc_ex.o
                0x08009650                HAL_RCCEx_PeriphCLKConfig
 .text.HAL_RCCEx_EnableMSIPLLMode
                0x08009a3c       0x20 ./Drivers/STM32L4xx_HAL_Driver/Src/stm32l4xx_hal_rcc_ex.o
                0x08009a3c                HAL_RCCEx_EnableMSIPLLMode
 .text.RCCEx_PLLSAI1_Config
                0x08009a5c      0x1e4 ./Drivers/STM32L4xx_HAL_Driver/Src/stm32l4xx_hal_rcc_ex.o
 .text.HAL_RTC_Init
                0x08009c40      0x110 ./Drivers/STM32L4xx_HAL_Driver/Src/stm32l4xx_hal_rtc.o
                0x08009c40                HAL_RTC_Init
 .text.HAL_RTC_SetTime
                0x08009d50      0x13a ./Drivers/STM32L4xx_HAL_Driver/Src/stm32l4xx_hal_rtc.o
                0x08009d50                HAL_RTC_SetTime
 .text.HAL_RTC_SetDate
                0x08009e8a      0x10e ./Drivers/STM32L4xx_HAL_Driver/Src/stm32l4xx_hal_rtc.o
                0x08009e8a                HAL_RTC_SetDate
 .text.HAL_RTC_WaitForSynchro
                0x08009f98       0x48 ./Drivers/STM32L4xx_HAL_Driver/Src/stm32l4xx_hal_rtc.o
                0x08009f98                HAL_RTC_WaitForSynchro
 .text.RTC_EnterInitMode
                0x08009fe0       0x66 ./Drivers/STM32L4xx_HAL_Driver/Src/stm32l4xx_hal_rtc.o
                0x08009fe0                RTC_EnterInitMode
 *fill*         0x0800a046        0x2 
 .text.RTC_ExitInitMode
                0x0800a048       0x7c ./Drivers/STM32L4xx_HAL_Driver/Src/stm32l4xx_hal_rtc.o
                0x0800a048                RTC_ExitInitMode
 .text.RTC_ByteToBcd2
                0x0800a0c4       0x40 ./Drivers/STM32L4xx_HAL_Driver/Src/stm32l4xx_hal_rtc.o
                0x0800a0c4                RTC_ByteToBcd2
 .text.HAL_SPI_Init
                0x0800a104      0x146 ./Drivers/STM32L4xx_HAL_Driver/Src/stm32l4xx_hal_spi.o
                0x0800a104                HAL_SPI_Init
 *fill*         0x0800a24a        0x2 
 .text.HAL_SPI_TransmitReceive_DMA
                0x0800a24c      0x30c ./Drivers/STM32L4xx_HAL_Driver/Src/stm32l4xx_hal_spi.o
                0x0800a24c                HAL_SPI_TransmitReceive_DMA
 .text.HAL_SPI_IRQHandler
                0x0800a558      0x200 ./Drivers/STM32L4xx_HAL_Driver/Src/stm32l4xx_hal_spi.o
                0x0800a558                HAL_SPI_IRQHandler
 .text.HAL_SPI_RxCpltCallback
                0x0800a758       0x14 ./Drivers/STM32L4xx_HAL_Driver/Src/stm32l4xx_hal_spi.o
                0x0800a758                HAL_SPI_RxCpltCallback
 .text.HAL_SPI_RxHalfCpltCallback
                0x0800a76c       0x14 ./Drivers/STM32L4xx_HAL_Driver/Src/stm32l4xx_hal_spi.o
                0x0800a76c                HAL_SPI_RxHalfCpltCallback
 .text.HAL_SPI_TxRxHalfCpltCallback
                0x0800a780       0x14 ./Drivers/STM32L4xx_HAL_Driver/Src/stm32l4xx_hal_spi.o
                0x0800a780                HAL_SPI_TxRxHalfCpltCallback
 .text.HAL_SPI_ErrorCallback
                0x0800a794       0x14 ./Drivers/STM32L4xx_HAL_Driver/Src/stm32l4xx_hal_spi.o
                0x0800a794                HAL_SPI_ErrorCallback
 .text.SPI_DMAReceiveCplt
                0x0800a7a8       0xa8 ./Drivers/STM32L4xx_HAL_Driver/Src/stm32l4xx_hal_spi.o
 .text.SPI_DMATransmitReceiveCplt
                0x0800a850       0x90 ./Drivers/STM32L4xx_HAL_Driver/Src/stm32l4xx_hal_spi.o
 .text.SPI_DMAHalfReceiveCplt
                0x0800a8e0       0x1c ./Drivers/STM32L4xx_HAL_Driver/Src/stm32l4xx_hal_spi.o
 .text.SPI_DMAHalfTransmitReceiveCplt
                0x0800a8fc       0x1c ./Drivers/STM32L4xx_HAL_Driver/Src/stm32l4xx_hal_spi.o
 .text.SPI_DMAError
                0x0800a918       0x40 ./Drivers/STM32L4xx_HAL_Driver/Src/stm32l4xx_hal_spi.o
 .text.SPI_DMAAbortOnError
                0x0800a958       0x2a ./Drivers/STM32L4xx_HAL_Driver/Src/stm32l4xx_hal_spi.o
 *fill*         0x0800a982        0x2 
 .text.SPI_WaitFlagStateUntilTimeout
                0x0800a984      0x110 ./Drivers/STM32L4xx_HAL_Driver/Src/stm32l4xx_hal_spi.o
 .text.SPI_WaitFifoStateUntilTimeout
                0x0800aa94      0x12c ./Drivers/STM32L4xx_HAL_Driver/Src/stm32l4xx_hal_spi.o
 .text.SPI_EndRxTransaction
                0x0800abc0       0xb0 ./Drivers/STM32L4xx_HAL_Driver/Src/stm32l4xx_hal_spi.o
 .text.SPI_EndRxTxTransaction
                0x0800ac70       0x8c ./Drivers/STM32L4xx_HAL_Driver/Src/stm32l4xx_hal_spi.o
 .text.HAL_UART_Init
                0x0800acfc       0x9c ./Drivers/STM32L4xx_HAL_Driver/Src/stm32l4xx_hal_uart.o
                0x0800acfc                HAL_UART_Init
 .text.HAL_UART_Transmit_DMA
                0x0800ad98       0xf8 ./Drivers/STM32L4xx_HAL_Driver/Src/stm32l4xx_hal_uart.o
                0x0800ad98                HAL_UART_Transmit_DMA
 .text.HAL_UART_Receive_DMA
                0x0800ae90       0x98 ./Drivers/STM32L4xx_HAL_Driver/Src/stm32l4xx_hal_uart.o
                0x0800ae90                HAL_UART_Receive_DMA
 .text.HAL_UART_IRQHandler
                0x0800af28      0x60c ./Drivers/STM32L4xx_HAL_Driver/Src/stm32l4xx_hal_uart.o
                0x0800af28                HAL_UART_IRQHandler
 .text.HAL_UART_TxHalfCpltCallback
                0x0800b534       0x14 ./Drivers/STM32L4xx_HAL_Driver/Src/stm32l4xx_hal_uart.o
                0x0800b534                HAL_UART_TxHalfCpltCallback
 .text.HAL_UART_RxHalfCpltCallback
                0x0800b548       0x14 ./Drivers/STM32L4xx_HAL_Driver/Src/stm32l4xx_hal_uart.o
                0x0800b548                HAL_UART_RxHalfCpltCallback
 .text.HAL_UARTEx_RxEventCallback
                0x0800b55c       0x18 ./Drivers/STM32L4xx_HAL_Driver/Src/stm32l4xx_hal_uart.o
                0x0800b55c                HAL_UARTEx_RxEventCallback
 .text.UART_SetConfig
                0x0800b574      0x458 ./Drivers/STM32L4xx_HAL_Driver/Src/stm32l4xx_hal_uart.o
                0x0800b574                UART_SetConfig
 .text.UART_AdvFeatureConfig
                0x0800b9cc      0x144 ./Drivers/STM32L4xx_HAL_Driver/Src/stm32l4xx_hal_uart.o
                0x0800b9cc                UART_AdvFeatureConfig
 .text.UART_CheckIdleState
                0x0800bb10      0x150 ./Drivers/STM32L4xx_HAL_Driver/Src/stm32l4xx_hal_uart.o
                0x0800bb10                UART_CheckIdleState
 .text.UART_WaitOnFlagUntilTimeout
                0x0800bc60       0xda ./Drivers/STM32L4xx_HAL_Driver/Src/stm32l4xx_hal_uart.o
                0x0800bc60                UART_WaitOnFlagUntilTimeout
 *fill*         0x0800bd3a        0x2 
 .text.UART_Start_Receive_DMA
                0x0800bd3c      0x140 ./Drivers/STM32L4xx_HAL_Driver/Src/stm32l4xx_hal_uart.o
                0x0800bd3c                UART_Start_Receive_DMA
 .text.UART_EndTxTransfer
                0x0800be7c       0x4c ./Drivers/STM32L4xx_HAL_Driver/Src/stm32l4xx_hal_uart.o
 .text.UART_EndRxTransfer
                0x0800bec8       0xc8 ./Drivers/STM32L4xx_HAL_Driver/Src/stm32l4xx_hal_uart.o
 .text.UART_DMATransmitCplt
                0x0800bf90       0x92 ./Drivers/STM32L4xx_HAL_Driver/Src/stm32l4xx_hal_uart.o
 .text.UART_DMATxHalfCplt
                0x0800c022       0x1c ./Drivers/STM32L4xx_HAL_Driver/Src/stm32l4xx_hal_uart.o
 .text.UART_DMAReceiveCplt
                0x0800c03e      0x152 ./Drivers/STM32L4xx_HAL_Driver/Src/stm32l4xx_hal_uart.o
 .text.UART_DMARxHalfCplt
                0x0800c190       0x72 ./Drivers/STM32L4xx_HAL_Driver/Src/stm32l4xx_hal_uart.o
 .text.UART_DMAError
                0x0800c202       0x6e ./Drivers/STM32L4xx_HAL_Driver/Src/stm32l4xx_hal_uart.o
 .text.UART_DMAAbortOnError
                0x0800c270       0x1c ./Drivers/STM32L4xx_HAL_Driver/Src/stm32l4xx_hal_uart.o
 .text.UART_EndTransmit_IT
                0x0800c28c       0x54 ./Drivers/STM32L4xx_HAL_Driver/Src/stm32l4xx_hal_uart.o
 .text.HAL_UARTEx_WakeupCallback
                0x0800c2e0       0x14 ./Drivers/STM32L4xx_HAL_Driver/Src/stm32l4xx_hal_uart_ex.o
                0x0800c2e0                HAL_UARTEx_WakeupCallback
 .text._ZdlPvj  0x0800c2f4        0x4 C:/ST/STM32CubeIDE_2.0.0/STM32CubeIDE/plugins/com.st.stm32cube.ide.mcu.externaltools.gnu-tools-for-stm32.13.3.rel1.win32_1.0.100.202509120712/tools/bin/../lib/gcc/arm-none-eabi/13.3.1/../../../../arm-none-eabi/lib/thumb/v7e-m+fp/hard\libstdc++_nano.a(del_ops.o)
                0x0800c2f4                operator delete(void*, unsigned int)
 .text._ZSt15get_new_handlerv
                0x0800c2f8       0x10 C:/ST/STM32CubeIDE_2.0.0/STM32CubeIDE/plugins/com.st.stm32cube.ide.mcu.externaltools.gnu-tools-for-stm32.13.3.rel1.win32_1.0.100.202509120712/tools/bin/../lib/gcc/arm-none-eabi/13.3.1/../../../../arm-none-eabi/lib/thumb/v7e-m+fp/hard\libstdc++_nano.a(new_handler.o)
                0x0800c2f8                std::get_new_handler()
 .text._ZnajRKSt9nothrow_t
                0x0800c308        0x4 C:/ST/STM32CubeIDE_2.0.0/STM32CubeIDE/plugins/com.st.stm32cube.ide.mcu.externaltools.gnu-tools-for-stm32.13.3.rel1.win32_1.0.100.202509120712/tools/bin/../lib/gcc/arm-none-eabi/13.3.1/../../../../arm-none-eabi/lib/thumb/v7e-m+fp/hard\libstdc++_nano.a(new_opvnt.o)
                0x0800c308                operator new[](unsigned int, std::nothrow_t const&)
 .text._ZdlPv   0x0800c30c        0x4 C:/ST/STM32CubeIDE_2.0.0/STM32CubeIDE/plugins/com.st.stm32cube.ide.mcu.externaltools.gnu-tools-for-stm32.13.3.rel1.win32_1.0.100.202509120712/tools/bin/../lib/gcc/arm-none-eabi/13.3.1/../../../../arm-none-eabi/lib/thumb/v7e-m+fp/hard\libstdc++_nano.a(del_op.o)
                0x0800c30c                operator delete(void*)
 .text._Znaj    0x0800c310        0x4 C:/ST/STM32CubeIDE_2.0.0/STM32CubeIDE/plugins/com.st.stm32cube.ide.mcu.externaltools.gnu-tools-for-stm32.13.3.rel1.win32_1.0.100.202509120712/tools/bin/../lib/gcc/arm-none-eabi/13.3.1/../../../../arm-none-eabi/lib/thumb/v7e-m+fp/hard\libstdc++_nano.a(new_opv.o)
                0x0800c310                operator new[](unsigned int)
 .text._Znwj    0x0800c314       0x22 C:/ST/STM32CubeIDE_2.0.0/STM32CubeIDE/plugins/com.st.stm32cube.ide.mcu.externaltools.gnu-tools-for-stm32.13.3.rel1.win32_1.0.100.202509120712/tools/bin/../lib/gcc/arm-none-eabi/13.3.1/../../../../arm-none-eabi/lib/thumb/v7e-m+fp/hard\libstdc++_nano.a(new_op.o)
                0x0800c314                operator new(unsigned int)
 .text.abort    0x0800c336        0xe C:/ST/STM32CubeIDE_2.0.0/STM32CubeIDE/plugins/com.st.stm32cube.ide.mcu.externaltools.gnu-tools-for-stm32.13.3.rel1.win32_1.0.100.202509120712/tools/bin/../lib/gcc/arm-none-eabi/13.3.1/../../../../arm-none-eabi/lib/thumb/v7e-m+fp/hard\libc_nano.a(libc_a-abort.o)
                0x0800c336                abort
 .text.malloc   0x0800c344       0x10 C:/ST/STM32CubeIDE_2.0.0/STM32CubeIDE/plugins/com.st.stm32cube.ide.mcu.externaltools.gnu-tools-for-stm32.13.3.rel1.win32_1.0.100.202509120712/tools/bin/../lib/gcc/arm-none-eabi/13.3.1/../../../../arm-none-eabi/lib/thumb/v7e-m+fp/hard\libc_nano.a(libc_a-malloc.o)
                0x0800c344                malloc
 .text.free     0x0800c354       0x10 C:/ST/STM32CubeIDE_2.0.0/STM32CubeIDE/plugins/com.st.stm32cube.ide.mcu.externaltools.gnu-tools-for-stm32.13.3.rel1.win32_1.0.100.202509120712/tools/bin/../lib/gcc/arm-none-eabi/13.3.1/../../../../arm-none-eabi/lib/thumb/v7e-m+fp/hard\libc_nano.a(libc_a-malloc.o)
                0x0800c354                free
 .text.sbrk_aligned
                0x0800c364       0x44 C:/ST/STM32CubeIDE_2.0.0/STM32CubeIDE/plugins/com.st.stm32cube.ide.mcu.externaltools.gnu-tools-for-stm32.13.3.rel1.win32_1.0.100.202509120712/tools/bin/../lib/gcc/arm-none-eabi/13.3.1/../../../../arm-none-eabi/lib/thumb/v7e-m+fp/hard\libc_nano.a(libc_a-mallocr.o)
 .text._malloc_r
                0x0800c3a8      0x100 C:/ST/STM32CubeIDE_2.0.0/STM32CubeIDE/plugins/com.st.stm32cube.ide.mcu.externaltools.gnu-tools-for-stm32.13.3.rel1.win32_1.0.100.202509120712/tools/bin/../lib/gcc/arm-none-eabi/13.3.1/../../../../arm-none-eabi/lib/thumb/v7e-m+fp/hard\libc_nano.a(libc_a-mallocr.o)
                0x0800c3a8                _malloc_r
 .text.__malloc_lock
                0x0800c4a8        0xc C:/ST/STM32CubeIDE_2.0.0/STM32CubeIDE/plugins/com.st.stm32cube.ide.mcu.externaltools.gnu-tools-for-stm32.13.3.rel1.win32_1.0.100.202509120712/tools/bin/../lib/gcc/arm-none-eabi/13.3.1/../../../../arm-none-eabi/lib/thumb/v7e-m+fp/hard\libc_nano.a(libc_a-mlock.o)
                0x0800c4a8                __malloc_lock
 .text.__malloc_unlock
                0x0800c4b4        0xc C:/ST/STM32CubeIDE_2.0.0/STM32CubeIDE/plugins/com.st.stm32cube.ide.mcu.externaltools.gnu-tools-for-stm32.13.3.rel1.win32_1.0.100.202509120712/tools/bin/../lib/gcc/arm-none-eabi/13.3.1/../../../../arm-none-eabi/lib/thumb/v7e-m+fp/hard\libc_nano.a(libc_a-mlock.o)
                0x0800c4b4                __malloc_unlock
 .text.sulp     0x0800c4c0       0x3c C:/ST/STM32CubeIDE_2.0.0/STM32CubeIDE/plugins/com.st.stm32cube.ide.mcu.externaltools.gnu-tools-for-stm32.13.3.rel1.win32_1.0.100.202509120712/tools/bin/../lib/gcc/arm-none-eabi/13.3.1/../../../../arm-none-eabi/lib/thumb/v7e-m+fp/hard\libc_nano.a(libc_a-strtod.o)
 *fill*         0x0800c4fc        0x4 
 .text._strtod_l
                0x0800c500      0xbc8 C:/ST/STM32CubeIDE_2.0.0/STM32CubeIDE/plugins/com.st.stm32cube.ide.mcu.externaltools.gnu-tools-for-stm32.13.3.rel1.win32_1.0.100.202509120712/tools/bin/../lib/gcc/arm-none-eabi/13.3.1/../../../../arm-none-eabi/lib/thumb/v7e-m+fp/hard\libc_nano.a(libc_a-strtod.o)
                0x0800c500                _strtod_l
 .text.strtof   0x0800d0c8       0xc8 C:/ST/STM32CubeIDE_2.0.0/STM32CubeIDE/plugins/com.st.stm32cube.ide.mcu.externaltools.gnu-tools-for-stm32.13.3.rel1.win32_1.0.100.202509120712/tools/bin/../lib/gcc/arm-none-eabi/13.3.1/../../../../arm-none-eabi/lib/thumb/v7e-m+fp/hard\libc_nano.a(libc_a-strtod.o)
                0x0800d0c8                strtof
 .text.isalpha  0x0800d190       0x10 C:/ST/STM32CubeIDE_2.0.0/STM32CubeIDE/plugins/com.st.stm32cube.ide.mcu.externaltools.gnu-tools-for-stm32.13.3.rel1.win32_1.0.100.202509120712/tools/bin/../lib/gcc/arm-none-eabi/13.3.1/../../../../arm-none-eabi/lib/thumb/v7e-m+fp/hard\libc_nano.a(libc_a-isalpha.o)
                0x0800d190                isalpha
 .text.isspace  0x0800d1a0       0x10 C:/ST/STM32CubeIDE_2.0.0/STM32CubeIDE/plugins/com.st.stm32cube.ide.mcu.externaltools.gnu-tools-for-stm32.13.3.rel1.win32_1.0.100.202509120712/tools/bin/../lib/gcc/arm-none-eabi/13.3.1/../../../../arm-none-eabi/lib/thumb/v7e-m+fp/hard\libc_nano.a(libc_a-isspace.o)
                0x0800d1a0                isspace
 .text.__cvt    0x0800d1b0       0xca C:/ST/STM32CubeIDE_2.0.0/STM32CubeIDE/plugins/com.st.stm32cube.ide.mcu.externaltools.gnu-tools-for-stm32.13.3.rel1.win32_1.0.100.202509120712/tools/bin/../lib/gcc/arm-none-eabi/13.3.1/../../../../arm-none-eabi/lib/thumb/v7e-m+fp/hard\libc_nano.a(libc_a-nano-vfprintf_float.o)
                0x0800d1b0                __cvt
 .text.__exponent
                0x0800d27a       0x74 C:/ST/STM32CubeIDE_2.0.0/STM32CubeIDE/plugins/com.st.stm32cube.ide.mcu.externaltools.gnu-tools-for-stm32.13.3.rel1.win32_1.0.100.202509120712/tools/bin/../lib/gcc/arm-none-eabi/13.3.1/../../../../arm-none-eabi/lib/thumb/v7e-m+fp/hard\libc_nano.a(libc_a-nano-vfprintf_float.o)
                0x0800d27a                __exponent
 *fill*         0x0800d2ee        0x2 
 .text._printf_float
                0x0800d2f0      0x454 C:/ST/STM32CubeIDE_2.0.0/STM32CubeIDE/plugins/com.st.stm32cube.ide.mcu.externaltools.gnu-tools-for-stm32.13.3.rel1.win32_1.0.100.202509120712/tools/bin/../lib/gcc/arm-none-eabi/13.3.1/../../../../arm-none-eabi/lib/thumb/v7e-m+fp/hard\libc_nano.a(libc_a-nano-vfprintf_float.o)
                0x0800d2f0                _printf_float
 .text._printf_common
                0x0800d744       0xda C:/ST/STM32CubeIDE_2.0.0/STM32CubeIDE/plugins/com.st.stm32cube.ide.mcu.externaltools.gnu-tools-for-stm32.13.3.rel1.win32_1.0.100.202509120712/tools/bin/../lib/gcc/arm-none-eabi/13.3.1/../../../../arm-none-eabi/lib/thumb/v7e-m+fp/hard\libc_nano.a(libc_a-nano-vfprintf_i.o)
                0x0800d744                _printf_common
 *fill*         0x0800d81e        0x2 
 .text._printf_i
                0x0800d820      0x23c C:/ST/STM32CubeIDE_2.0.0/STM32CubeIDE/plugins/com.st.stm32cube.ide.mcu.externaltools.gnu-tools-for-stm32.13.3.rel1.win32_1.0.100.202509120712/tools/bin/../lib/gcc/arm-none-eabi/13.3.1/../../../../arm-none-eabi/lib/thumb/v7e-m+fp/hard\libc_nano.a(libc_a-nano-vfprintf_i.o)
                0x0800d820                _printf_i
 .text.std      0x0800da5c       0x6c C:/ST/STM32CubeIDE_2.0.0/STM32CubeIDE/plugins/com.st.stm32cube.ide.mcu.externaltools.gnu-tools-for-stm32.13.3.rel1.win32_1.0.100.202509120712/tools/bin/../lib/gcc/arm-none-eabi/13.3.1/../../../../arm-none-eabi/lib/thumb/v7e-m+fp/hard\libc_nano.a(libc_a-findfp.o)
 .text.stdio_exit_handler
                0x0800dac8       0x18 C:/ST/STM32CubeIDE_2.0.0/STM32CubeIDE/plugins/com.st.stm32cube.ide.mcu.externaltools.gnu-tools-for-stm32.13.3.rel1.win32_1.0.100.202509120712/tools/bin/../lib/gcc/arm-none-eabi/13.3.1/../../../../arm-none-eabi/lib/thumb/v7e-m+fp/hard\libc_nano.a(libc_a-findfp.o)
 .text.cleanup_stdio
                0x0800dae0       0x40 C:/ST/STM32CubeIDE_2.0.0/STM32CubeIDE/plugins/com.st.stm32cube.ide.mcu.externaltools.gnu-tools-for-stm32.13.3.rel1.win32_1.0.100.202509120712/tools/bin/../lib/gcc/arm-none-eabi/13.3.1/../../../../arm-none-eabi/lib/thumb/v7e-m+fp/hard\libc_nano.a(libc_a-findfp.o)
 .text.global_stdio_init.part.0
                0x0800db20       0x3c C:/ST/STM32CubeIDE_2.0.0/STM32CubeIDE/plugins/com.st.stm32cube.ide.mcu.externaltools.gnu-tools-for-stm32.13.3.rel1.win32_1.0.100.202509120712/tools/bin/../lib/gcc/arm-none-eabi/13.3.1/../../../../arm-none-eabi/lib/thumb/v7e-m+fp/hard\libc_nano.a(libc_a-findfp.o)
 .text.__sfp_lock_acquire
                0x0800db5c        0xc C:/ST/STM32CubeIDE_2.0.0/STM32CubeIDE/plugins/com.st.stm32cube.ide.mcu.externaltools.gnu-tools-for-stm32.13.3.rel1.win32_1.0.100.202509120712/tools/bin/../lib/gcc/arm-none-eabi/13.3.1/../../../../arm-none-eabi/lib/thumb/v7e-m+fp/hard\libc_nano.a(libc_a-findfp.o)
                0x0800db5c                __sfp_lock_acquire
 .text.__sfp_lock_release
                0x0800db68        0xc C:/ST/STM32CubeIDE_2.0.0/STM32CubeIDE/plugins/com.st.stm32cube.ide.mcu.externaltools.gnu-tools-for-stm32.13.3.rel1.win32_1.0.100.202509120712/tools/bin/../lib/gcc/arm-none-eabi/13.3.1/../../../../arm-none-eabi/lib/thumb/v7e-m+fp/hard\libc_nano.a(libc_a-findfp.o)
                0x0800db68                __sfp_lock_release
 .text.__sinit  0x0800db74       0x30 C:/ST/STM32CubeIDE_2.0.0/STM32CubeIDE/plugins/com.st.stm32cube.ide.mcu.externaltools.gnu-tools-for-stm32.13.3.rel1.win32_1.0.100.202509120712/tools/bin/../lib/gcc/arm-none-eabi/13.3.1/../../../../arm-none-eabi/lib/thumb/v7e-m+fp/hard\libc_nano.a(libc_a-findfp.o)
                0x0800db74                __sinit
 .text._fwalk_sglue
                0x0800dba4       0x3c C:/ST/STM32CubeIDE_2.0.0/STM32CubeIDE/plugins/com.st.stm32cube.ide.mcu.externaltools.gnu-tools-for-stm32.13.3.rel1.win32_1.0.100.202509120712/tools/bin/../lib/gcc/arm-none-eabi/13.3.1/../../../../arm-none-eabi/lib/thumb/v7e-m+fp/hard\libc_nano.a(libc_a-fwalk.o)
                0x0800dba4                _fwalk_sglue
 .text.sprintf  0x0800dbe0       0x44 C:/ST/STM32CubeIDE_2.0.0/STM32CubeIDE/plugins/com.st.stm32cube.ide.mcu.externaltools.gnu-tools-for-stm32.13.3.rel1.win32_1.0.100.202509120712/tools/bin/../lib/gcc/arm-none-eabi/13.3.1/../../../../arm-none-eabi/lib/thumb/v7e-m+fp/hard\libc_nano.a(libc_a-sprintf.o)
                0x0800dbe0                siprintf
                0x0800dbe0                sprintf
 .text.__sread  0x0800dc24       0x22 C:/ST/STM32CubeIDE_2.0.0/STM32CubeIDE/plugins/com.st.stm32cube.ide.mcu.externaltools.gnu-tools-for-stm32.13.3.rel1.win32_1.0.100.202509120712/tools/bin/../lib/gcc/arm-none-eabi/13.3.1/../../../../arm-none-eabi/lib/thumb/v7e-m+fp/hard\libc_nano.a(libc_a-stdio.o)
                0x0800dc24                __sread
 .text.__swrite
                0x0800dc46       0x38 C:/ST/STM32CubeIDE_2.0.0/STM32CubeIDE/plugins/com.st.stm32cube.ide.mcu.externaltools.gnu-tools-for-stm32.13.3.rel1.win32_1.0.100.202509120712/tools/bin/../lib/gcc/arm-none-eabi/13.3.1/../../../../arm-none-eabi/lib/thumb/v7e-m+fp/hard\libc_nano.a(libc_a-stdio.o)
                0x0800dc46                __swrite
 .text.__sseek  0x0800dc7e       0x24 C:/ST/STM32CubeIDE_2.0.0/STM32CubeIDE/plugins/com.st.stm32cube.ide.mcu.externaltools.gnu-tools-for-stm32.13.3.rel1.win32_1.0.100.202509120712/tools/bin/../lib/gcc/arm-none-eabi/13.3.1/../../../../arm-none-eabi/lib/thumb/v7e-m+fp/hard\libc_nano.a(libc_a-stdio.o)
                0x0800dc7e                __sseek
 .text.__sclose
                0x0800dca2        0x8 C:/ST/STM32CubeIDE_2.0.0/STM32CubeIDE/plugins/com.st.stm32cube.ide.mcu.externaltools.gnu-tools-for-stm32.13.3.rel1.win32_1.0.100.202509120712/tools/bin/../lib/gcc/arm-none-eabi/13.3.1/../../../../arm-none-eabi/lib/thumb/v7e-m+fp/hard\libc_nano.a(libc_a-stdio.o)
                0x0800dca2                __sclose
 .text.memset   0x0800dcaa       0x10 C:/ST/STM32CubeIDE_2.0.0/STM32CubeIDE/plugins/com.st.stm32cube.ide.mcu.externaltools.gnu-tools-for-stm32.13.3.rel1.win32_1.0.100.202509120712/tools/bin/../lib/gcc/arm-none-eabi/13.3.1/../../../../arm-none-eabi/lib/thumb/v7e-m+fp/hard\libc_nano.a(libc_a-memset.o)
                0x0800dcaa                memset
 .text.strcat   0x0800dcba       0x1e C:/ST/STM32CubeIDE_2.0.0/STM32CubeIDE/plugins/com.st.stm32cube.ide.mcu.externaltools.gnu-tools-for-stm32.13.3.rel1.win32_1.0.100.202509120712/tools/bin/../lib/gcc/arm-none-eabi/13.3.1/../../../../arm-none-eabi/lib/thumb/v7e-m+fp/hard\libc_nano.a(libc_a-strcat.o)
                0x0800dcba                strcat
 .text.strncmp  0x0800dcd8       0x24 C:/ST/STM32CubeIDE_2.0.0/STM32CubeIDE/plugins/com.st.stm32cube.ide.mcu.externaltools.gnu-tools-for-stm32.13.3.rel1.win32_1.0.100.202509120712/tools/bin/../lib/gcc/arm-none-eabi/13.3.1/../../../../arm-none-eabi/lib/thumb/v7e-m+fp/hard\libc_nano.a(libc_a-strncmp.o)
                0x0800dcd8                strncmp
 .text._raise_r
                0x0800dcfc       0x50 C:/ST/STM32CubeIDE_2.0.0/STM32CubeIDE/plugins/com.st.stm32cube.ide.mcu.externaltools.gnu-tools-for-stm32.13.3.rel1.win32_1.0.100.202509120712/tools/bin/../lib/gcc/arm-none-eabi/13.3.1/../../../../arm-none-eabi/lib/thumb/v7e-m+fp/hard\libc_nano.a(libc_a-signal.o)
                0x0800dcfc                _raise_r
 .text.raise    0x0800dd4c       0x10 C:/ST/STM32CubeIDE_2.0.0/STM32CubeIDE/plugins/com.st.stm32cube.ide.mcu.externaltools.gnu-tools-for-stm32.13.3.rel1.win32_1.0.100.202509120712/tools/bin/../lib/gcc/arm-none-eabi/13.3.1/../../../../arm-none-eabi/lib/thumb/v7e-m+fp/hard\libc_nano.a(libc_a-signal.o)
                0x0800dd4c                raise
 .text._localeconv_r
                0x0800dd5c        0x8 C:/ST/STM32CubeIDE_2.0.0/STM32CubeIDE/plugins/com.st.stm32cube.ide.mcu.externaltools.gnu-tools-for-stm32.13.3.rel1.win32_1.0.100.202509120712/tools/bin/../lib/gcc/arm-none-eabi/13.3.1/../../../../arm-none-eabi/lib/thumb/v7e-m+fp/hard\libc_nano.a(libc_a-localeconv.o)
                0x0800dd5c                _localeconv_r
 .text._close_r
                0x0800dd64       0x20 C:/ST/STM32CubeIDE_2.0.0/STM32CubeIDE/plugins/com.st.stm32cube.ide.mcu.externaltools.gnu-tools-for-stm32.13.3.rel1.win32_1.0.100.202509120712/tools/bin/../lib/gcc/arm-none-eabi/13.3.1/../../../../arm-none-eabi/lib/thumb/v7e-m+fp/hard\libc_nano.a(libc_a-closer.o)
                0x0800dd64                _close_r
 .text._lseek_r
                0x0800dd84       0x24 C:/ST/STM32CubeIDE_2.0.0/STM32CubeIDE/plugins/com.st.stm32cube.ide.mcu.externaltools.gnu-tools-for-stm32.13.3.rel1.win32_1.0.100.202509120712/tools/bin/../lib/gcc/arm-none-eabi/13.3.1/../../../../arm-none-eabi/lib/thumb/v7e-m+fp/hard\libc_nano.a(libc_a-lseekr.o)
                0x0800dd84                _lseek_r
 .text._read_r  0x0800dda8       0x24 C:/ST/STM32CubeIDE_2.0.0/STM32CubeIDE/plugins/com.st.stm32cube.ide.mcu.externaltools.gnu-tools-for-stm32.13.3.rel1.win32_1.0.100.202509120712/tools/bin/../lib/gcc/arm-none-eabi/13.3.1/../../../../arm-none-eabi/lib/thumb/v7e-m+fp/hard\libc_nano.a(libc_a-readr.o)
                0x0800dda8                _read_r
 .text._kill_r  0x0800ddcc       0x24 C:/ST/STM32CubeIDE_2.0.0/STM32CubeIDE/plugins/com.st.stm32cube.ide.mcu.externaltools.gnu-tools-for-stm32.13.3.rel1.win32_1.0.100.202509120712/tools/bin/../lib/gcc/arm-none-eabi/13.3.1/../../../../arm-none-eabi/lib/thumb/v7e-m+fp/hard\libc_nano.a(libc_a-signalr.o)
                0x0800ddcc                _kill_r
 .text._getpid_r
                0x0800ddf0        0x4 C:/ST/STM32CubeIDE_2.0.0/STM32CubeIDE/plugins/com.st.stm32cube.ide.mcu.externaltools.gnu-tools-for-stm32.13.3.rel1.win32_1.0.100.202509120712/tools/bin/../lib/gcc/arm-none-eabi/13.3.1/../../../../arm-none-eabi/lib/thumb/v7e-m+fp/hard\libc_nano.a(libc_a-signalr.o)
                0x0800ddf0                _getpid_r
 .text._sbrk_r  0x0800ddf4       0x20 C:/ST/STM32CubeIDE_2.0.0/STM32CubeIDE/plugins/com.st.stm32cube.ide.mcu.externaltools.gnu-tools-for-stm32.13.3.rel1.win32_1.0.100.202509120712/tools/bin/../lib/gcc/arm-none-eabi/13.3.1/../../../../arm-none-eabi/lib/thumb/v7e-m+fp/hard\libc_nano.a(libc_a-sbrkr.o)
                0x0800ddf4                _sbrk_r
 .text._write_r
                0x0800de14       0x24 C:/ST/STM32CubeIDE_2.0.0/STM32CubeIDE/plugins/com.st.stm32cube.ide.mcu.externaltools.gnu-tools-for-stm32.13.3.rel1.win32_1.0.100.202509120712/tools/bin/../lib/gcc/arm-none-eabi/13.3.1/../../../../arm-none-eabi/lib/thumb/v7e-m+fp/hard\libc_nano.a(libc_a-writer.o)
                0x0800de14                _write_r
 .text.__errno  0x0800de38        0xc C:/ST/STM32CubeIDE_2.0.0/STM32CubeIDE/plugins/com.st.stm32cube.ide.mcu.externaltools.gnu-tools-for-stm32.13.3.rel1.win32_1.0.100.202509120712/tools/bin/../lib/gcc/arm-none-eabi/13.3.1/../../../../arm-none-eabi/lib/thumb/v7e-m+fp/hard\libc_nano.a(libc_a-errno.o)
                0x0800de38                __errno
 .text.__libc_init_array