../Core/Src/CAN_bus.cpp:89:6:bool send_can_msg(int, uint8_t*, int)	24	static
../Core/Src/CAN_bus.cpp:98:6:bool send_can_msg(int, int, uint8_t*, int)	24	static
../Core/Src/CAN_bus.cpp:119:6:bool can_echo()	4	static
../Core/Src/CAN_bus.cpp:154:6:bool can_reset_all()	16	static
../Core/Src/CAN_bus.cpp:214:6:void ce_show()	200	static
../Core/Src/CAN_bus.cpp:259:6:void can_filter_setup(int32_t)	16	static
../Core/Src/CAN_bus.cpp:267:6:void can_filter_setup()	48	static
../Core/Src/CAN_bus.cpp:395:6:void CAN_status_report()	176	static
../Core/Src/CAN_bus.cpp:447:6:bool do_can_stuff(int)	24	static
../Core/Src/CAN_bus.cpp:457:6:void search_canbus()	4	static
../Core/Src/CAN_bus.cpp:466:6:void HAL_CAN_RxFifo0FullCallback(CAN_HandleTypeDef*)	16	static
../Core/Src/CAN_bus.cpp:473:6:void HAL_CAN_RxFifo1FullCallback(CAN_HandleTypeDef*)	16	static
../Core/Src/CAN_bus.cpp:480:6:void HAL_CAN_RxFifo0MsgPendingCallback(CAN_HandleTypeDef*)	16	static
../Core/Src/CAN_bus.cpp:489:6:void HAL_CAN_RxFifo1MsgPendingCallback(CAN_HandleTypeDef*)	16	static
