../Core/Inc/microsecs.hpp:34:2:my_microsecond_timer::my_microsecond_timer()	16	static
../Core/Src/ForeverLoop.cpp:55:6:void do_even_halfsec_stuff()	8	static
../Core/Src/ForeverLoop.cpp:60:6:void do_odd_halfsec_stuff()	4	static
../Core/Src/ForeverLoop.cpp:66:6:void do_fastest_stuff()	8	static
../Core/Src/ForeverLoop.cpp:82:6:void do_forever_loop_rate_stuff()	8	static
../Core/Src/ForeverLoop.cpp:115:6:void one_ms_stuff()	8	static
../Core/Src/ForeverLoop.cpp:131:6:void do_slow_loop_rate_stuff()	8	static
../Core/Src/ForeverLoop.cpp:141:17:void ForeverLoop()	8	static
../Core/Src/ForeverLoop.cpp:167:1:void __static_initialization_and_destruction_0()	8	static
../Core/Src/ForeverLoop.cpp:167:1:cpp)	8	static
