../Core/Src/main.c:134:5:main	8	static
../Core/Src/main.c:214:6:SystemClock_Config	96	static
../Core/Src/main.c:277:13:MX_CAN1_Init	8	static
../Core/Src/main.c:347:13:MX_I2C1_Init	8	static
../Core/Src/main.c:395:13:MX_RTC_Init	32	static
../Core/Src/main.c:459:13:MX_SPI1_Init	8	static
../Core/Src/main.c:499:13:MX_USART1_UART_Init	8	static
../Core/Src/main.c:534:13:MX_USART2_UART_Init	8	static
../Core/Src/main.c:568:13:MX_DMA_Init	16	static
../Core/Src/main.c:601:13:MX_GPIO_Init	40	static
../Core/Src/main.c:644:6:Error_Handler	4	static,ignoring_inline_asm
