../Core/Inc/Serial.hpp:247:2:Serial::~Serial()	16	static
../Core/Inc/parameters.hpp:20:9:parameters::parameters()	16	static
../Core/Inc/CmdLine.hpp:52:4:CommandLineHandler::CommandLineHandler(const cli_menu_entry_set*)	16	static
../Core/Inc/settings.hpp:42:2:i2eeprom_settings::i2eeprom_settings(const cli_menu_entry_set*, I2C_HandleTypeDef&)	24	static
../Core/Src/Utils.cpp:134:6:bool can_report_cmd(parameters&)	16	static
../Core/Src/Utils.cpp:140:9:bool AT_cmd(parameters&)	24	static
../Core/Src/Utils.cpp:146:6:bool atb_cmd(parameters&)	192	static
../Core/Src/Utils.cpp:188:6:bool cnc_cmd(parameters&)	24	static
../Core/Src/Utils.cpp:198:9:bool x_cmd(parameters&)	200	static
../Core/Src/Utils.cpp:206:9:bool i_cmd(parameters&)	80	static
../Core/Src/Utils.cpp:215:9:bool seton_cmd(parameters&)	24	static
../Core/Src/Utils.cpp:225:9:bool clroff_cmd(parameters&)	24	static
../Core/Src/Utils.cpp:241:6:void list_settings(const cli_menu_entry_set*)	272	static
../Core/Src/Utils.cpp:280:9:bool menucmd(parameters&)	16	static
../Core/Src/Utils.cpp:286:6:bool edit_settings_cmd(parameters&)	24	static
../Core/Src/Utils.cpp:293:9:bool set_one_wrapper_cmd(parameters&)	16	static
../Core/Src/Utils.cpp:298:9:bool null_cmd(parameters&)	64	static
../Core/Src/Utils.cpp:305:9:bool set_defaults_cmd(parameters&)	16	static
../Core/Src/Utils.cpp:311:9:bool set_runmode_cmd(parameters&)	16	static
../Core/Src/Utils.cpp:317:6:void check_commands()	16	static
../Core/Src/Utils.cpp:334:6:bool adc_cmd(parameters&)	16	static
../Core/Src/Utils.cpp:362:6:bool st_cmd(parameters&)	16	static
../Core/Src/Utils.cpp:367:6:bool sd_cmd(parameters&)	16	static
../Core/Src/Utils.cpp:372:6:bool rtc_cmd(parameters&)	16	static
../Core/Inc/Serial.hpp:55:2:CircularBuffer<T>::~CircularBuffer() [with T = unsigned char]	16	static
../Core/Src/Utils.cpp:374:1:void __static_initialization_and_destruction_0()	8	static
../Core/Src/Utils.cpp:374:1:void __static_initialization_and_destruction_1()	8	static
../Core/Src/Utils.cpp:374:1:cpp)	8	static
../Core/Src/Utils.cpp:374:1:cpp)	8	static
