../Core/Inc/Serial.hpp:247:2:Serial::~Serial()	16	static
../Core/Inc/parameters.hpp:20:9:parameters::parameters()	16	static
../Core/Inc/CmdLine.hpp:52:4:CommandLineHandler::CommandLineHandler(const cli_menu_entry_set*, Serial*)	24	static
../Core/Inc/settings.hpp:42:2:i2eeprom_settings::i2eeprom_settings(const cli_menu_entry_set*, I2C_HandleTypeDef&)	24	static
../Core/Src/Utils.cpp:133:6:bool can_report_cmd(parameters&)	16	static
../Core/Src/Utils.cpp:139:9:bool AT_cmd(parameters&)	24	static
../Core/Src/Utils.cpp:145:6:bool atb_cmd(parameters&)	192	static
../Core/Src/Utils.cpp:187:6:bool cnc_cmd(parameters&)	24	static
../Core/Src/Utils.cpp:197:9:bool x_cmd(parameters&)	200	static
../Core/Src/Utils.cpp:205:9:bool i_cmd(parameters&)	80	static
../Core/Src/Utils.cpp:214:9:bool seton_cmd(parameters&)	24	static
../Core/Src/Utils.cpp:224:9:bool clroff_cmd(parameters&)	24	static
../Core/Src/Utils.cpp:240:6:void list_settings(const cli_menu_entry_set*)	272	static
../Core/Src/Utils.cpp:279:9:bool menucmd(parameters&)	16	static
../Core/Src/Utils.cpp:285:6:bool edit_settings_cmd(parameters&)	24	static
../Core/Src/Utils.cpp:292:9:bool set_one_wrapper_cmd(parameters&)	16	static
../Core/Src/Utils.cpp:297:9:bool null_cmd(parameters&)	64	static
../Core/Src/Utils.cpp:304:9:bool set_defaults_cmd(parameters&)	16	static
../Core/Src/Utils.cpp:310:9:bool set_runmode_cmd(parameters&)	16	static
../Core/Src/Utils.cpp:316:6:void check_commands()	16	static
../Core/Src/Utils.cpp:333:6:bool adc_cmd(parameters&)	16	static
../Core/Src/Utils.cpp:361:6:bool st_cmd(parameters&)	16	static
../Core/Src/Utils.cpp:366:6:bool sd_cmd(parameters&)	16	static
../Core/Src/Utils.cpp:371:6:bool rtc_cmd(parameters&)	16	static
../Core/Inc/Serial.hpp:55:2:CircularBuffer<T>::~CircularBuffer() [with T = unsigned char]	16	static
../Core/Src/Utils.cpp:373:1:void __static_initialization_and_destruction_0()	8	static
../Core/Src/Utils.cpp:373:1:void __static_initialization_and_destruction_1()	8	static
../Core/Src/Utils.cpp:373:1:cpp)	8	static
../Core/Src/Utils.cpp:373:1:cpp)	8	static
